../FileX/Target/fx_stm32_sd_driver_glue.c:31:5:fx_stm32_sd_init	0	static
../FileX/Target/fx_stm32_sd_driver_glue.c:55:5:fx_stm32_sd_deinit	0	static
../FileX/Target/fx_stm32_sd_driver_glue.c:82:5:fx_stm32_sd_get_status	8	static
../FileX/Target/fx_stm32_sd_driver_glue.c:110:5:fx_stm32_sd_read_blocks	8	static
../FileX/Target/fx_stm32_sd_driver_glue.c:139:5:fx_stm32_sd_write_blocks	8	static
../FileX/Target/fx_stm32_sd_driver_glue.c:165:6:HAL_SD_TxCpltCallback	0	static
../FileX/Target/fx_stm32_sd_driver_glue.c:184:6:HAL_SD_RxCpltCallback	0	static
