../Core/Src/airbrake_deploy.c:81:13:Deploy_Print	176	static
../Core/Src/airbrake_deploy.c:104:13:Print_Units_As_mm	16	static
../Core/Src/airbrake_deploy.c:147:16:MoveTowardTarget	8	static
../Core/Src/airbrake_deploy.c:124:9:Airbrake_Angle_To_Position_um	0	static
../Core/Src/airbrake_deploy.c:170:6:Airbrake_Deploy_Init	0	static
../Core/Src/airbrake_deploy.c:176:6:Airbrake_Start_Sequence	8	static
../Core/Src/airbrake_deploy.c:197:9:Airbrake_Is_Sequence_Active	0	static
../Core/Src/airbrake_deploy.c:202:6:Airbrake_Deploy_Task	24	static
