../Core/Src/encoder_app.c:72:16:ReadHallState	16	static
../Core/Src/encoder_app.c:110:6:Encoder_App_Init	8	static
../Core/Src/encoder_app.c:128:6:Encoder_Reset	0	static
../Core/Src/encoder_app.c:133:9:Encoder_GetCount	0	static
../Core/Src/encoder_app.c:138:9:Encoder_GetPosition_um	8	static
../Core/Src/encoder_app.c:143:6:Encoder_TimerPollCallback	8	static
../Core/Src/encoder_app.c:161:6:Encoder_App_Task	8	static
../Core/Src/encoder_app.c:192:6:Encoder_EXTI_Callback	0	static
../Core/Src/encoder_app.c:197:6:Encoder_EXTI_Rising_Callback	0	static
../Core/Src/encoder_app.c:202:6:Encoder_EXTI_Falling_Callback	0	static
../Core/Src/encoder_app.c:207:6:HAL_TIM_PeriodElapsedCallback	0	static
