../Core/Src/encoder_app.c:90:15:HallIndex	0	static
../Core/Src/encoder_app.c:82:16:ReadHallState	16	static
../Core/Src/encoder_app.c:66:13:Encoder_Print	272	static
../Core/Src/encoder_app.c:118:6:Encoder_App_Init	16	static
../Core/Src/encoder_app.c:136:6:Encoder_Reset	0	static
../Core/Src/encoder_app.c:141:9:Encoder_GetCount	0	static
../Core/Src/encoder_app.c:146:9:Encoder_GetPosition_um	8	static
../Core/Src/encoder_app.c:157:6:Encoder_App_Task	16	static
../Core/Src/encoder_app.c:202:6:Encoder_EXTI_Callback	0	static
