../Core/Src/encoder_homing.c:131:13:CurrentAvg_Reset	8	static
../Core/Src/encoder_homing.c:191:13:Homing_Print	176	static
../Core/Src/encoder_homing.c:208:13:EnterState	8	static
../Core/Src/encoder_homing.c:233:16:StallDetected	32	static
../Core/Src/encoder_homing.c:297:6:Encoder_Homing_Init	8	static
../Core/Src/encoder_homing.c:305:6:Encoder_Homing_Start	8	static
../Core/Src/encoder_homing.c:323:9:Encoder_Homing_Is_Active	0	static
../Core/Src/encoder_homing.c:328:9:Encoder_Homing_Get_Range_Units	0	static
../Core/Src/encoder_homing.c:333:6:Encoder_Homing_Task	16	static
