../Core/Src/esc_app.c:216:13:is_signed_integer	0	static
../Core/Src/esc_app.c:525:13:Upstream_EnableIrqRx	0	static
../Core/Src/esc_app.c:912:13:PWM_Set	0	static
../Core/Src/esc_app.c:280:13:Camera_SendSpiByte	16	static
../Core/Src/esc_app.c:351:13:Camera_ReadCurrent_mA	32	static
../Core/Src/esc_app.c:285:13:Camera_ForwardText.part.0	16	static
../Core/Src/esc_app.c:297:13:Camera_BeginPendingCommand.part.0	16	static
../Core/Src/esc_app.c:992:13:HandleCommand	88	static,ignoring_inline_asm
../Core/Src/esc_app.c:1231:13:ProcessConsoleByte	24	static
../Core/Src/esc_app.c:459:13:Upstream_ProcessByte	88	static
../Core/Src/esc_app.c:1268:6:ESC_App_SetPulseUs	0	static
../Core/Src/esc_app.c:1273:6:ESC_App_StopMotor	0	static
../Core/Src/esc_app.c:1278:6:ESC_App_SetPercent	0	static
../Core/Src/esc_app.c:1287:9:ESC_App_GetNeutralUs	0	static
../Core/Src/esc_app.c:1306:9:ESC_App_GetLatestSensorPacket	8	static,ignoring_inline_asm
../Core/Src/esc_app.c:1320:7:ESC_App_GetCamCurrent_mA	0	static
../Core/Src/esc_app.c:1325:10:ESC_App_GetBattVoltage_mV	0	static
../Core/Src/esc_app.c:1334:6:ESC_App_Init	8	static
../Core/Src/esc_app.c:1380:6:ESC_App_Task	232	static,ignoring_inline_asm
../Core/Src/esc_app.c:1468:6:ESC_App_Uart4IrqHandler	24	static
