../Core/Src/esc_app.c:210:13:is_signed_integer	0	static
../Core/Src/esc_app.c:465:13:Upstream_EnableIrqRx	0	static
../Core/Src/esc_app.c:850:13:PWM_Set	0	static
../Core/Src/esc_app.c:294:13:Camera_ReadCurrent_mA	32	static
../Core/Src/esc_app.c:274:13:Camera_SendSpiByte.isra	16	static
../Core/Src/esc_app.c:930:13:HandleCommand	88	static,ignoring_inline_asm
../Core/Src/esc_app.c:1116:13:ProcessConsoleByte	24	static
../Core/Src/esc_app.c:399:13:Upstream_ProcessByte	88	static
../Core/Src/esc_app.c:1153:6:ESC_App_SetPulseUs	0	static
../Core/Src/esc_app.c:1158:6:ESC_App_StopMotor	0	static
../Core/Src/esc_app.c:1163:6:ESC_App_SetPercent	0	static
../Core/Src/esc_app.c:1172:9:ESC_App_GetNeutralUs	0	static
../Core/Src/esc_app.c:1191:9:ESC_App_GetLatestSensorPacket	8	static,ignoring_inline_asm
../Core/Src/esc_app.c:1205:7:ESC_App_GetCamCurrent_mA	0	static
../Core/Src/esc_app.c:1210:10:ESC_App_GetBattVoltage_mV	0	static
../Core/Src/esc_app.c:1219:6:ESC_App_Init	8	static
../Core/Src/esc_app.c:1251:6:ESC_App_Task	224	static,ignoring_inline_asm
../Core/Src/esc_app.c:1333:6:ESC_App_Uart4IrqHandler	24	static
