../Core/Src/esc_telem.c:177:6:ESC_Telem_Init	0	static
../Core/Src/esc_telem.c:208:6:ESC_Telem_Uart5IrqHandler	24	static
../Core/Src/esc_telem.c:279:6:ESC_Telem_Task	8	static
../Core/Src/esc_telem.c:292:10:ESC_Telem_GetTemp_C	0	static
../Core/Src/esc_telem.c:293:10:ESC_Telem_GetVoltage_mV	0	static
../Core/Src/esc_telem.c:294:10:ESC_Telem_GetCurrent_mA	0	static
../Core/Src/esc_telem.c:295:10:ESC_Telem_GetConsumption_mAh	0	static
../Core/Src/esc_telem.c:296:10:ESC_Telem_GetERPM	0	static
../Core/Src/esc_telem.c:297:10:ESC_Telem_IsValid	0	static
../Core/Src/esc_telem.c:298:10:ESC_Telem_GetCRCErrors	0	static
../Core/Src/esc_telem.c:299:10:ESC_Telem_GetPacketsOk	0	static
