../Core/Src/esc_app.c:87:13:is_signed_integer	0	static
../Core/Src/esc_app.c:135:13:PWM_SetMicroseconds	0	static
../Core/Src/esc_app.c:143:13:ApplyOutput	0	static
../Core/Src/esc_app.c:56:13:App_Print	176	static
../Core/Src/esc_app.c:180:13:HoldPulse	24	static
../Core/Src/esc_app.c:306:13:ProcessConsoleByte	88	static
../Core/Src/esc_app.c:151:6:ESC_App_SetPulseUs	0	static
../Core/Src/esc_app.c:157:6:ESC_App_StopMotor	0	static
../Core/Src/esc_app.c:163:6:ESC_App_SetPercent	0	static
../Core/Src/esc_app.c:175:9:ESC_App_GetNeutralUs	0	static
../Core/Src/esc_app.c:339:6:ESC_App_Init	8	static
../Core/Src/esc_app.c:383:6:ESC_App_Task	8	static
../Core/Src/esc_app.c:411:6:HAL_UART_RxCpltCallback	8	static
