Archive member included to satisfy reference by file (symbol)

C:/ST/STM32CubeIDE_1.19.0/STM32CubeIDE/plugins/com.st.stm32cube.ide.mcu.externaltools.gnu-tools-for-stm32.13.3.rel1.win32_1.0.0.202411081344/tools/bin/../lib/gcc/arm-none-eabi/13.3.1/../../../../arm-none-eabi/lib/thumb/v8-m.main+fp/hard\libc_nano.a(libc_a-exit.o)
                              C:/ST/STM32CubeIDE_1.19.0/STM32CubeIDE/plugins/com.st.stm32cube.ide.mcu.externaltools.gnu-tools-for-stm32.13.3.rel1.win32_1.0.0.202411081344/tools/bin/../lib/gcc/arm-none-eabi/13.3.1/../../../../arm-none-eabi/lib/thumb/v8-m.main+fp/hard/crt0.o (exit)
C:/ST/STM32CubeIDE_1.19.0/STM32CubeIDE/plugins/com.st.stm32cube.ide.mcu.externaltools.gnu-tools-for-stm32.13.3.rel1.win32_1.0.0.202411081344/tools/bin/../lib/gcc/arm-none-eabi/13.3.1/../../../../arm-none-eabi/lib/thumb/v8-m.main+fp/hard\libc_nano.a(libc_a-strtol.o)
                              ./Core/Src/esc_app.o (strtol)
C:/ST/STM32CubeIDE_1.19.0/STM32CubeIDE/plugins/com.st.stm32cube.ide.mcu.externaltools.gnu-tools-for-stm32.13.3.rel1.win32_1.0.0.202411081344/tools/bin/../lib/gcc/arm-none-eabi/13.3.1/../../../../arm-none-eabi/lib/thumb/v8-m.main+fp/hard\libc_nano.a(libc_a-ctype_.o)
                              ./Core/Src/command_sequence.o (_ctype_)
C:/ST/STM32CubeIDE_1.19.0/STM32CubeIDE/plugins/com.st.stm32cube.ide.mcu.externaltools.gnu-tools-for-stm32.13.3.rel1.win32_1.0.0.202411081344/tools/bin/../lib/gcc/arm-none-eabi/13.3.1/../../../../arm-none-eabi/lib/thumb/v8-m.main+fp/hard\libc_nano.a(libc_a-findfp.o)
                              C:/ST/STM32CubeIDE_1.19.0/STM32CubeIDE/plugins/com.st.stm32cube.ide.mcu.externaltools.gnu-tools-for-stm32.13.3.rel1.win32_1.0.0.202411081344/tools/bin/../lib/gcc/arm-none-eabi/13.3.1/../../../../arm-none-eabi/lib/thumb/v8-m.main+fp/hard\libc_nano.a(libc_a-exit.o) (__stdio_exit_handler)
C:/ST/STM32CubeIDE_1.19.0/STM32CubeIDE/plugins/com.st.stm32cube.ide.mcu.externaltools.gnu-tools-for-stm32.13.3.rel1.win32_1.0.0.202411081344/tools/bin/../lib/gcc/arm-none-eabi/13.3.1/../../../../arm-none-eabi/lib/thumb/v8-m.main+fp/hard\libc_nano.a(libc_a-fwalk.o)
                              C:/ST/STM32CubeIDE_1.19.0/STM32CubeIDE/plugins/com.st.stm32cube.ide.mcu.externaltools.gnu-tools-for-stm32.13.3.rel1.win32_1.0.0.202411081344/tools/bin/../lib/gcc/arm-none-eabi/13.3.1/../../../../arm-none-eabi/lib/thumb/v8-m.main+fp/hard\libc_nano.a(libc_a-findfp.o) (_fwalk_sglue)
C:/ST/STM32CubeIDE_1.19.0/STM32CubeIDE/plugins/com.st.stm32cube.ide.mcu.externaltools.gnu-tools-for-stm32.13.3.rel1.win32_1.0.0.202411081344/tools/bin/../lib/gcc/arm-none-eabi/13.3.1/../../../../arm-none-eabi/lib/thumb/v8-m.main+fp/hard\libc_nano.a(libc_a-snprintf.o)
                              ./Core/Src/sd_logger.o (snprintf)
C:/ST/STM32CubeIDE_1.19.0/STM32CubeIDE/plugins/com.st.stm32cube.ide.mcu.externaltools.gnu-tools-for-stm32.13.3.rel1.win32_1.0.0.202411081344/tools/bin/../lib/gcc/arm-none-eabi/13.3.1/../../../../arm-none-eabi/lib/thumb/v8-m.main+fp/hard\libc_nano.a(libc_a-stdio.o)
                              C:/ST/STM32CubeIDE_1.19.0/STM32CubeIDE/plugins/com.st.stm32cube.ide.mcu.externaltools.gnu-tools-for-stm32.13.3.rel1.win32_1.0.0.202411081344/tools/bin/../lib/gcc/arm-none-eabi/13.3.1/../../../../arm-none-eabi/lib/thumb/v8-m.main+fp/hard\libc_nano.a(libc_a-findfp.o) (__sread)
C:/ST/STM32CubeIDE_1.19.0/STM32CubeIDE/plugins/com.st.stm32cube.ide.mcu.externaltools.gnu-tools-for-stm32.13.3.rel1.win32_1.0.0.202411081344/tools/bin/../lib/gcc/arm-none-eabi/13.3.1/../../../../arm-none-eabi/lib/thumb/v8-m.main+fp/hard\libc_nano.a(libc_a-vsnprintf.o)
                              ./Core/Src/airbrake_deploy.o (vsnprintf)
C:/ST/STM32CubeIDE_1.19.0/STM32CubeIDE/plugins/com.st.stm32cube.ide.mcu.externaltools.gnu-tools-for-stm32.13.3.rel1.win32_1.0.0.202411081344/tools/bin/../lib/gcc/arm-none-eabi/13.3.1/../../../../arm-none-eabi/lib/thumb/v8-m.main+fp/hard\libc_nano.a(libc_a-memmove.o)
                              ./Core/Src/esc_app.o (memmove)
C:/ST/STM32CubeIDE_1.19.0/STM32CubeIDE/plugins/com.st.stm32cube.ide.mcu.externaltools.gnu-tools-for-stm32.13.3.rel1.win32_1.0.0.202411081344/tools/bin/../lib/gcc/arm-none-eabi/13.3.1/../../../../arm-none-eabi/lib/thumb/v8-m.main+fp/hard\libc_nano.a(libc_a-memset.o)
                              C:/ST/STM32CubeIDE_1.19.0/STM32CubeIDE/plugins/com.st.stm32cube.ide.mcu.externaltools.gnu-tools-for-stm32.13.3.rel1.win32_1.0.0.202411081344/tools/bin/../lib/gcc/arm-none-eabi/13.3.1/../../../../arm-none-eabi/lib/thumb/v8-m.main+fp/hard/crt0.o (memset)
C:/ST/STM32CubeIDE_1.19.0/STM32CubeIDE/plugins/com.st.stm32cube.ide.mcu.externaltools.gnu-tools-for-stm32.13.3.rel1.win32_1.0.0.202411081344/tools/bin/../lib/gcc/arm-none-eabi/13.3.1/../../../../arm-none-eabi/lib/thumb/v8-m.main+fp/hard\libc_nano.a(libc_a-strncmp.o)
                              ./Core/Src/esc_app.o (strncmp)
[...]
Memory Configuration

Name             Origin             Length             Attributes
RAM              0x20000000         0x000a0000         xrw
FLASH            0x08000000         0x00200000         xr
*default*        0x00000000         0xffffffff

Linker script and memory map

LOAD C:/ST/STM32CubeIDE_1.19.0/STM32CubeIDE/plugins/com.st.stm32cube.ide.mcu.externaltools.gnu-tools-for-stm32.13.3.rel1.win32_1.0.0.202411081344/tools/bin/../lib/gcc/arm-none-eabi/13.3.1/thumb/v8-m.main+fp/hard/crti.o
LOAD C:/ST/STM32CubeIDE_1.19.0/STM32CubeIDE/plugins/com.st.stm32cube.ide.mcu.externaltools.gnu-tools-for-stm32.13.3.rel1.win32_1.0.0.202411081344/tools/bin/../lib/gcc/arm-none-eabi/13.3.1/thumb/v8-m.main+fp/hard/crtbegin.o
LOAD C:/ST/STM32CubeIDE_1.19.0/STM32CubeIDE/plugins/com.st.stm32cube.ide.mcu.externaltools.gnu-tools-for-stm32.13.3.rel1.win32_1.0.0.202411081344/tools/bin/../lib/gcc/arm-none-eabi/13.3.1/../../../../arm-none-eabi/lib/thumb/v8-m.main+fp/hard/crt0.o
LOAD ./Core/Src/airbrake_deploy.o
LOAD ./Core/Src/command_sequence.o
LOAD ./Core/Src/encoder_app.o
LOAD ./Core/Src/encoder_homing.o
LOAD ./Core/Src/esc_app.o
LOAD ./Core/Src/esc_telem.o
LOAD ./Core/Src/fatfs.o
LOAD ./Core/Src/gpio.o
LOAD ./Core/Src/icache.o
LOAD ./Core/Src/main.o
LOAD ./Core/Src/sd_logger.o
LOAD ./Core/Src/sdmmc.o
LOAD ./Core/Src/spi.o
LOAD ./Core/Src/stm32h5xx_hal_msp.o
LOAD ./Core/Src/stm32h5xx_it.o
LOAD ./Core/Src/syscalls.o
LOAD ./Core/Src/sysmem.o
LOAD ./Core/Src/system_stm32h5xx.o
LOAD ./Core/Src/tim.o
LOAD ./Core/Src/usart.o
LOAD ./Core/Startup/startup_stm32h562ritx.o
LOAD ./Drivers/STM32H5xx_HAL_Driver/Src/stm32h5xx_hal.o
LOAD ./Drivers/STM32H5xx_HAL_Driver/Src/stm32h5xx_hal_cortex.o
LOAD ./Drivers/STM32H5xx_HAL_Driver/Src/stm32h5xx_hal_dma.o
LOAD ./Drivers/STM32H5xx_HAL_Driver/Src/stm32h5xx_hal_dma_ex.o
LOAD ./Drivers/STM32H5xx_HAL_Driver/Src/stm32h5xx_hal_exti.o
LOAD ./Drivers/STM32H5xx_HAL_Driver/Src/stm32h5xx_hal_flash.o
LOAD ./Drivers/STM32H5xx_HAL_Driver/Src/stm32h5xx_hal_flash_ex.o
LOAD ./Drivers/STM32H5xx_HAL_Driver/Src/stm32h5xx_hal_gpio.o
LOAD ./Drivers/STM32H5xx_HAL_Driver/Src/stm32h5xx_hal_icache.o
LOAD ./Drivers/STM32H5xx_HAL_Driver/Src/stm32h5xx_hal_mmc.o
LOAD ./Drivers/STM32H5xx_HAL_Driver/Src/stm32h5xx_hal_mmc_ex.o
LOAD ./Drivers/STM32H5xx_HAL_Driver/Src/stm32h5xx_hal_pwr.o
LOAD ./Drivers/STM32H5xx_HAL_Driver/Src/stm32h5xx_hal_pwr_ex.o
LOAD ./Drivers/STM32H5xx_HAL_Driver/Src/stm32h5xx_hal_rcc.o
LOAD ./Drivers/STM32H5xx_HAL_Driver/Src/stm32h5xx_hal_rcc_ex.o
LOAD ./Drivers/STM32H5xx_HAL_Driver/Src/stm32h5xx_hal_sd.o
LOAD ./Drivers/STM32H5xx_HAL_Driver/Src/stm32h5xx_hal_sd_ex.o
LOAD ./Drivers/STM32H5xx_HAL_Driver/Src/stm32h5xx_hal_sdio.o
LOAD ./Drivers/STM32H5xx_HAL_Driver/Src/stm32h5xx_hal_spi.o
LOAD ./Drivers/STM32H5xx_HAL_Driver/Src/stm32h5xx_hal_spi_ex.o
LOAD ./Drivers/STM32H5xx_HAL_Driver/Src/stm32h5xx_hal_tim.o
LOAD ./Drivers/STM32H5xx_HAL_Driver/Src/stm32h5xx_hal_tim_ex.o
LOAD ./Drivers/STM32H5xx_HAL_Driver/Src/stm32h5xx_hal_uart.o
LOAD ./Drivers/STM32H5xx_HAL_Driver/Src/stm32h5xx_hal_uart_ex.o
LOAD ./Drivers/STM32H5xx_HAL_Driver/Src/stm32h5xx_ll_dlyb.o
LOAD ./Drivers/STM32H5xx_HAL_Driver/Src/stm32h5xx_ll_sdmmc.o
START GROUP
LOAD C:/ST/STM32CubeIDE_1.19.0/STM32CubeIDE/plugins/com.st.stm32cube.ide.mcu.externaltools.gnu-tools-for-stm32.13.3.rel1.win32_1.0.0.202411081344/tools/bin/../lib/gcc/arm-none-eabi/13.3.1/../../../../arm-none-eabi/lib/thumb/v8-m.main+fp/hard\libc_nano.a
LOAD C:/ST/STM32CubeIDE_1.19.0/STM32CubeIDE/plugins/com.st.stm32cube.ide.mcu.externaltools.gnu-tools-for-stm32.13.3.rel1.win32_1.0.0.202411081344/tools/bin/../lib/gcc/arm-none-eabi/13.3.1/../../../../arm-none-eabi/lib/thumb/v8-m.main+fp/hard\libm.a
END GROUP
START GROUP
LOAD C:/ST/STM32CubeIDE_1.19.0/STM32CubeIDE/plugins/com.st.stm32cube.ide.mcu.externaltools.gnu-tools-for-stm32.13.3.rel1.win32_1.0.0.202411081344/tools/bin/../lib/gcc/arm-none-eabi/13.3.1/thumb/v8-m.main+fp/hard\libgcc.a
LOAD C:/ST/STM32CubeIDE_1.19.0/STM32CubeIDE/plugins/com.st.stm32cube.ide.mcu.externaltools.gnu-tools-for-stm32.13.3.rel1.win32_1.0.0.202411081344/tools/bin/../lib/gcc/arm-none-eabi/13.3.1/../../../../arm-none-eabi/lib/thumb/v8-m.main+fp/hard\libc_nano.a
END GROUP
START GROUP
LOAD C:/ST/STM32CubeIDE_1.19.0/STM32CubeIDE/plugins/com.st.stm32cube.ide.mcu.externaltools.gnu-tools-for-stm32.13.3.rel1.win32_1.0.0.202411081344/tools/bin/../lib/gcc/arm-none-eabi/13.3.1/thumb/v8-m.main+fp/hard\libgcc.a
LOAD C:/ST/STM32CubeIDE_1.19.0/STM32CubeIDE/plugins/com.st.stm32cube.ide.mcu.externaltools.gnu-tools-for-stm32.13.3.rel1.win32_1.0.0.202411081344/tools/bin/../lib/gcc/arm-none-eabi/13.3.1/../../../../arm-none-eabi/lib/thumb/v8-m.main+fp/hard\libc_nano.a
LOAD C:/ST/STM32CubeIDE_1.19.0/STM32CubeIDE/plugins/com.st.stm32cube.ide.mcu.externaltools.gnu-tools-for-stm32.13.3.rel1.win32_1.0.0.202411081344/tools/bin/../lib/gcc/arm-none-eabi/13.3.1/../../../../arm-none-eabi/lib/thumb/v8-m.main+fp/hard\libnosys.a
END GROUP
START GROUP
LOAD C:/ST/STM32CubeIDE_1.19.0/STM32CubeIDE/plugins/com.st.stm32cube.ide.mcu.externaltools.gnu-tools-for-stm32.13.3.rel1.win32_1.0.0.202411081344/tools/bin/../lib/gcc/arm-none-eabi/13.3.1/thumb/v8-m.main+fp/hard\libgcc.a
LOAD C:/ST/STM32CubeIDE_1.19.0/STM32CubeIDE/plugins/com.st.stm32cube.ide.mcu.externaltools.gnu-tools-for-stm32.13.3.rel1.win32_1.0.0.202411081344/tools/bin/../lib/gcc/arm-none-eabi/13.3.1/../../../../arm-none-eabi/lib/thumb/v8-m.main+fp/hard\libc_nano.a
LOAD C:/ST/STM32CubeIDE_1.19.0/STM32CubeIDE/plugins/com.st.stm32cube.ide.mcu.externaltools.gnu-tools-for-stm32.13.3.rel1.win32_1.0.0.202411081344/tools/bin/../lib/gcc/arm-none-eabi/13.3.1/../../../../arm-none-eabi/lib/thumb/v8-m.main+fp/hard\libnosys.a
END GROUP
LOAD C:/ST/STM32CubeIDE_1.19.0/STM32CubeIDE/plugins/com.st.stm32cube.ide.mcu.externaltools.gnu-tools-for-stm32.13.3.rel1.win32_1.0.0.202411081344/tools/bin/../lib/gcc/arm-none-eabi/13.3.1/thumb/v8-m.main+fp/hard/crtend.o
LOAD C:/ST/STM32CubeIDE_1.19.0/STM32CubeIDE/plugins/com.st.stm32cube.ide.mcu.externaltools.gnu-tools-for-stm32.13.3.rel1.win32_1.0.0.202411081344/tools/bin/../lib/gcc/arm-none-eabi/13.3.1/thumb/v8-m.main+fp/hard/crtn.o
                0x200a0000                        _estack = (ORIGIN (RAM) + LENGTH (RAM))
                0x00000200                        _Min_Heap_Size = 0x200
                0x00000400                        _Min_Stack_Size = 0x400

.isr_vector     0x08000000      0x24c
                0x08000000                        . = ALIGN (0x4)
 *(.isr_vector)
 .isr_vector    0x08000000      0x24c ./Core/Startup/startup_stm32h562ritx.o
                0x08000000                g_pfnVectors
                0x0800024c                        . = ALIGN (0x4)

.text           0x0800024c     0xe158
                0x0800024c                        . = ALIGN (0x4)
 *(.text)
 .text          0x0800024c       0x40 C:/ST/STM32CubeIDE_1.19.0/STM32CubeIDE/plugins/com.st.stm32cube.ide.mcu.externaltools.gnu-tools-for-stm32.13.3.rel1.win32_1.0.0.202411081344/tools/bin/../lib/gcc/arm-none-eabi/13.3.1/thumb/v8-m.main+fp/hard/crtbegin.o
 .text          0x0800028c       0x14 C:/ST/STM32CubeIDE_1.19.0/STM32CubeIDE/plugins/com.st.stm32cube.ide.mcu.externaltools.gnu-tools-for-stm32.13.3.rel1.win32_1.0.0.202411081344/tools/bin/../lib/gcc/arm-none-eabi/13.3.1/../../../../arm-none-eabi/lib/thumb/v8-m.main+fp/hard\libc_nano.a(libc_a-strcmp.o)
                0x0800028c                strcmp
 .text          0x080002a0       0x10 C:/ST/STM32CubeIDE_1.19.0/STM32CubeIDE/plugins/com.st.stm32cube.ide.mcu.externaltools.gnu-tools-for-stm32.13.3.rel1.win32_1.0.0.202411081344/tools/bin/../lib/gcc/arm-none-eabi/13.3.1/../../../../arm-none-eabi/lib/thumb/v8-m.main+fp/hard\libc_nano.a(libc_a-strlen.o)
                0x080002a0                strlen
 .text          0x080002b0      0x378 C:/ST/STM32CubeIDE_1.19.0/STM32CubeIDE/plugins/com.st.stm32cube.ide.mcu.externaltools.gnu-tools-for-stm32.13.3.rel1.win32_1.0.0.202411081344/tools/bin/../lib/gcc/arm-none-eabi/13.3.1/thumb/v8-m.main+fp/hard\libgcc.a(_arm_addsubdf3.o)
                0x080002b0                __aeabi_drsub
                0x080002b8                __aeabi_dsub
                0x080002b8                __subdf3
                0x080002bc                __aeabi_dadd
                0x080002bc                __adddf3
                0x08000534                __floatunsidf
                0x08000534                __aeabi_ui2d
                0x08000554                __floatsidf
                0x08000554                __aeabi_i2d
                0x08000578                __aeabi_f2d
                0x08000578                __extendsfdf2
                0x080005bc                __floatundidf
                0x080005bc                __aeabi_ul2d
                0x080005cc                __floatdidf
                0x080005cc                __aeabi_l2d
 .text          0x08000628       0xa0 C:/ST/STM32CubeIDE_1.19.0/STM32CubeIDE/plugins/com.st.stm32cube.ide.mcu.externaltools.gnu-tools-for-stm32.13.3.rel1.win32_1.0.0.202411081344/tools/bin/../lib/gcc/arm-none-eabi/13.3.1/thumb/v8-m.main+fp/hard\libgcc.a(_aeabi_ldivmod.o)
                0x08000628                __aeabi_ldivmod
 .text          0x080006c8       0x30 C:/ST/STM32CubeIDE_1.19.0/STM32CubeIDE/plugins/com.st.stm32cube.ide.mcu.externaltools.gnu-tools-for-stm32.13.3.rel1.win32_1.0.0.202411081344/tools/bin/../lib/gcc/arm-none-eabi/13.3.1/thumb/v8-m.main+fp/hard\libgcc.a(_aeabi_uldivmod.o)
                0x080006c8                __aeabi_uldivmod
 .text          0x080006f8      0x348 C:/ST/STM32CubeIDE_1.19.0/STM32CubeIDE/plugins/com.st.stm32cube.ide.mcu.externaltools.gnu-tools-for-stm32.13.3.rel1.win32_1.0.0.202411081344/tools/bin/../lib/gcc/arm-none-eabi/13.3.1/thumb/v8-m.main+fp/hard\libgcc.a(_udivmoddi4.o)
                0x080006f8                __udivmoddi4
 .text          0x08000a40        0x4 C:/ST/STM32CubeIDE_1.19.0/STM32CubeIDE/plugins/com.st.stm32cube.ide.mcu.externaltools.gnu-tools-for-stm32.13.3.rel1.win32_1.0.0.202411081344/tools/bin/../lib/gcc/arm-none-eabi/13.3.1/thumb/v8-m.main+fp/hard\libgcc.a(_dvmd_tls.o)
                0x08000a40                __aeabi_idiv0
                0x08000a40                __aeabi_ldiv0
 *(.text*)
 .text.Deploy_Print
                0x08000a44       0x70 ./Core/Src/airbrake_deploy.o
 .text.abs_i32  0x08000ab4       0x1c ./Core/Src/airbrake_deploy.o
 .text.Print_Units_As_mm
                0x08000ad0       0x74 ./Core/Src/airbrake_deploy.o
 .text.Airbrake_Angle_To_Position_um
                0x08000b44       0xa4 ./Core/Src/airbrake_deploy.o
                0x08000b44                Airbrake_Angle_To_Position_um
 .text.MoveTowardTarget
                0x08000be8       0x50 ./Core/Src/airbrake_deploy.o
 .text.Airbrake_Deploy_Init
                0x08000c38       0x24 ./Core/Src/airbrake_deploy.o
                0x08000c38                Airbrake_Deploy_Init
 .text.Airbrake_Start_Sequence
                0x08000c5c       0xb4 ./Core/Src/airbrake_deploy.o
                0x08000c5c                Airbrake_Start_Sequence
 .text.Airbrake_Is_Sequence_Active
                0x08000d10       0x30 ./Core/Src/airbrake_deploy.o
                0x08000d10                Airbrake_Is_Sequence_Active
 .text.Airbrake_Deploy_Task
                0x08000d40      0x36c ./Core/Src/airbrake_deploy.o
                0x08000d40                Airbrake_Deploy_Task
 .text.Command_Sequence_Init
                0x080010ac       0x2c ./Core/Src/command_sequence.o
                0x080010ac                Command_Sequence_Init
 .text.Command_Sequence_Process_Char
                0x080010d8       0xa4 ./Core/Src/command_sequence.o
                0x080010d8                Command_Sequence_Process_Char
 .text.Command_Sequence_Check_Deploy_Trigger
                0x0800117c       0x18 ./Core/Src/command_sequence.o
                0x0800117c                Command_Sequence_Check_Deploy_Trigger
 .text.Command_Sequence_Clear_Deploy_Trigger
                0x08001194       0x18 ./Core/Src/command_sequence.o
                0x08001194                Command_Sequence_Clear_Deploy_Trigger
 .text.Command_Sequence_Check_Homing_Trigger
                0x080011ac       0x18 ./Core/Src/command_sequence.o
                0x080011ac                Command_Sequence_Check_Homing_Trigger
 .text.Command_Sequence_Clear_Homing_Trigger
                0x080011c4       0x18 ./Core/Src/command_sequence.o
                0x080011c4                Command_Sequence_Clear_Homing_Trigger
 .text.Encoder_Print
                0x080011dc       0x74 ./Core/Src/encoder_app.o
 .text.ReadHallState
                0x08001250       0x74 ./Core/Src/encoder_app.o
 .text.HallIndex
                0x080012c4       0x4c ./Core/Src/encoder_app.o
 .text.HallStepDelta
                0x08001310       0xa0 ./Core/Src/encoder_app.o
 .text.Encoder_App_Init
                0x080013b0       0x94 ./Core/Src/encoder_app.o
                0x080013b0                Encoder_App_Init
 .text.Encoder_Reset
                0x08001444       0x18 ./Core/Src/encoder_app.o
                0x08001444                Encoder_Reset
 .text.Encoder_GetPosition_um
                0x0800145c       0xa4 ./Core/Src/encoder_app.o
                0x0800145c                Encoder_GetPosition_um
 .text.Encoder_App_Task
                0x08001500      0x1b0 ./Core/Src/encoder_app.o
                0x08001500                Encoder_App_Task
 .text.Homing_Print
                0x080016b0       0x5c ./Core/Src/encoder_homing.o
 .text.abs_i32  0x0800170c       0x1c ./Core/Src/encoder_homing.o
 .text.Encoder_Homing_Init
                0x08001728       0x2c ./Core/Src/encoder_homing.o
                0x08001728                Encoder_Homing_Init
 .text.Encoder_Homing_Start
                0x08001754       0x44 ./Core/Src/encoder_homing.o
                0x08001754                Encoder_Homing_Start
 .text.Encoder_Homing_Is_Active
                0x08001798       0x30 ./Core/Src/encoder_homing.o
                0x08001798                Encoder_Homing_Is_Active
 .text.Encoder_Homing_Task
                0x080017c8      0x288 ./Core/Src/encoder_homing.o
                0x080017c8                Encoder_Homing_Task
 .text.StartUartRxITs
                0x08001a50       0x40 ./Core/Src/esc_app.o
 .text.App_Print
                0x08001a90       0x74 ./Core/Src/esc_app.o
 .text.clamp_i32
                0x08001b04       0x32 ./Core/Src/esc_app.o
 .text.map_i32  0x08001b36       0x38 ./Core/Src/esc_app.o
 *fill*         0x08001b6e        0x2 
 .text.is_signed_integer
                0x08001b70       0x74 ./Core/Src/esc_app.o
 .text.trim_whitespace
                0x08001be4       0x94 ./Core/Src/esc_app.o
 .text.strtoupper_inplace
                0x08001c78       0x50 ./Core/Src/esc_app.o
 .text.PWM_SetMicroseconds
                0x08001cc8       0x38 ./Core/Src/esc_app.o
 .text.ApplyOutput
                0x08001d00       0x18 ./Core/Src/esc_app.o
 .text.ESC_App_StopMotor
                0x08001d18       0x1c ./Core/Src/esc_app.o
                0x08001d18                ESC_App_StopMotor
 .text.ESC_App_SetPercent
                0x08001d34       0x6c ./Core/Src/esc_app.o
                0x08001d34                ESC_App_SetPercent
 .text.HoldPulse
                0x08001da0       0x80 ./Core/Src/esc_app.o
 .text.HandleCommand
                0x08001e20      0x2e0 ./Core/Src/esc_app.o
 .text.ProcessConsoleByte
                0x08002100       0x84 ./Core/Src/esc_app.o
 .text.ESC_App_Init
                0x08002184      0x12c ./Core/Src/esc_app.o
                0x08002184                ESC_App_Init
 .text.ESC_App_Task
                0x080022b0       0x60 ./Core/Src/esc_app.o
                0x080022b0                ESC_App_Task
 .text.HAL_UART_RxCpltCallback
                0x08002310       0xd0 ./Core/Src/esc_app.o
                0x08002310                HAL_UART_RxCpltCallback
 .text.CalcCRC  0x080023e0       0x3c ./Core/Src/esc_telem.o
 .text.DecodePacket
                0x0800241c       0xe0 ./Core/Src/esc_telem.o
 .text.ESC_Telem_RxCpltCallback
                0x080024fc       0x24 ./Core/Src/esc_telem.o
                0x080024fc                ESC_Telem_RxCpltCallback
 .text.ESC_Telem_Init
                0x08002520       0x44 ./Core/Src/esc_telem.o
                0x08002520                ESC_Telem_Init
 .text.ESC_Telem_Task
                0x08002564       0x28 ./Core/Src/esc_telem.o
                0x08002564                ESC_Telem_Task
 .text.ESC_Telem_GetTemp_C
                0x0800258c       0x18 ./Core/Src/esc_telem.o
                0x0800258c                ESC_Telem_GetTemp_C
 .text.ESC_Telem_GetVoltage_mV
                0x080025a4       0x18 ./Core/Src/esc_telem.o
                0x080025a4                ESC_Telem_GetVoltage_mV
 .text.ESC_Telem_GetCurrent_mA
                0x080025bc       0x18 ./Core/Src/esc_telem.o
                0x080025bc                ESC_Telem_GetCurrent_mA
 .text.ESC_Telem_GetConsumption_mAh
                0x080025d4       0x18 ./Core/Src/esc_telem.o
                0x080025d4                ESC_Telem_GetConsumption_mAh
 .text.ESC_Telem_GetERPM
                0x080025ec       0x18 ./Core/Src/esc_telem.o
                0x080025ec                ESC_Telem_GetERPM
 .text.MX_FATFS_Init
                0x08002604        0xe ./Core/Src/fatfs.o
                0x08002604                MX_FATFS_Init
 *fill*         0x08002612        0x2 
 .text.MX_GPIO_Init
                0x08002614       0xcc ./Core/Src/gpio.o
                0x08002614                MX_GPIO_Init
 .text.MX_ICACHE_Init
                0x080026e0       0x16 ./Core/Src/icache.o
                0x080026e0                MX_ICACHE_Init
 .text.main     0x080026f6       0x44 ./Core/Src/main.o
                0x080026f6                main
 *fill*         0x0800273a        0x2 
 .text.SystemClock_Config
                0x0800273c       0xe4 ./Core/Src/main.o
                0x0800273c                SystemClock_Config
 .text.Error_Handler
                0x08002820        0xc ./Core/Src/main.o
                0x08002820                Error_Handler
 .text.Logger_Print
                0x0800282c       0x74 ./Core/Src/sd_logger.o
 .text.SD_Logger_Init
                0x080028a0       0x28 ./Core/Src/sd_logger.o
                0x080028a0                SD_Logger_Init
 .text.SD_Logger_Start
                0x080028c8       0x40 ./Core/Src/sd_logger.o
                0x080028c8                SD_Logger_Start
 .text.SD_Logger_Task
                0x08002908       0xf8 ./Core/Src/sd_logger.o
                0x08002908                SD_Logger_Task
 .text.MX_SPI2_Init
                0x08002a00       0xac ./Core/Src/spi.o
                0x08002a00                MX_SPI2_Init
 .text.HAL_SPI_MspInit
                0x08002aac      0x17c ./Core/Src/spi.o
                0x08002aac                HAL_SPI_MspInit
 .text.HAL_MspInit
                0x08002c28        0xe ./Core/Src/stm32h5xx_hal_msp.o
                0x08002c28                HAL_MspInit
 .text.NMI_Handler
                0x08002c36        0x8 ./Core/Src/stm32h5xx_it.o
                0x08002c36                NMI_Handler
 .text.HardFault_Handler
                0x08002c3e        0x8 ./Core/Src/stm32h5xx_it.o
                0x08002c3e                HardFault_Handler
 .text.MemManage_Handler
                0x08002c46        0x8 ./Core/Src/stm32h5xx_it.o
                0x08002c46                MemManage_Handler
 .text.BusFault_Handler
                0x08002c4e        0x8 ./Core/Src/stm32h5xx_it.o
                0x08002c4e                BusFault_Handler
 .text.UsageFault_Handler
                0x08002c56        0x8 ./Core/Src/stm32h5xx_it.o
                0x08002c56                UsageFault_Handler
 .text.SVC_Handler
                0x08002c5e        0xe ./Core/Src/stm32h5xx_it.o
                0x08002c5e                SVC_Handler
 .text.DebugMon_Handler
                0x08002c6c        0xe ./Core/Src/stm32h5xx_it.o
                0x08002c6c                DebugMon_Handler
 .text.PendSV_Handler
                0x08002c7a        0xe ./Core/Src/stm32h5xx_it.o
                0x08002c7a                PendSV_Handler
 .text.SysTick_Handler
                0x08002c88        0xc ./Core/Src/stm32h5xx_it.o
                0x08002c88                SysTick_Handler
 .text.EXTI4_IRQHandler
                0x08002c94        0xe ./Core/Src/stm32h5xx_it.o
                0x08002c94                EXTI4_IRQHandler
 .text.EXTI6_IRQHandler
                0x08002ca2        0xe ./Core/Src/stm32h5xx_it.o
                0x08002ca2                EXTI6_IRQHandler
 .text.EXTI7_IRQHandler
                0x08002cb0        0xe ./Core/Src/stm32h5xx_it.o
                0x08002cb0                EXTI7_IRQHandler
 *fill*         0x08002cbe        0x2 
 .text.USART1_IRQHandler
                0x08002cc0       0x14 ./Core/Src/stm32h5xx_it.o
                0x08002cc0                USART1_IRQHandler
 .text.USART2_IRQHandler
                0x08002cd4       0x14 ./Core/Src/stm32h5xx_it.o
                0x08002cd4                USART2_IRQHandler
 .text.UART4_IRQHandler
                0x08002ce8       0x14 ./Core/Src/stm32h5xx_it.o
                0x08002ce8                UART4_IRQHandler
 .text.UART5_IRQHandler
                0x08002cfc       0x14 ./Core/Src/stm32h5xx_it.o
                0x08002cfc                UART5_IRQHandler
 .text._sbrk    0x08002d10       0x6c ./Core/Src/sysmem.o
                0x08002d10                _sbrk
 .text.SystemInit
                0x08002d7c       0xf8 ./Core/Src/system_stm32h5xx.o
                0x08002d7c                SystemInit
 .text.MX_TIM3_Init
                0x08002e74       0xf0 ./Core/Src/tim.o
                0x08002e74                MX_TIM3_Init
 .text.HAL_TIM_Base_MspInit
                0x08002f64       0x44 ./Core/Src/tim.o
                0x08002f64                HAL_TIM_Base_MspInit
 .text.HAL_TIM_MspPostInit
                0x08002fa8       0x74 ./Core/Src/tim.o
                0x08002fa8                HAL_TIM_MspPostInit
 .text.MX_UART4_Init
                0x0800301c       0x98 ./Core/Src/usart.o
                0x0800301c                MX_UART4_Init
 .text.MX_UART5_Init
                0x080030b4       0x98 ./Core/Src/usart.o
                0x080030b4                MX_UART5_Init
 .text.MX_USART1_UART_Init
                0x0800314c       0x98 ./Core/Src/usart.o
                0x0800314c                MX_USART1_UART_Init
 .text.MX_USART2_UART_Init
                0x080031e4       0x98 ./Core/Src/usart.o
                0x080031e4                MX_USART2_UART_Init
 .text.HAL_UART_MspInit
                0x0800327c      0x3e0 ./Core/Src/usart.o
                0x0800327c                HAL_UART_MspInit
 .text.Reset_Handler
                0x0800365c       0x50 ./Core/Startup/startup_stm32h562ritx.o
                0x0800365c                Reset_Handler
 .text.Default_Handler
                0x080036ac        0x2 ./Core/Startup/startup_stm32h562ritx.o
                0x080036ac                EXTI2_IRQHandler
                0x080036ac                TIM8_TRG_COM_IRQHandler
                0x080036ac                TIM8_CC_IRQHandler
                0x080036ac                EXTI5_IRQHandler
                0x080036ac                I3C1_ER_IRQHandler
                0x080036ac                UART8_IRQHandler
                0x080036ac                SPI4_IRQHandler
                0x080036ac                GPDMA2_Channel1_IRQHandler
                0x080036ac                FLASH_S_IRQHandler
                0x080036ac                EXTI13_IRQHandler
                0x080036ac                TIM1_CC_IRQHandler
                0x080036ac                GPDMA2_Channel3_IRQHandler
                0x080036ac                TAMP_IRQHandler
                0x080036ac                TIM6_IRQHandler
                0x080036ac                EXTI12_IRQHandler
                0x080036ac                CORDIC_IRQHandler
                0x080036ac                USB_DRD_FS_IRQHandler
                0x080036ac                EXTI3_IRQHandler
                0x080036ac                LPTIM4_IRQHandler
                0x080036ac                GPDMA1_Channel5_IRQHandler
                0x080036ac                EXTI8_IRQHandler
                0x080036ac                GPDMA2_Channel5_IRQHandler
                0x080036ac                LPTIM2_IRQHandler
                0x080036ac                I2C3_ER_IRQHandler
                0x080036ac                GPDMA2_Channel2_IRQHandler
                0x080036ac                USART10_IRQHandler
                0x080036ac                LPTIM3_IRQHandler
                0x080036ac                EXTI0_IRQHandler
                0x080036ac                I2C2_EV_IRQHandler
                0x080036ac                FPU_IRQHandler
                0x080036ac                GPDMA1_Channel3_IRQHandler
                0x080036ac                GPDMA1_Channel7_IRQHandler
                0x080036ac                FDCAN1_IT1_IRQHandler
                0x080036ac                RAMCFG_IRQHandler
                0x080036ac                DCACHE1_IRQHandler
                0x080036ac                SPI1_IRQHandler
                0x080036ac                OCTOSPI1_IRQHandler
                0x080036ac                GPDMA1_Channel2_IRQHandler
                0x080036ac                TIM8_UP_IRQHandler
                0x080036ac                RCC_S_IRQHandler
                0x080036ac                SAI2_IRQHandler
                0x080036ac                ADC1_IRQHandler
                0x080036ac                USART6_IRQHandler
                0x080036ac                EXTI15_IRQHandler
                0x080036ac                TIM17_IRQHandler
                0x080036ac                USART3_IRQHandler
                0x080036ac                RTC_IRQHandler
                0x080036ac                EXTI9_IRQHandler
                0x080036ac                LPTIM5_IRQHandler
                0x080036ac                TIM4_IRQHandler
                0x080036ac                I2C1_EV_IRQHandler
                0x080036ac                GPDMA1_Channel1_IRQHandler
                0x080036ac                TIM16_IRQHandler
                0x080036ac                SecureFault_Handler
                0x080036ac                TIM3_IRQHandler
                0x080036ac                RCC_IRQHandler
                0x080036ac                UART9_IRQHandler
                0x080036ac                TIM1_TRG_COM_IRQHandler
                0x080036ac                Default_Handler
                0x080036ac                FMAC_IRQHandler
                0x080036ac                CEC_IRQHandler
                0x080036ac                USART11_IRQHandler
                0x080036ac                TIM14_IRQHandler
                0x080036ac                TIM13_IRQHandler
                0x080036ac                GPDMA2_Channel4_IRQHandler
                0x080036ac                SPI5_IRQHandler
                0x080036ac                TIM12_IRQHandler
                0x080036ac                TIM7_IRQHandler
                0x080036ac                SDMMC1_IRQHandler
                0x080036ac                TIM5_IRQHandler
                0x080036ac                UCPD1_IRQHandler
                0x080036ac                GPDMA1_Channel0_IRQHandler
                0x080036ac                I3C1_EV_IRQHandler
                0x080036ac                TIM15_IRQHandler
                0x080036ac                PVD_AVD_IRQHandler
                0x080036ac                I2C3_EV_IRQHandler
                0x080036ac                ADC2_IRQHandler
                0x080036ac                SPI2_IRQHandler
                0x080036ac                EXTI14_IRQHandler
                0x080036ac                EXTI11_IRQHandler
                0x080036ac                CRS_IRQHandler
                0x080036ac                GPDMA2_Channel0_IRQHandler
                0x080036ac                RTC_S_IRQHandler
                0x080036ac                RNG_IRQHandler
                0x080036ac                GPDMA2_Channel6_IRQHandler
                0x080036ac                TIM1_UP_IRQHandler
                0x080036ac                UART12_IRQHandler
                0x080036ac                WWDG_IRQHandler
                0x080036ac                SPI6_IRQHandler
                0x080036ac                I2C4_EV_IRQHandler
                0x080036ac                IWDG_IRQHandler
                0x080036ac                LPUART1_IRQHandler
                0x080036ac                FDCAN1_IT0_IRQHandler
                0x080036ac                TIM2_IRQHandler
                0x080036ac                GPDMA1_Channel4_IRQHandler
                0x080036ac                TIM1_BRK_IRQHandler
                0x080036ac                EXTI1_IRQHandler
                0x080036ac                LPTIM6_IRQHandler
                0x080036ac                DAC1_IRQHandler
                0x080036ac                DTS_IRQHandler
                0x080036ac                UART7_IRQHandler
                0x080036ac                GTZC_IRQHandler
                0x080036ac                GPDMA1_Channel6_IRQHandler
                0x080036ac                GPDMA2_Channel7_IRQHandler
                0x080036ac                I2C2_ER_IRQHandler
                0x080036ac                TIM8_BRK_IRQHandler
                0x080036ac                FLASH_IRQHandler
                0x080036ac                EXTI10_IRQHandler
                0x080036ac                SPI3_IRQHandler
                0x080036ac                I2C1_ER_IRQHandler
                0x080036ac                FMC_IRQHandler
                0x080036ac                LPTIM1_IRQHandler
                0x080036ac                DCMI_PSSI_IRQHandler
                0x080036ac                I2C4_ER_IRQHandler
                0x080036ac                ICACHE_IRQHandler
                0x080036ac                SAI1_IRQHandler
                0x080036ac                HASH_IRQHandler
 *fill*         0x080036ae        0x2 
 .text.HAL_Init
                0x080036b0       0x50 ./Drivers/STM32H5xx_HAL_Driver/Src/stm32h5xx_hal.o
                0x080036b0                HAL_Init
 .text.HAL_InitTick
                0x08003700       0xec ./Drivers/STM32H5xx_HAL_Driver/Src/stm32h5xx_hal.o
                0x08003700                HAL_InitTick
 .text.HAL_IncTick
                0x080037ec       0x28 ./Drivers/STM32H5xx_HAL_Driver/Src/stm32h5xx_hal.o
                0x080037ec                HAL_IncTick
 .text.HAL_GetTick
                0x08003814       0x18 ./Drivers/STM32H5xx_HAL_Driver/Src/stm32h5xx_hal.o
                0x08003814                HAL_GetTick
 .text.HAL_Delay
                0x0800382c       0x48 ./Drivers/STM32H5xx_HAL_Driver/Src/stm32h5xx_hal.o
                0x0800382c                HAL_Delay
 .text.__NVIC_SetPriorityGrouping
                0x08003874       0x48 ./Drivers/STM32H5xx_HAL_Driver/Src/stm32h5xx_hal_cortex.o
 .text.__NVIC_GetPriorityGrouping
                0x080038bc       0x1c ./Drivers/STM32H5xx_HAL_Driver/Src/stm32h5xx_hal_cortex.o
 .text.__NVIC_EnableIRQ
                0x080038d8       0x3c ./Drivers/STM32H5xx_HAL_Driver/Src/stm32h5xx_hal_cortex.o
 .text.__NVIC_SetPriority
                0x08003914       0x54 ./Drivers/STM32H5xx_HAL_Driver/Src/stm32h5xx_hal_cortex.o
 .text.NVIC_EncodePriority
                0x08003968       0x66 ./Drivers/STM32H5xx_HAL_Driver/Src/stm32h5xx_hal_cortex.o
 .text.HAL_NVIC_SetPriorityGrouping
                0x080039ce       0x16 ./Drivers/STM32H5xx_HAL_Driver/Src/stm32h5xx_hal_cortex.o
                0x080039ce                HAL_NVIC_SetPriorityGrouping
 .text.HAL_NVIC_SetPriority
                0x080039e4       0x34 ./Drivers/STM32H5xx_HAL_Driver/Src/stm32h5xx_hal_cortex.o
                0x080039e4                HAL_NVIC_SetPriority
 .text.HAL_NVIC_EnableIRQ
                0x08003a18       0x1c ./Drivers/STM32H5xx_HAL_Driver/Src/stm32h5xx_hal_cortex.o
                0x08003a18                HAL_NVIC_EnableIRQ
 .text.HAL_SYSTICK_Config
                0x08003a34       0x44 ./Drivers/STM32H5xx_HAL_Driver/Src/stm32h5xx_hal_cortex.o
                0x08003a34                HAL_SYSTICK_Config
 .text.HAL_SYSTICK_CLKSourceConfig
                0x08003a78       0xb0 ./Drivers/STM32H5xx_HAL_Driver/Src/stm32h5xx_hal_cortex.o
                0x08003a78                HAL_SYSTICK_CLKSourceConfig
 .text.HAL_SYSTICK_GetCLKSourceConfig
                0x08003b28       0x6c ./Drivers/STM32H5xx_HAL_Driver/Src/stm32h5xx_hal_cortex.o
                0x08003b28                HAL_SYSTICK_GetCLKSourceConfig
 .text.HAL_DMA_Abort
                0x08003b94       0xf8 ./Drivers/STM32H5xx_HAL_Driver/Src/stm32h5xx_hal_dma.o
                0x08003b94                HAL_DMA_Abort
 .text.HAL_DMA_Abort_IT
                0x08003c8c       0x52 ./Drivers/STM32H5xx_HAL_Driver/Src/stm32h5xx_hal_dma.o
                0x08003c8c                HAL_DMA_Abort_IT
 *fill*         0x08003cde        0x2 
 .text.HAL_GPIO_Init
                0x08003ce0      0x2bc ./Drivers/STM32H5xx_HAL_Driver/Src/stm32h5xx_hal_gpio.o
                0x08003ce0                HAL_GPIO_Init
 .text.HAL_GPIO_ReadPin
                0x08003f9c       0x30 ./Drivers/STM32H5xx_HAL_Driver/Src/stm32h5xx_hal_gpio.o
                0x08003f9c                HAL_GPIO_ReadPin
 .text.HAL_GPIO_EXTI_IRQHandler
                0x08003fcc       0x4c ./Drivers/STM32H5xx_HAL_Driver/Src/stm32h5xx_hal_gpio.o
                0x08003fcc                HAL_GPIO_EXTI_IRQHandler
 .text.HAL_GPIO_EXTI_Rising_Callback
                0x08004018       0x16 ./Drivers/STM32H5xx_HAL_Driver/Src/stm32h5xx_hal_gpio.o
                0x08004018                HAL_GPIO_EXTI_Rising_Callback
 .text.HAL_GPIO_EXTI_Falling_Callback
                0x0800402e       0x16 ./Drivers/STM32H5xx_HAL_Driver/Src/stm32h5xx_hal_gpio.o
                0x0800402e                HAL_GPIO_EXTI_Falling_Callback
 .text.HAL_ICACHE_Enable
                0x08004044       0x20 ./Drivers/STM32H5xx_HAL_Driver/Src/stm32h5xx_hal_icache.o
                0x08004044                HAL_ICACHE_Enable
 .text.HAL_RCC_OscConfig
                0x08004064      0x870 ./Drivers/STM32H5xx_HAL_Driver/Src/stm32h5xx_hal_rcc.o
                0x08004064                HAL_RCC_OscConfig
 .text.HAL_RCC_ClockConfig
                0x080048d4      0x370 ./Drivers/STM32H5xx_HAL_Driver/Src/stm32h5xx_hal_rcc.o
                0x080048d4                HAL_RCC_ClockConfig
 .text.HAL_RCC_GetSysClockFreq
                0x08004c44      0x258 ./Drivers/STM32H5xx_HAL_Driver/Src/stm32h5xx_hal_rcc.o
                0x08004c44                HAL_RCC_GetSysClockFreq
 .text.HAL_RCC_GetHCLKFreq
                0x08004e9c       0x38 ./Drivers/STM32H5xx_HAL_Driver/Src/stm32h5xx_hal_rcc.o
                0x08004e9c                HAL_RCC_GetHCLKFreq
 .text.HAL_RCC_GetPCLK1Freq
                0x08004ed4       0x2c ./Drivers/STM32H5xx_HAL_Driver/Src/stm32h5xx_hal_rcc.o
                0x08004ed4                HAL_RCC_GetPCLK1Freq
 .text.HAL_RCC_GetPCLK2Freq
                0x08004f00       0x2c ./Drivers/STM32H5xx_HAL_Driver/Src/stm32h5xx_hal_rcc.o
                0x08004f00                HAL_RCC_GetPCLK2Freq
 .text.HAL_RCC_GetPCLK3Freq
                0x08004f2c       0x2c ./Drivers/STM32H5xx_HAL_Driver/Src/stm32h5xx_hal_rcc.o
                0x08004f2c                HAL_RCC_GetPCLK3Freq
 .text.HAL_RCCEx_PeriphCLKConfig
                0x08004f58     0x1e8c ./Drivers/STM32H5xx_HAL_Driver/Src/stm32h5xx_hal_rcc_ex.o
                0x08004f58                HAL_RCCEx_PeriphCLKConfig
 .text.HAL_RCCEx_GetPLL1ClockFreq
                0x08006de4      0x2d8 ./Drivers/STM32H5xx_HAL_Driver/Src/stm32h5xx_hal_rcc_ex.o
                0x08006de4                HAL_RCCEx_GetPLL1ClockFreq
 .text.HAL_RCCEx_GetPLL2ClockFreq
                0x080070bc      0x2d8 ./Drivers/STM32H5xx_HAL_Driver/Src/stm32h5xx_hal_rcc_ex.o
                0x080070bc                HAL_RCCEx_GetPLL2ClockFreq
 .text.HAL_RCCEx_GetPLL3ClockFreq
                0x08007394      0x2d8 ./Drivers/STM32H5xx_HAL_Driver/Src/stm32h5xx_hal_rcc_ex.o
                0x08007394                HAL_RCCEx_GetPLL3ClockFreq
 .text.HAL_RCCEx_GetPeriphCLKFreq
                0x0800766c     0x264c ./Drivers/STM32H5xx_HAL_Driver/Src/stm32h5xx_hal_rcc_ex.o
                0x0800766c                HAL_RCCEx_GetPeriphCLKFreq
 .text.RCCEx_PLL2_Config
                0x08009cb8      0x130 ./Drivers/STM32H5xx_HAL_Driver/Src/stm32h5xx_hal_rcc_ex.o
 .text.RCCEx_PLL3_Config
                0x08009de8      0x130 ./Drivers/STM32H5xx_HAL_Driver/Src/stm32h5xx_hal_rcc_ex.o
 .text.HAL_SPI_Init
                0x08009f18      0x2e0 ./Drivers/STM32H5xx_HAL_Driver/Src/stm32h5xx_hal_spi.o
                0x08009f18                HAL_SPI_Init
 .text.SPI_GetPacketSize
                0x0800a1f8       0x36 ./Drivers/STM32H5xx_HAL_Driver/Src/stm32h5xx_hal_spi.o
 .text.HAL_TIM_Base_Init
                0x0800a22e       0xae ./Drivers/STM32H5xx_HAL_Driver/Src/stm32h5xx_hal_tim.o
                0x0800a22e                HAL_TIM_Base_Init
 .text.HAL_TIM_PWM_Init
                0x0800a2dc       0xae ./Drivers/STM32H5xx_HAL_Driver/Src/stm32h5xx_hal_tim.o
                0x0800a2dc                HAL_TIM_PWM_Init
 .text.HAL_TIM_PWM_MspInit
                0x0800a38a       0x14 ./Drivers/STM32H5xx_HAL_Driver/Src/stm32h5xx_hal_tim.o
                0x0800a38a                HAL_TIM_PWM_MspInit
 *fill*         0x0800a39e        0x2 
 .text.HAL_TIM_PWM_Start
                0x0800a3a0      0x2c0 ./Drivers/STM32H5xx_HAL_Driver/Src/stm32h5xx_hal_tim.o
                0x0800a3a0                HAL_TIM_PWM_Start
 .text.HAL_TIM_PWM_ConfigChannel
                0x0800a660      0x228 ./Drivers/STM32H5xx_HAL_Driver/Src/stm32h5xx_hal_tim.o
                0x0800a660                HAL_TIM_PWM_ConfigChannel
 .text.HAL_TIM_ConfigClockSource
                0x0800a888      0x23c ./Drivers/STM32H5xx_HAL_Driver/Src/stm32h5xx_hal_tim.o
                0x0800a888                HAL_TIM_ConfigClockSource
 .text.TIM_Base_SetConfig
                0x0800aac4      0x254 ./Drivers/STM32H5xx_HAL_Driver/Src/stm32h5xx_hal_tim.o
                0x0800aac4                TIM_Base_SetConfig
 .text.TIM_OC1_SetConfig
                0x0800ad18      0x184 ./Drivers/STM32H5xx_HAL_Driver/Src/stm32h5xx_hal_tim.o
 .text.TIM_OC2_SetConfig
                0x0800ae9c      0x160 ./Drivers/STM32H5xx_HAL_Driver/Src/stm32h5xx_hal_tim.o
                0x0800ae9c                TIM_OC2_SetConfig
 .text.TIM_OC3_SetConfig
                0x0800affc      0x15c ./Drivers/STM32H5xx_HAL_Driver/Src/stm32h5xx_hal_tim.o
 .text.TIM_OC4_SetConfig
                0x0800b158      0x160 ./Drivers/STM32H5xx_HAL_Driver/Src/stm32h5xx_hal_tim.o
 .text.TIM_OC5_SetConfig
                0x0800b2b8      0x104 ./Drivers/STM32H5xx_HAL_Driver/Src/stm32h5xx_hal_tim.o
 .text.TIM_OC6_SetConfig
                0x0800b3bc      0x108 ./Drivers/STM32H5xx_HAL_Driver/Src/stm32h5xx_hal_tim.o
 .text.TIM_TI1_ConfigInputStage
                0x0800b4c4       0x5e ./Drivers/STM32H5xx_HAL_Driver/Src/stm32h5xx_hal_tim.o
 .text.TIM_TI2_ConfigInputStage
                0x0800b522       0x60 ./Drivers/STM32H5xx_HAL_Driver/Src/stm32h5xx_hal_tim.o
 .text.TIM_ITRx_SetConfig
                0x0800b582       0x3a ./Drivers/STM32H5xx_HAL_Driver/Src/stm32h5xx_hal_tim.o
 .text.TIM_ETR_SetConfig
                0x0800b5bc       0x40 ./Drivers/STM32H5xx_HAL_Driver/Src/stm32h5xx_hal_tim.o
                0x0800b5bc                TIM_ETR_SetConfig
 .text.TIM_CCxChannelCmd
                0x0800b5fc       0x4a ./Drivers/STM32H5xx_HAL_Driver/Src/stm32h5xx_hal_tim.o
                0x0800b5fc                TIM_CCxChannelCmd
 *fill*         0x0800b646        0x2 
 .text.HAL_TIMEx_MasterConfigSynchronization
                0x0800b648      0x1a0 ./Drivers/STM32H5xx_HAL_Driver/Src/stm32h5xx_hal_tim_ex.o
                0x0800b648                HAL_TIMEx_MasterConfigSynchronization
 .text.HAL_UART_Init
                0x0800b7e8       0xa0 ./Drivers/STM32H5xx_HAL_Driver/Src/stm32h5xx_hal_uart.o
                0x0800b7e8                HAL_UART_Init
 .text.HAL_UART_Transmit
                0x0800b888      0x13c ./Drivers/STM32H5xx_HAL_Driver/Src/stm32h5xx_hal_uart.o
                0x0800b888                HAL_UART_Transmit
 .text.HAL_UART_Receive_IT
                0x0800b9c4       0xc4 ./Drivers/STM32H5xx_HAL_Driver/Src/stm32h5xx_hal_uart.o
                0x0800b9c4                HAL_UART_Receive_IT
 .text.HAL_UART_IRQHandler
                0x0800ba88      0x5dc ./Drivers/STM32H5xx_HAL_Driver/Src/stm32h5xx_hal_uart.o
                0x0800ba88                HAL_UART_IRQHandler
 .text.HAL_UART_TxCpltCallback
                0x0800c064       0x14 ./Drivers/STM32H5xx_HAL_Driver/Src/stm32h5xx_hal_uart.o
                0x0800c064                HAL_UART_TxCpltCallback
 .text.HAL_UART_ErrorCallback
                0x0800c078       0x14 ./Drivers/STM32H5xx_HAL_Driver/Src/stm32h5xx_hal_uart.o
                0x0800c078                HAL_UART_ErrorCallback
 .text.HAL_UARTEx_RxEventCallback
                0x0800c08c       0x18 ./Drivers/STM32H5xx_HAL_Driver/Src/stm32h5xx_hal_uart.o
                0x0800c08c                HAL_UARTEx_RxEventCallback
 .text.UART_SetConfig
                0x0800c0a4      0x3dc ./Drivers/STM32H5xx_HAL_Driver/Src/stm32h5xx_hal_uart.o
                0x0800c0a4                UART_SetConfig
 .text.UART_AdvFeatureConfig
                0x0800c480      0x144 ./Drivers/STM32H5xx_HAL_Driver/Src/stm32h5xx_hal_uart.o
                0x0800c480                UART_AdvFeatureConfig
 .text.UART_CheckIdleState
                0x0800c5c4      0x154 ./Drivers/STM32H5xx_HAL_Driver/Src/stm32h5xx_hal_uart.o
                0x0800c5c4                UART_CheckIdleState
 .text.UART_WaitOnFlagUntilTimeout
                0x0800c718       0xda ./Drivers/STM32H5xx_HAL_Driver/Src/stm32h5xx_hal_uart.o
                0x0800c718                UART_WaitOnFlagUntilTimeout
 *fill*         0x0800c7f2        0x2 
 .text.UART_Start_Receive_IT
                0x0800c7f4      0x244 ./Drivers/STM32H5xx_HAL_Driver/Src/stm32h5xx_hal_uart.o
                0x0800c7f4                UART_Start_Receive_IT
 .text.UART_EndRxTransfer
                0x0800ca38       0xcc ./Drivers/STM32H5xx_HAL_Driver/Src/stm32h5xx_hal_uart.o
 .text.UART_DMAAbortOnError
                0x0800cb04       0x24 ./Drivers/STM32H5xx_HAL_Driver/Src/stm32h5xx_hal_uart.o
 .text.UART_EndTransmit_IT
                0x0800cb28       0x56 ./Drivers/STM32H5xx_HAL_Driver/Src/stm32h5xx_hal_uart.o
 *fill*         0x0800cb7e        0x2 
 .text.UART_RxISR_8BIT
                0x0800cb80      0x1c4 ./Drivers/STM32H5xx_HAL_Driver/Src/stm32h5xx_hal_uart.o
 .text.UART_RxISR_16BIT
                0x0800cd44      0x1c4 ./Drivers/STM32H5xx_HAL_Driver/Src/stm32h5xx_hal_uart.o
 .text.UART_RxISR_8BIT_FIFOEN
                0x0800cf08      0x370 ./Drivers/STM32H5xx_HAL_Driver/Src/stm32h5xx_hal_uart.o
 .text.UART_RxISR_16BIT_FIFOEN
                0x0800d278      0x378 ./Drivers/STM32H5xx_HAL_Driver/Src/stm32h5xx_hal_uart.o
 .text.HAL_UARTEx_WakeupCallback
                0x0800d5f0       0x14 ./Drivers/STM32H5xx_HAL_Driver/Src/stm32h5xx_hal_uart_ex.o
                0x0800d5f0                HAL_UARTEx_WakeupCallback
 .text.HAL_UARTEx_RxFifoFullCallback
                0x0800d604       0x14 ./Drivers/STM32H5xx_HAL_Driver/Src/stm32h5xx_hal_uart_ex.o
                0x0800d604                HAL_UARTEx_RxFifoFullCallback
 .text.HAL_UARTEx_TxFifoEmptyCallback
                0x0800d618       0x14 ./Drivers/STM32H5xx_HAL_Driver/Src/stm32h5xx_hal_uart_ex.o
                0x0800d618                HAL_UARTEx_TxFifoEmptyCallback
 .text.HAL_UARTEx_DisableFifoMode
                0x0800d62c       0x72 ./Drivers/STM32H5xx_HAL_Driver/Src/stm32h5xx_hal_uart_ex.o
                0x0800d62c                HAL_UARTEx_DisableFifoMode
 .text.HAL_UARTEx_SetTxFifoThreshold
                0x0800d69e       0x7c ./Drivers/STM32H5xx_HAL_Driver/Src/stm32h5xx_hal_uart_ex.o
                0x0800d69e                HAL_UARTEx_SetTxFifoThreshold
 .text.HAL_UARTEx_SetRxFifoThreshold
                0x0800d71a       0x7c ./Drivers/STM32H5xx_HAL_Driver/Src/stm32h5xx_hal_uart_ex.o
                0x0800d71a                HAL_UARTEx_SetRxFifoThreshold
 *fill*         0x0800d796        0x2 
 .text.UARTEx_SetNbDataToProcess
                0x0800d798       0x9c ./Drivers/STM32H5xx_HAL_Driver/Src/stm32h5xx_hal_uart_ex.o
 .text._strtol_l.isra.0
                0x0800d834       0xf4 C:/ST/STM32CubeIDE_1.19.0/STM32CubeIDE/plugins/com.st.stm32cube.ide.mcu.externaltools.gnu-tools-for-stm32.13.3.rel1.win32_1.0.0.202411081344/tools/bin/../lib/gcc/arm-none-eabi/13.3.1/../../../../arm-none-eabi/lib/thumb/v8-m.main+fp/hard\libc_nano.a(libc_a-strtol.o)
 .text.strtol   0x0800d928       0x14 C:/ST/STM32CubeIDE_1.19.0/STM32CubeIDE/plugins/com.st.stm32cube.ide.mcu.externaltools.gnu-tools-for-stm32.13.3.rel1.win32_1.0.0.202411081344/tools/bin/../lib/gcc/arm-none-eabi/13.3.1/../../../../arm-none-eabi/lib/thumb/v8-m.main+fp/hard\libc_nano.a(libc_a-strtol.o)
                0x0800d928                strtol
 .text.snprintf
                0x0800d93c       0x6c C:/ST/STM32CubeIDE_1.19.0/STM32CubeIDE/plugins/com.st.stm32cube.ide.mcu.externaltools.gnu-tools-for-stm32.13.3.rel1.win32_1.0.0.202411081344/tools/bin/../lib/gcc/arm-none-eabi/13.3.1/../../../../arm-none-eabi/lib/thumb/v8-m.main+fp/hard\libc_nano.a(libc_a-snprintf.o)
                0x0800d93c                sniprintf
                0x0800d93c                snprintf
 .text._vsnprintf_r
                0x0800d9a8       0x5c C:/ST/STM32CubeIDE_1.19.0/STM32CubeIDE/plugins/com.st.stm32cube.ide.mcu.externaltools.gnu-tools-for-stm32.13.3.rel1.win32_1.0.0.202411081344/tools/bin/../lib/gcc/arm-none-eabi/13.3.1/../../../../arm-none-eabi/lib/thumb/v8-m.main+fp/hard\libc_nano.a(libc_a-vsnprintf.o)
                0x0800d9a8                _vsniprintf_r
                0x0800d9a8                _vsnprintf_r
 .text.vsnprintf
                0x0800da04       0x1c C:/ST/STM32CubeIDE_1.19.0/STM32CubeIDE/plugins/com.st.stm32cube.ide.mcu.externaltools.gnu-tools-for-stm32.13.3.rel1.win32_1.0.0.202411081344/tools/bin/../lib/gcc/arm-none-eabi/13.3.1/../../../../arm-none-eabi/lib/thumb/v8-m.main+fp/hard\libc_nano.a(libc_a-vsnprintf.o)
                0x0800da04                vsniprintf
                0x0800da04                vsnprintf
 .text.memmove  0x0800da20       0x34 C:/ST/STM32CubeIDE_1.19.0/STM32CubeIDE/plugins/com.st.stm32cube.ide.mcu.externaltools.gnu-tools-for-stm32.13.3.rel1.win32_1.0.0.202411081344/tools/bin/../lib/gcc/arm-none-eabi/13.3.1/../../../../arm-none-eabi/lib/thumb/v8-m.main+fp/hard\libc_nano.a(libc_a-memmove.o)
                0x0800da20                memmove
 .text.memset   0x0800da54       0x10 C:/ST/STM32CubeIDE_1.19.0/STM32CubeIDE/plugins/com.st.stm32cube.ide.mcu.externaltools.gnu-tools-for-stm32.13.3.rel1.win32_1.0.0.202411081344/tools/bin/../lib/gcc/arm-none-eabi/13.3.1/../../../../arm-none-eabi/lib/thumb/v8-m.main+fp/hard\libc_nano.a(libc_a-memset.o)
                0x0800da54                memset
 .text.strncmp  0x0800da64       0x24 C:/ST/STM32CubeIDE_1.19.0/STM32CubeIDE/plugins/com.st.stm32cube.ide.mcu.externaltools.gnu-tools-for-stm32.13.3.rel1.win32_1.0.0.202411081344/tools/bin/../lib/gcc/arm-none-eabi/13.3.1/../../../../arm-none-eabi/lib/thumb/v8-m.main+fp/hard\libc_nano.a(libc_a-strncmp.o)
                0x0800da64                strncmp
 .text.strncpy  0x0800da88       0x26 C:/ST/STM32CubeIDE_1.19.0/STM32CubeIDE/plugins/com.st.stm32cube.ide.mcu.externaltools.gnu-tools-for-stm32.13.3.rel1.win32_1.0.0.202411081344/tools/bin/../lib/gcc/arm-none-eabi/13.3.1/../../../../arm-none-eabi/lib/thumb/v8-m.main+fp/hard\libc_nano.a(libc_a-strncpy.o)
                0x0800da88                strncpy
 *fill*         0x0800daae        0x2 
 .text.__errno  0x0800dab0        0xc C:/ST/STM32CubeIDE_1.19.0/STM32CubeIDE/plugins/com.st.stm32cube.ide.mcu.externaltools.gnu-tools-for-stm32.13.3.rel1.win32_1.0.0.202411081344/tools/bin/../lib/gcc/arm-none-eabi/13.3.1/../../../../arm-none-eabi/lib/thumb/v8-m.main+fp/hard\libc_nano.a(libc_a-errno.o)
                0x0800dab0                __errno
 .text.__libc_init_array
                0x0800dabc       0x48 C:/ST/STM32CubeIDE_1.19.0/STM32CubeIDE/plugins/com.st.stm32cube.ide.mcu.externaltools.gnu-tools-for-stm32.13.3.rel1.win32_1.0.0.202411081344/tools/bin/../lib/gcc/arm-none-eabi/13.3.1/../../../../arm-none-eabi/lib/thumb/v8-m.main+fp/hard\libc_nano.a(libc_a-init.o)
                0x0800dabc                __libc_init_array
 .text.__retarget_lock_acquire_recursive
                0x0800db04        0x2 C:/ST/STM32CubeIDE_1.19.0/STM32CubeIDE/plugins/com.st.stm32cube.ide.mcu.externaltools.gnu-tools-for-stm32.13.3.rel1.win32_1.0.0.202411081344/tools/bin/../lib/gcc/arm-none-eabi/13.3.1/../../../../arm-none-eabi/lib/thumb/v8-m.main+fp/hard\libc_nano.a(libc_a-lock.o)
                0x0800db04                __retarget_lock_acquire_recursive
 .text.__retarget_lock_release_recursive
                0x0800db06        0x2 C:/ST/STM32CubeIDE_1.19.0/STM32CubeIDE/plugins/com.st.stm32cube.ide.mcu.externaltools.gnu-tools-for-stm32.13.3.rel1.win32_1.0.0.202411081344/tools/bin/../lib/gcc/arm-none-eabi/13.3.1/../../../../arm-none-eabi/lib/thumb/v8-m.main+fp/hard\libc_nano.a(libc_a-lock.o)
                0x0800db06                __retarget_lock_release_recursive
 .text._free_r  0x0800db08       0x94 C:/ST/STM32CubeIDE_1.19.0/STM32CubeIDE/plugins/com.st.stm32cube.ide.mcu.externaltools.gnu-tools-for-stm32.13.3.rel1.win32_1.0.0.202411081344/tools/bin/../lib/gcc/arm-none-eabi/13.3.1/../../../../arm-none-eabi/lib/thumb/v8-m.main+fp/hard\libc_nano.a(libc_a-freer.o)
                0x0800db08                _free_r
 .text.sbrk_aligned
                0x0800db9c       0x44 C:/ST/STM32CubeIDE_1.19.0/STM32CubeIDE/plugins/com.st.stm32cube.ide.mcu.externaltools.gnu-tools-for-stm32.13.3.rel1.win32_1.0.0.202411081344/tools/bin/../lib/gcc/arm-none-eabi/13.3.1/../../../../arm-none-eabi/lib/thumb/v8-m.main+fp/hard\libc_nano.a(libc_a-mallocr.o)
 .text._malloc_r
                0x0800dbe0      0x100 C:/ST/STM32CubeIDE_1.19.0/STM32CubeIDE/plugins/com.st.stm32cube.ide.mcu.externaltools.gnu-tools-for-stm32.13.3.rel1.win32_1.0.0.202411081344/tools/bin/../lib/gcc/arm-none-eabi/13.3.1/../../../../arm-none-eabi/lib/thumb/v8-m.main+fp/hard\libc_nano.a(libc_a-mallocr.o)
                0x0800dbe0                _malloc_r
 .text.__malloc_lock
                0x0800dce0        0xc C:/ST/STM32CubeIDE_1.19.0/STM32CubeIDE/plugins/com.st.stm32cube.ide.mcu.externaltools.gnu-tools-for-stm32.13.3.rel1.win32_1.0.0.202411081344/tools/bin/../lib/gcc/arm-none-eabi/13.3.1/../../../../arm-none-eabi/lib/thumb/v8-m.main+fp/hard\libc_nano.a(libc_a-mlock.o)
                0x0800dce0                __malloc_lock
 .text.__malloc_unlock
                0x0800dcec        0xc C:/ST/STM32CubeIDE_1.19.0/STM32CubeIDE/plugins/com.st.stm32cube.ide.mcu.externaltools.gnu-tools-for-stm32.13.3.rel1.win32_1.0.0.202411081344/tools/bin/../lib/gcc/arm-none-eabi/13.3.1/../../../../arm-none-eabi/lib/thumb/v8-m.main+fp/hard\libc_nano.a(libc_a-mlock.o)
                0x0800dcec                __malloc_unlock
 .text.__ssputs_r
                0x0800dcf8       0xb6 C:/ST/STM32CubeIDE_1.19.0/STM32CubeIDE/plugins/com.st.stm32cube.ide.mcu.externaltools.gnu-tools-for-stm32.13.3.rel1.win32_1.0.0.202411081344/tools/bin/../lib/gcc/arm-none-eabi/13.3.1/../../../../arm-none-eabi/lib/thumb/v8-m.main+fp/hard\libc_nano.a(libc_a-nano-svfprintf.o)
                0x0800dcf8                __ssputs_r
 *fill*         0x0800ddae        0x2 
 .text._svfprintf_r
                0x0800ddb0      0x1f8 C:/ST/STM32CubeIDE_1.19.0/STM32CubeIDE/plugins/com.st.stm32cube.ide.mcu.externaltools.gnu-tools-for-stm32.13.3.rel1.win32_1.0.0.202411081344/tools/bin/../lib/gcc/arm-none-eabi/13.3.1/../../../../arm-none-eabi/lib/thumb/v8-m.main+fp/hard\libc_nano.a(libc_a-nano-svfprintf.o)
                0x0800ddb0                _svfiprintf_r
                0x0800ddb0                _svfprintf_r
 .text._printf_common
                0x0800dfa8       0xe4 C:/ST/STM32CubeIDE_1.19.0/STM32CubeIDE/plugins/com.st.stm32cube.ide.mcu.externaltools.gnu-tools-for-stm32.13.3.rel1.win32_1.0.0.202411081344/tools/bin/../lib/gcc/arm-none-eabi/13.3.1/../../../../arm-none-eabi/lib/thumb/v8-m.main+fp/hard\libc_nano.a(libc_a-nano-vfprintf_i.o)
                0x0800dfa8                _printf_common
 .text._printf_i
                0x0800e08c      0x23c C:/ST/STM32CubeIDE_1.19.0/STM32CubeIDE/plugins/com.st.stm32cube.ide.mcu.externaltools.gnu-tools-for-stm32.13.3.rel1.win32_1.0.0.202411081344/tools/bin/../lib/gcc/arm-none-eabi/13.3.1/../../../../arm-none-eabi/lib/thumb/v8-m.main+fp/hard\libc_nano.a(libc_a-nano-vfprintf_i.o)
                0x0800e08c                _printf_i
 .text._sbrk_r  0x0800e2c8       0x20 C:/ST/STM32CubeIDE_1.19.0/STM32CubeIDE/plugins/com.st.stm32cube.ide.mcu.externaltools.gnu-tools-for-stm32.13.3.rel1.win32_1.0.0.202411081344/tools/bin/../lib/gcc/arm-none-eabi/13.3.1/../../../../arm-none-eabi/lib/thumb/v8-m.main+fp/hard\libc_nano.a(libc_a-sbrkr.o)
                0x0800e2c8                _sbrk_r
 .text.memchr   0x0800e2e8       0x1c C:/ST/STM32CubeIDE_1.19.0/STM32CubeIDE/plugins/com.st.stm32cube.ide.mcu.externaltools.gnu-tools-for-stm32.13.3.rel1.win32_1.0.0.202411081344/tools/bin/../lib/gcc/arm-none-eabi/13.3.1/../../../../arm-none-eabi/lib/thumb/v8-m.main+fp/hard\libc_nano.a(libc_a-memchr-stub.o)
                0x0800e2e8                memchr
 .text.memcpy   0x0800e304       0x1a C:/ST/STM32CubeIDE_1.19.0/STM32CubeIDE/plugins/com.st.stm32cube.ide.mcu.externaltools.gnu-tools-for-stm32.13.3.rel1.win32_1.0.0.202411081344/tools/bin/../lib/gcc/arm-none-eabi/13.3.1/../../../../arm-none-eabi/lib/thumb/v8-m.main+fp/hard\libc_nano.a(libc_a-memcpy-stub.o)
                0x0800e304                memcpy
 .text._realloc_r
                0x0800e31e       0x5c C:/ST/STM32CubeIDE_1.19.0/STM32CubeIDE/plugins/com.st.stm32cube.ide.mcu.externaltools.gnu-tools-for-stm32.13.3.rel1.win32_1.0.0.202411081344/tools/bin/../lib/gcc/arm-none-eabi/13.3.1/../../../../arm-none-eabi/lib/thumb/v8-m.main+fp/hard\libc_nano.a(libc_a-reallocr.o)
                0x0800e31e                _realloc_r
 .text._malloc_usable_size_r
                0x0800e37a       0x10 C:/ST/STM32CubeIDE_1.19.0/STM32CubeIDE/plugins/com.st.stm32cube.ide.mcu.externaltools.gnu-tools-for-stm32.13.3.rel1.win32_1.0.0.202411081344/tools/bin/../lib/gcc/arm-none-eabi/13.3.1/../../../../arm-none-eabi/lib/thumb/v8-m.main+fp/hard\libc_nano.a(libc_a-msizer.o)
                0x0800e37a                _malloc_usable_size_r
 *(.glue_7)
 .glue_7        0x0800e38a        0x0 linker stubs
 *(.glue_7t)
 .glue_7t       0x0800e38a        0x0 linker stubs
 *(.eh_frame)
 *fill*         0x0800e38a        0x2 
 .eh_frame      0x0800e38c        0x0 C:/ST/STM32CubeIDE_1.19.0/STM32CubeIDE/plugins/com.st.stm32cube.ide.mcu.externaltools.gnu-tools-for-stm32.13.3.rel1.win32_1.0.0.202411081344/tools/bin/../lib/gcc/arm-none-eabi/13.3.1/thumb/v8-m.main+fp/hard/crtbegin.o
 *(.init)
 .init          0x0800e38c        0x4 C:/ST/STM32CubeIDE_1.19.0/STM32CubeIDE/plugins/com.st.stm32cube.ide.mcu.externaltools.gnu-tools-for-stm32.13.3.rel1.win32_1.0.0.202411081344/tools/bin/../lib/gcc/arm-none-eabi/13.3.1/thumb/v8-m.main+fp/hard/crti.o
                0x0800e38c                _init
 .init          0x0800e390        0x8 C:/ST/STM32CubeIDE_1.19.0/STM32CubeIDE/plugins/com.st.stm32cube.ide.mcu.externaltools.gnu-tools-for-stm32.13.3.rel1.win32_1.0.0.202411081344/tools/bin/../lib/gcc/arm-none-eabi/13.3.1/thumb/v8-m.main+fp/hard/crtn.o
 *(.fini)
 .fini          0x0800e398        0x4 C:/ST/STM32CubeIDE_1.19.0/STM32CubeIDE/plugins/com.st.stm32cube.ide.mcu.externaltools.gnu-tools-for-stm32.13.3.rel1.win32_1.0.0.202411081344/tools/bin/../lib/gcc/arm-none-eabi/13.3.1/thumb/v8-m.main+fp/hard/crti.o
                0x0800e398                _fini
 .fini          0x0800e39c        0x8 C:/ST/STM32CubeIDE_1.19.0/STM32CubeIDE/plugins/com.st.stm32cube.ide.mcu.externaltools.gnu-tools-for-stm32.13.3.rel1.win32_1.0.0.202411081344/tools/bin/../lib/gcc/arm-none-eabi/13.3.1/thumb/v8-m.main+fp/hard/crtn.o
                0x0800e3a4                        . = ALIGN (0x4)
                0x0800e3a4                        _etext = .

.vfp11_veneer   0x0800e3a4        0x0
 .vfp11_veneer  0x0800e3a4        0x0 linker stubs

.v4_bx          0x0800e3a4        0x0
 .v4_bx         0x0800e3a4        0x0 linker stubs

.iplt           0x0800e3a4        0x0
 .iplt          0x0800e3a4        0x0 C:/ST/STM32CubeIDE_1.19.0/STM32CubeIDE/plugins/com.st.stm32cube.ide.mcu.externaltools.gnu-tools-for-stm32.13.3.rel1.win32_1.0.0.202411081344/tools/bin/../lib/gcc/arm-none-eabi/13.3.1/thumb/v8-m.main+fp/hard/crtbegin.o

.rodata         0x0800e3a4      0xd00
                0x0800e3a4                        . = ALIGN (0x4)
 *(.rodata)
 .rodata        0x0800e3a4      0x31b ./Core/Src/airbrake_deploy.o
 *fill*         0x0800e6bf        0x1 
 .rodata        0x0800e6c0       0x55 ./Core/Src/encoder_app.o
 *fill*         0x0800e715        0x3 
 .rodata        0x0800e718      0x1d9 ./Core/Src/encoder_homing.o
 *fill*         0x0800e8f1        0x3 
 .rodata        0x0800e8f4      0x4fe ./Core/Src/esc_app.o
 *fill*         0x0800edf2        0x2 
 .rodata        0x0800edf4      0x133 ./Core/Src/sd_logger.o
 *(.rodata*)
 *fill*         0x0800ef27        0x1 
 .rodata.k_hallSequence
                0x0800ef28        0x6 ./Core/Src/encoder_app.o
 *fill*         0x0800ef2e        0x2 
 .rodata.AHBPrescTable
                0x0800ef30       0x10 ./Core/Src/system_stm32h5xx.o
                0x0800ef30                AHBPrescTable
 .rodata.APBPrescTable
                0x0800ef40        0x8 ./Core/Src/system_stm32h5xx.o
                0x0800ef40                APBPrescTable
 .rodata.UARTPrescTable
                0x0800ef48       0x18 ./Drivers/STM32H5xx_HAL_Driver/Src/stm32h5xx_hal_uart.o
                0x0800ef48                UARTPrescTable
 .rodata.numerator.1
                0x0800ef60        0x8 ./Drivers/STM32H5xx_HAL_Driver/Src/stm32h5xx_hal_uart_ex.o
 .rodata.denominator.0
                0x0800ef68        0x8 ./Drivers/STM32H5xx_HAL_Driver/Src/stm32h5xx_hal_uart_ex.o
 .rodata._ctype_
                0x0800ef70      0x101 C:/ST/STM32CubeIDE_1.19.0/STM32CubeIDE/plugins/com.st.stm32cube.ide.mcu.externaltools.gnu-tools-for-stm32.13.3.rel1.win32_1.0.0.202411081344/tools/bin/../lib/gcc/arm-none-eabi/13.3.1/../../../../arm-none-eabi/lib/thumb/v8-m.main+fp/hard\libc_nano.a(libc_a-ctype_.o)
                0x0800ef70                _ctype_
 .rodata._svfprintf_r.str1.1
                0x0800f071       0x33 C:/ST/STM32CubeIDE_1.19.0/STM32CubeIDE/plugins/com.st.stm32cube.ide.mcu.externaltools.gnu-tools-for-stm32.13.3.rel1.win32_1.0.0.202411081344/tools/bin/../lib/gcc/arm-none-eabi/13.3.1/../../../../arm-none-eabi/lib/thumb/v8-m.main+fp/hard\libc_nano.a(libc_a-nano-svfprintf.o)
                                 0x11 (size before relaxing)
 .rodata._printf_i.str1.1
                0x0800f0a4       0x22 C:/ST/STM32CubeIDE_1.19.0/STM32CubeIDE/plugins/com.st.stm32cube.ide.mcu.externaltools.gnu-tools-for-stm32.13.3.rel1.win32_1.0.0.202411081344/tools/bin/../lib/gcc/arm-none-eabi/13.3.1/../../../../arm-none-eabi/lib/thumb/v8-m.main+fp/hard\libc_nano.a(libc_a-nano-vfprintf_i.o)
                0x0800f0c8                        . = ALIGN (0x4)

.ARM.extab      0x0800f0a4        0x0
                0x0800f0a4                        . = ALIGN (0x4)
 *(.ARM.extab* .gnu.linkonce.armextab.*)
                0x0800f0a4                        . = ALIGN (0x4)

.ARM            0x0800f0a4        0x8
                0x0800f0a4                        . = ALIGN (0x4)
                0x0800f0a4                        __exidx_start = .
 *(.ARM.exidx*)
 .ARM.exidx     0x0800f0a4        0x8 C:/ST/STM32CubeIDE_1.19.0/STM32CubeIDE/plugins/com.st.stm32cube.ide.mcu.externaltools.gnu-tools-for-stm32.13.3.rel1.win32_1.0.0.202411081344/tools/bin/../lib/gcc/arm-none-eabi/13.3.1/../../../../arm-none-eabi/lib/thumb/v8-m.main+fp/hard\libc_nano.a(libc_a-strcmp.o)
 .ARM.exidx     0x0800f0ac        0x0 C:/ST/STM32CubeIDE_1.19.0/STM32CubeIDE/plugins/com.st.stm32cube.ide.mcu.externaltools.gnu-tools-for-stm32.13.3.rel1.win32_1.0.0.202411081344/tools/bin/../lib/gcc/arm-none-eabi/13.3.1/../../../../arm-none-eabi/lib/thumb/v8-m.main+fp/hard\libc_nano.a(libc_a-strlen.o)
                                  0x8 (size before relaxing)
 .ARM.exidx     0x0800f0ac        0x0 C:/ST/STM32CubeIDE_1.19.0/STM32CubeIDE/plugins/com.st.stm32cube.ide.mcu.externaltools.gnu-tools-for-stm32.13.3.rel1.win32_1.0.0.202411081344/tools/bin/../lib/gcc/arm-none-eabi/13.3.1/thumb/v8-m.main+fp/hard\libgcc.a(_udivmoddi4.o)
                                  0x8 (size before relaxing)
                0x0800f0ac                        __exidx_end = .
                0x0800f0ac                        . = ALIGN (0x4)

.preinit_array  0x0800f0ac        0x0
                0x0800f0ac                        . = ALIGN (0x4)
                0x0800f0ac                        PROVIDE (__preinit_array_start = .)
 *(.preinit_array*)
                0x0800f0ac                        PROVIDE (__preinit_array_end = .)
                0x0800f0ac                        . = ALIGN (0x4)

.init_array     0x0800f0ac        0x4
                0x0800f0ac                        . = ALIGN (0x4)
                0x0800f0ac                        PROVIDE (__init_array_start = .)
 *(SORT_BY_NAME(.init_array.*))
 *(.init_array*)
 .init_array    0x0800f0ac        0x4 C:/ST/STM32CubeIDE_1.19.0/STM32CubeIDE/plugins/com.st.stm32cube.ide.mcu.externaltools.gnu-tools-for-stm32.13.3.rel1.win32_1.0.0.202411081344/tools/bin/../lib/gcc/arm-none-eabi/13.3.1/thumb/v8-m.main+fp/hard/crtbegin.o
                0x0800f0b0                        PROVIDE (__init_array_end = .)
                0x0800f0b0                        . = ALIGN (0x4)

.fini_array     0x0800f0b0        0x4
                0x0800f0b0                        . = ALIGN (0x4)
                [!provide]                        PROVIDE (__fini_array_start = .)
 *(SORT_BY_NAME(.fini_array.*))
 *(.fini_array*)
 .fini_array    0x0800f0b0        0x4 C:/ST/STM32CubeIDE_1.19.0/STM32CubeIDE/plugins/com.st.stm32cube.ide.mcu.externaltools.gnu-tools-for-stm32.13.3.rel1.win32_1.0.0.202411081344/tools/bin/../lib/gcc/arm-none-eabi/13.3.1/thumb/v8-m.main+fp/hard/crtbegin.o
                [!provide]                        PROVIDE (__fini_array_end = .)
                0x0800f0b4                        . = ALIGN (0x4)
                0x0800f0b4                        _sidata = LOADADDR (.data)

.rel.dyn        0x0800f0b4        0x0
 .rel.iplt      0x0800f0b4        0x0 C:/ST/STM32CubeIDE_1.19.0/STM32CubeIDE/plugins/com.st.stm32cube.ide.mcu.externaltools.gnu-tools-for-stm32.13.3.rel1.win32_1.0.0.202411081344/tools/bin/../lib/gcc/arm-none-eabi/13.3.1/thumb/v8-m.main+fp/hard/crtbegin.o

.data           0x20000000       0x64 load address 0x0800f0b4
                0x20000000                        . = ALIGN (0x4)
                0x20000000                        _sdata = .
 *(.data)
 *(.data*)
 .data.neutralUs
                0x20000000        0x4 ./Core/Src/esc_app.o
 .data.currentPulseUs
                0x20000004        0x4 ./Core/Src/esc_app.o
 .data.SystemCoreClock
                0x20000008        0x4 ./Core/Src/system_stm32h5xx.o
                0x20000008                SystemCoreClock
 .data.uwTickPrio
                0x2000000c        0x4 ./Drivers/STM32H5xx_HAL_Driver/Src/stm32h5xx_hal.o
                0x2000000c                uwTickPrio
 .data.uwTickFreq
                0x20000010        0x1 ./Drivers/STM32H5xx_HAL_Driver/Src/stm32h5xx_hal.o
                0x20000010                uwTickFreq
 *fill*         0x20000011        0x3 
 .data._impure_ptr
                0x20000014        0x4 C:/ST/STM32CubeIDE_1.19.0/STM32CubeIDE/plugins/com.st.stm32cube.ide.mcu.externaltools.gnu-tools-for-stm32.13.3.rel1.win32_1.0.0.202411081344/tools/bin/../lib/gcc/arm-none-eabi/13.3.1/../../../../arm-none-eabi/lib/thumb/v8-m.main+fp/hard\libc_nano.a(libc_a-impure.o)
                0x20000014                _impure_ptr
 .data._impure_data
                0x20000018       0x4c C:/ST/STM32CubeIDE_1.19.0/STM32CubeIDE/plugins/com.st.stm32cube.ide.mcu.externaltools.gnu-tools-for-stm32.13.3.rel1.win32_1.0.0.202411081344/tools/bin/../lib/gcc/arm-none-eabi/13.3.1/../../../../arm-none-eabi/lib/thumb/v8-m.main+fp/hard\libc_nano.a(libc_a-impure.o)
                0x20000018                _impure_data
 *(.RamFunc)
 *(.RamFunc*)
                0x20000064                        . = ALIGN (0x4)
                0x20000064                        _edata = .

.igot.plt       0x20000064        0x0 load address 0x0800f118
 .igot.plt      0x20000064        0x0 C:/ST/STM32CubeIDE_1.19.0/STM32CubeIDE/plugins/com.st.stm32cube.ide.mcu.externaltools.gnu-tools-for-stm32.13.3.rel1.win32_1.0.0.202411081344/tools/bin/../lib/gcc/arm-none-eabi/13.3.1/thumb/v8-m.main+fp/hard/crtbegin.o
                0x20000064                        . = ALIGN (0x4)

.bss            0x20000064      0x584 load address 0x0800f118
                0x20000064                        _sbss = .
                0x20000064                        __bss_start__ = _sbss
 *(.bss)
 .bss           0x20000064       0x1c C:/ST/STM32CubeIDE_1.19.0/STM32CubeIDE/plugins/com.st.stm32cube.ide.mcu.externaltools.gnu-tools-for-stm32.13.3.rel1.win32_1.0.0.202411081344/tools/bin/../lib/gcc/arm-none-eabi/13.3.1/thumb/v8-m.main+fp/hard/crtbegin.o
 *(.bss*)
 .bss.s_deployState
                0x20000080        0x1 ./Core/Src/airbrake_deploy.o
 *fill*         0x20000081        0x3 
 .bss.s_stateStartTimeMs
                0x20000084        0x4 ./Core/Src/airbrake_deploy.o
 .bss.s_seqState
                0x20000088        0x1 ./Core/Src/command_sequence.o
 .bss.s_deployTrigger
                0x20000089        0x1 ./Core/Src/command_sequence.o
 .bss.s_homingTrigger
                0x2000008a        0x1 ./Core/Src/command_sequence.o
 *fill*         0x2000008b        0x1 
 .bss.s_count   0x2000008c        0x4 ./Core/Src/encoder_app.o
 .bss.s_hallState
                0x20000090        0x1 ./Core/Src/encoder_app.o
 *fill*         0x20000091        0x3 
 .bss.s_pollHits
                0x20000094        0x4 ./Core/Src/encoder_app.o
 .bss.s_invalidTransitions
                0x20000098        0x4 ./Core/Src/encoder_app.o
 .bss.s_lastPrintMs
                0x2000009c        0x4 ./Core/Src/encoder_app.o
 .bss.s_homingState
                0x200000a0        0x1 ./Core/Src/encoder_homing.o
 *fill*         0x200000a1        0x3 
 .bss.s_minPosition_um
                0x200000a4        0x4 ./Core/Src/encoder_homing.o
 .bss.s_maxPosition_um
                0x200000a8        0x4 ./Core/Src/encoder_homing.o
 .bss.s_stateStartTime
                0x200000ac        0x4 ./Core/Src/encoder_homing.o
 .bss.usart1RxByte
                0x200000b0        0x1 ./Core/Src/esc_app.o
 .bss.usart2RxByte
                0x200000b1        0x1 ./Core/Src/esc_app.o
 .bss.uart4RxByte
                0x200000b2        0x1 ./Core/Src/esc_app.o
 *fill*         0x200000b3        0x1 
 .bss.rxLine1   0x200000b4       0x40 ./Core/Src/esc_app.o
 .bss.rxLine2   0x200000f4       0x40 ./Core/Src/esc_app.o
 .bss.rxIndex1  0x20000134        0x4 ./Core/Src/esc_app.o
 .bss.rxIndex2  0x20000138        0x4 ./Core/Src/esc_app.o
 .bss.s_rxBuf   0x2000013c        0xa ./Core/Src/esc_telem.o
 .bss.s_rxReady
                0x20000146        0x1 ./Core/Src/esc_telem.o
 *fill*         0x20000147        0x1 
 .bss.s_crcErrors
                0x20000148        0x4 ./Core/Src/esc_telem.o
 .bss.s_temp_c  0x2000014c        0x1 ./Core/Src/esc_telem.o
 *fill*         0x2000014d        0x3 
 .bss.s_voltage_mV
                0x20000150        0x4 ./Core/Src/esc_telem.o
 .bss.s_current_mA
                0x20000154        0x4 ./Core/Src/esc_telem.o
 .bss.s_consumption
                0x20000158        0x4 ./Core/Src/esc_telem.o
 .bss.s_erpm    0x2000015c        0x4 ./Core/Src/esc_telem.o
 .bss.s_valid   0x20000160        0x1 ./Core/Src/esc_telem.o
 .bss.s_isLogging
                0x20000161        0x1 ./Core/Src/sd_logger.o
 *fill*         0x20000162        0x2 
 .bss.s_lastLogTime
                0x20000164        0x4 ./Core/Src/sd_logger.o
 .bss.s_logStartTime
                0x20000168        0x4 ./Core/Src/sd_logger.o
 .bss.hspi2     0x2000016c       0x90 ./Core/Src/spi.o
                0x2000016c                hspi2
 .bss.__sbrk_heap_end
                0x200001fc        0x4 ./Core/Src/sysmem.o
 .bss.htim3     0x20000200       0x4c ./Core/Src/tim.o
                0x20000200                htim3
 .bss.huart4    0x2000024c       0x94 ./Core/Src/usart.o
                0x2000024c                huart4
 .bss.huart5    0x200002e0       0x94 ./Core/Src/usart.o
                0x200002e0                huart5
 .bss.huart1    0x20000374       0x94 ./Core/Src/usart.o
                0x20000374                huart1
 .bss.huart2    0x20000408       0x94 ./Core/Src/usart.o
                0x20000408                huart2
 .bss.uwTick    0x2000049c        0x4 ./Drivers/STM32H5xx_HAL_Driver/Src/stm32h5xx_hal.o
                0x2000049c                uwTick
 .bss.__sf      0x200004a0      0x138 C:/ST/STM32CubeIDE_1.19.0/STM32CubeIDE/plugins/com.st.stm32cube.ide.mcu.externaltools.gnu-tools-for-stm32.13.3.rel1.win32_1.0.0.202411081344/tools/bin/../lib/gcc/arm-none-eabi/13.3.1/../../../../arm-none-eabi/lib/thumb/v8-m.main+fp/hard\libc_nano.a(libc_a-findfp.o)
                0x200004a0                __sf
 .bss.errno     0x200005d8        0x4 C:/ST/STM32CubeIDE_1.19.0/STM32CubeIDE/plugins/com.st.stm32cube.ide.mcu.externaltools.gnu-tools-for-stm32.13.3.rel1.win32_1.0.0.202411081344/tools/bin/../lib/gcc/arm-none-eabi/13.3.1/../../../../arm-none-eabi/lib/thumb/v8-m.main+fp/hard\libc_nano.a(libc_a-reent.o)
                0x200005d8                errno
 .bss.__lock___malloc_recursive_mutex
                0x200005dc        0x1 C:/ST/STM32CubeIDE_1.19.0/STM32CubeIDE/plugins/com.st.stm32cube.ide.mcu.externaltools.gnu-tools-for-stm32.13.3.rel1.win32_1.0.0.202411081344/tools/bin/../lib/gcc/arm-none-eabi/13.3.1/../../../../arm-none-eabi/lib/thumb/v8-m.main+fp/hard\libc_nano.a(libc_a-lock.o)
                0x200005dc                __lock___malloc_recursive_mutex
 *fill*         0x200005dd        0x3 
 .bss.__malloc_sbrk_start
                0x200005e0        0x4 C:/ST/STM32CubeIDE_1.19.0/STM32CubeIDE/plugins/com.st.stm32cube.ide.mcu.externaltools.gnu-tools-for-stm32.13.3.rel1.win32_1.0.0.202411081344/tools/bin/../lib/gcc/arm-none-eabi/13.3.1/../../../../arm-none-eabi/lib/thumb/v8-m.main+fp/hard\libc_nano.a(libc_a-mallocr.o)
                0x200005e0                __malloc_sbrk_start
 .bss.__malloc_free_list
                0x200005e4        0x4 C:/ST/STM32CubeIDE_1.19.0/STM32CubeIDE/plugins/com.st.stm32cube.ide.mcu.externaltools.gnu-tools-for-stm32.13.3.rel1.win32_1.0.0.202411081344/tools/bin/../lib/gcc/arm-none-eabi/13.3.1/../../../../arm-none-eabi/lib/thumb/v8-m.main+fp/hard\libc_nano.a(libc_a-mallocr.o)
                0x200005e4                __malloc_free_list
 *(COMMON)
                0x200005e8                        . = ALIGN (0x4)
                0x200005e8                        _ebss = .
                0x200005e8                        __bss_end__ = _ebss

._user_heap_stack
                0x200005e8      0x600 load address 0x0800f118
                0x200005e8                        . = ALIGN (0x8)
                [!provide]                        PROVIDE (end = .)
                0x200005e8                        PROVIDE (_end = .)
                0x200007e8                        . = (. + _Min_Heap_Size)
 *fill*         0x200005e8      0x200 
                0x20000be8                        . = (. + _Min_Stack_Size)
 *fill*         0x200007e8      0x400 
                0x20000be8                        . = ALIGN (0x8)

/DISCARD/
 libc.a(*)
 libm.a(*)
 libgcc.a(*)

.ARM.attributes
                0x00000000       0x36
 *(.ARM.attributes)
 .ARM.attributes
                0x00000000       0x26 C:/ST/STM32CubeIDE_1.19.0/STM32CubeIDE/plugins/com.st.stm32cube.ide.mcu.externaltools.gnu-tools-for-stm32.13.3.rel1.win32_1.0.0.202411081344/tools/bin/../lib/gcc/arm-none-eabi/13.3.1/thumb/v8-m.main+fp/hard/crti.o
 .ARM.attributes
                0x00000026       0x38 C:/ST/STM32CubeIDE_1.19.0/STM32CubeIDE/plugins/com.st.stm32cube.ide.mcu.externaltools.gnu-tools-for-stm32.13.3.rel1.win32_1.0.0.202411081344/tools/bin/../lib/gcc/arm-none-eabi/13.3.1/thumb/v8-m.main+fp/hard/crtbegin.o
 .ARM.attributes
                0x0000005e       0x3a ./Core/Src/airbrake_deploy.o
 .ARM.attributes
                0x00000098       0x3a ./Core/Src/command_sequence.o
 .ARM.attributes
                0x000000d2       0x3a ./Core/Src/encoder_app.o
 .ARM.attributes
                0x0000010c       0x3a ./Core/Src/encoder_homing.o
 .ARM.attributes
                0x00000146       0x3a ./Core/Src/esc_app.o
 .ARM.attributes
                0x00000180       0x3a ./Core/Src/esc_telem.o
 .ARM.attributes
                0x000001ba       0x3a ./Core/Src/fatfs.o
 .ARM.attributes
                0x000001f4       0x3a ./Core/Src/gpio.o
 .ARM.attributes
                0x0000022e       0x3a ./Core/Src/icache.o
 .ARM.attributes
                0x00000268       0x3a ./Core/Src/main.o
 .ARM.attributes
                0x000002a2       0x3a ./Core/Src/sd_logger.o
 .ARM.attributes
                0x000002dc       0x3a ./Core/Src/spi.o
 .ARM.attributes
                0x00000316       0x3a ./Core/Src/stm32h5xx_hal_msp.o
 .ARM.attributes
                0x00000350       0x3a ./Core/Src/stm32h5xx_it.o
 .ARM.attributes
                0x0000038a       0x3a ./Core/Src/sysmem.o
 .ARM.attributes
                0x000003c4       0x3a ./Core/Src/system_stm32h5xx.o
 .ARM.attributes
                0x000003fe       0x3a ./Core/Src/tim.o
 .ARM.attributes
                0x00000438       0x3a ./Core/Src/usart.o
 .ARM.attributes
                0x00000472       0x24 ./Core/Startup/startup_stm32h562ritx.o
 .ARM.attributes
                0x00000496       0x3a ./Drivers/STM32H5xx_HAL_Driver/Src/stm32h5xx_hal.o
 .ARM.attributes
                0x000004d0       0x3a ./Drivers/STM32H5xx_HAL_Driver/Src/stm32h5xx_hal_cortex.o
 .ARM.attributes
                0x0000050a       0x3a ./Drivers/STM32H5xx_HAL_Driver/Src/stm32h5xx_hal_dma.o
 .ARM.attributes
                0x00000544       0x3a ./Drivers/STM32H5xx_HAL_Driver/Src/stm32h5xx_hal_gpio.o
 .ARM.attributes
                0x0000057e       0x3a ./Drivers/STM32H5xx_HAL_Driver/Src/stm32h5xx_hal_icache.o
 .ARM.attributes
                0x000005b8       0x3a ./Drivers/STM32H5xx_HAL_Driver/Src/stm32h5xx_hal_rcc.o
 .ARM.attributes
                0x000005f2       0x3a ./Drivers/STM32H5xx_HAL_Driver/Src/stm32h5xx_hal_rcc_ex.o
 .ARM.attributes
                0x0000062c       0x3a ./Drivers/STM32H5xx_HAL_Driver/Src/stm32h5xx_hal_spi.o
 .ARM.attributes
                0x00000666       0x3a ./Drivers/STM32H5xx_HAL_Driver/Src/stm32h5xx_hal_tim.o
 .ARM.attributes
                0x000006a0       0x3a ./Drivers/STM32H5xx_HAL_Driver/Src/stm32h5xx_hal_tim_ex.o
 .ARM.attributes
                0x000006da       0x3a ./Drivers/STM32H5xx_HAL_Driver/Src/stm32h5xx_hal_uart.o
 .ARM.attributes
                0x00000714       0x3a ./Drivers/STM32H5xx_HAL_Driver/Src/stm32h5xx_hal_uart_ex.o
 .ARM.attributes
                0x0000074e       0x38 C:/ST/STM32CubeIDE_1.19.0/STM32CubeIDE/plugins/com.st.stm32cube.ide.mcu.externaltools.gnu-tools-for-stm32.13.3.rel1.win32_1.0.0.202411081344/tools/bin/../lib/gcc/arm-none-eabi/13.3.1/../../../../arm-none-eabi/lib/thumb/v8-m.main+fp/hard\libc_nano.a(libc_a-strtol.o)
 .ARM.attributes
                0x00000786       0x38 C:/ST/STM32CubeIDE_1.19.0/STM32CubeIDE/plugins/com.st.stm32cube.ide.mcu.externaltools.gnu-tools-for-stm32.13.3.rel1.win32_1.0.0.202411081344/tools/bin/../lib/gcc/arm-none-eabi/13.3.1/../../../../arm-none-eabi/lib/thumb/v8-m.main+fp/hard\libc_nano.a(libc_a-ctype_.o)
 .ARM.attributes
                0x000007be       0x38 C:/ST/STM32CubeIDE_1.19.0/STM32CubeIDE/plugins/com.st.stm32cube.ide.mcu.externaltools.gnu-tools-for-stm32.13.3.rel1.win32_1.0.0.202411081344/tools/bin/../lib/gcc/arm-none-eabi/13.3.1/../../../../arm-none-eabi/lib/thumb/v8-m.main+fp/hard\libc_nano.a(libc_a-findfp.o)
 .ARM.attributes
                0x000007f6       0x38 C:/ST/STM32CubeIDE_1.19.0/STM32CubeIDE/plugins/com.st.stm32cube.ide.mcu.externaltools.gnu-tools-for-stm32.13.3.rel1.win32_1.0.0.202411081344/tools/bin/../lib/gcc/arm-none-eabi/13.3.1/../../../../arm-none-eabi/lib/thumb/v8-m.main+fp/hard\libc_nano.a(libc_a-snprintf.o)
 .ARM.attributes
                0x0000082e       0x38 C:/ST/STM32CubeIDE_1.19.0/STM32CubeIDE/plugins/com.st.stm32cube.ide.mcu.externaltools.gnu-tools-for-stm32.13.3.rel1.win32_1.0.0.202411081344/tools/bin/../lib/gcc/arm-none-eabi/13.3.1/../../../../arm-none-eabi/lib/thumb/v8-m.main+fp/hard\libc_nano.a(libc_a-vsnprintf.o)
 .ARM.attributes
                0x00000866       0x38 C:/ST/STM32CubeIDE_1.19.0/STM32CubeIDE/plugins/com.st.stm32cube.ide.mcu.externaltools.gnu-tools-for-stm32.13.3.rel1.win32_1.0.0.202411081344/tools/bin/../lib/gcc/arm-none-eabi/13.3.1/../../../../arm-none-eabi/lib/thumb/v8-m.main+fp/hard\libc_nano.a(libc_a-memmove.o)
 .ARM.attributes
                0x0000089e       0x38 C:/ST/STM32CubeIDE_1.19.0/STM32CubeIDE/plugins/com.st.stm32cube.ide.mcu.externaltools.gnu-tools-for-stm32.13.3.rel1.win32_1.0.0.202411081344/tools/bin/../lib/gcc/arm-none-eabi/13.3.1/../../../../arm-none-eabi/lib/thumb/v8-m.main+fp/hard\libc_nano.a(libc_a-memset.o)
 .ARM.attributes
                0x000008d6       0x38 C:/ST/STM32CubeIDE_1.19.0/STM32CubeIDE/plugins/com.st.stm32cube.ide.mcu.externaltools.gnu-tools-for-stm32.13.3.rel1.win32_1.0.0.202411081344/tools/bin/../lib/gcc/arm-none-eabi/13.3.1/../../../../arm-none-eabi/lib/thumb/v8-m.main+fp/hard\libc_nano.a(libc_a-strncmp.o)
 .ARM.attributes
                0x0000090e       0x38 C:/ST/STM32CubeIDE_1.19.0/STM32CubeIDE/plugins/com.st.stm32cube.ide.mcu.externaltools.gnu-tools-for-stm32.13.3.rel1.win32_1.0.0.202411081344/tools/bin/../lib/gcc/arm-none-eabi/13.3.1/../../../../arm-none-eabi/lib/thumb/v8-m.main+fp/hard\libc_nano.a(libc_a-strncpy.o)
 .ARM.attributes
                0x00000946       0x38 C:/ST/STM32CubeIDE_1.19.0/STM32CubeIDE/plugins/com.st.stm32cube.ide.mcu.externaltools.gnu-tools-for-stm32.13.3.rel1.win32_1.0.0.202411081344/tools/bin/../lib/gcc/arm-none-eabi/13.3.1/../../../../arm-none-eabi/lib/thumb/v8-m.main+fp/hard\libc_nano.a(libc_a-reent.o)
 .ARM.attributes
                0x0000097e       0x38 C:/ST/STM32CubeIDE_1.19.0/STM32CubeIDE/plugins/com.st.stm32cube.ide.mcu.externaltools.gnu-tools-for-stm32.13.3.rel1.win32_1.0.0.202411081344/tools/bin/../lib/gcc/arm-none-eabi/13.3.1/../../../../arm-none-eabi/lib/thumb/v8-m.main+fp/hard\libc_nano.a(libc_a-impure.o)
 .ARM.attributes
                0x000009b6       0x38 C:/ST/STM32CubeIDE_1.19.0/STM32CubeIDE/plugins/com.st.stm32cube.ide.mcu.externaltools.gnu-tools-for-stm32.13.3.rel1.win32_1.0.0.202411081344/tools/bin/../lib/gcc/arm-none-eabi/13.3.1/../../../../arm-none-eabi/lib/thumb/v8-m.main+fp/hard\libc_nano.a(libc_a-errno.o)
 .ARM.attributes
                0x000009ee       0x38 C:/ST/STM32CubeIDE_1.19.0/STM32CubeIDE/plugins/com.st.stm32cube.ide.mcu.externaltools.gnu-tools-for-stm32.13.3.rel1.win32_1.0.0.202411081344/tools/bin/../lib/gcc/arm-none-eabi/13.3.1/../../../../arm-none-eabi/lib/thumb/v8-m.main+fp/hard\libc_nano.a(libc_a-init.o)
 .ARM.attributes
                0x00000a26       0x38 C:/ST/STM32CubeIDE_1.19.0/STM32CubeIDE/plugins/com.st.stm32cube.ide.mcu.externaltools.gnu-tools-for-stm32.13.3.rel1.win32_1.0.0.202411081344/tools/bin/../lib/gcc/arm-none-eabi/13.3.1/../../../../arm-none-eabi/lib/thumb/v8-m.main+fp/hard\libc_nano.a(libc_a-lock.o)
 .ARM.attributes
                0x00000a5e       0x24 C:/ST/STM32CubeIDE_1.19.0/STM32CubeIDE/plugins/com.st.stm32cube.ide.mcu.externaltools.gnu-tools-for-stm32.13.3.rel1.win32_1.0.0.202411081344/tools/bin/../lib/gcc/arm-none-eabi/13.3.1/../../../../arm-none-eabi/lib/thumb/v8-m.main+fp/hard\libc_nano.a(libc_a-strcmp.o)
 .ARM.attributes
                0x00000a82       0x24 C:/ST/STM32CubeIDE_1.19.0/STM32CubeIDE/plugins/com.st.stm32cube.ide.mcu.externaltools.gnu-tools-for-stm32.13.3.rel1.win32_1.0.0.202411081344/tools/bin/../lib/gcc/arm-none-eabi/13.3.1/../../../../arm-none-eabi/lib/thumb/v8-m.main+fp/hard\libc_nano.a(libc_a-strlen.o)
 .ARM.attributes
                0x00000aa6       0x38 C:/ST/STM32CubeIDE_1.19.0/STM32CubeIDE/plugins/com.st.stm32cube.ide.mcu.externaltools.gnu-tools-for-stm32.13.3.rel1.win32_1.0.0.202411081344/tools/bin/../lib/gcc/arm-none-eabi/13.3.1/../../../../arm-none-eabi/lib/thumb/v8-m.main+fp/hard\libc_nano.a(libc_a-freer.o)
 .ARM.attributes
                0x00000ade       0x38 C:/ST/STM32CubeIDE_1.19.0/STM32CubeIDE/plugins/com.st.stm32cube.ide.mcu.externaltools.gnu-tools-for-stm32.13.3.rel1.win32_1.0.0.202411081344/tools/bin/../lib/gcc/arm-none-eabi/13.3.1/../../../../arm-none-eabi/lib/thumb/v8-m.main+fp/hard\libc_nano.a(libc_a-mallocr.o)
 .ARM.attributes
                0x00000b16       0x38 C:/ST/STM32CubeIDE_1.19.0/STM32CubeIDE/plugins/com.st.stm32cube.ide.mcu.externaltools.gnu-tools-for-stm32.13.3.rel1.win32_1.0.0.202411081344/tools/bin/../lib/gcc/arm-none-eabi/13.3.1/../../../../arm-none-eabi/lib/thumb/v8-m.main+fp/hard\libc_nano.a(libc_a-mlock.o)
 .ARM.attributes
                0x00000b4e       0x38 C:/ST/STM32CubeIDE_1.19.0/STM32CubeIDE/plugins/com.st.stm32cube.ide.mcu.externaltools.gnu-tools-for-stm32.13.3.rel1.win32_1.0.0.202411081344/tools/bin/../lib/gcc/arm-none-eabi/13.3.1/../../../../arm-none-eabi/lib/thumb/v8-m.main+fp/hard\libc_nano.a(libc_a-nano-svfprintf.o)
 .ARM.attributes
                0x00000b86       0x38 C:/ST/STM32CubeIDE_1.19.0/STM32CubeIDE/plugins/com.st.stm32cube.ide.mcu.externaltools.gnu-tools-for-stm32.13.3.rel1.win32_1.0.0.202411081344/tools/bin/../lib/gcc/arm-none-eabi/13.3.1/../../../../arm-none-eabi/lib/thumb/v8-m.main+fp/hard\libc_nano.a(libc_a-nano-vfprintf_i.o)
 .ARM.attributes
                0x00000bbe       0x38 C:/ST/STM32CubeIDE_1.19.0/STM32CubeIDE/plugins/com.st.stm32cube.ide.mcu.externaltools.gnu-tools-for-stm32.13.3.rel1.win32_1.0.0.202411081344/tools/bin/../lib/gcc/arm-none-eabi/13.3.1/../../../../arm-none-eabi/lib/thumb/v8-m.main+fp/hard\libc_nano.a(libc_a-sbrkr.o)
 .ARM.attributes
                0x00000bf6       0x38 C:/ST/STM32CubeIDE_1.19.0/STM32CubeIDE/plugins/com.st.stm32cube.ide.mcu.externaltools.gnu-tools-for-stm32.13.3.rel1.win32_1.0.0.202411081344/tools/bin/../lib/gcc/arm-none-eabi/13.3.1/../../../../arm-none-eabi/lib/thumb/v8-m.main+fp/hard\libc_nano.a(libc_a-memchr-stub.o)
 .ARM.attributes
                0x00000c2e       0x38 C:/ST/STM32CubeIDE_1.19.0/STM32CubeIDE/plugins/com.st.stm32cube.ide.mcu.externaltools.gnu-tools-for-stm32.13.3.rel1.win32_1.0.0.202411081344/tools/bin/../lib/gcc/arm-none-eabi/13.3.1/../../../../arm-none-eabi/lib/thumb/v8-m.main+fp/hard\libc_nano.a(libc_a-memcpy-stub.o)
 .ARM.attributes
                0x00000c66       0x38 C:/ST/STM32CubeIDE_1.19.0/STM32CubeIDE/plugins/com.st.stm32cube.ide.mcu.externaltools.gnu-tools-for-stm32.13.3.rel1.win32_1.0.0.202411081344/tools/bin/../lib/gcc/arm-none-eabi/13.3.1/../../../../arm-none-eabi/lib/thumb/v8-m.main+fp/hard\libc_nano.a(libc_a-reallocr.o)
 .ARM.attributes
                0x00000c9e       0x38 C:/ST/STM32CubeIDE_1.19.0/STM32CubeIDE/plugins/com.st.stm32cube.ide.mcu.externaltools.gnu-tools-for-stm32.13.3.rel1.win32_1.0.0.202411081344/tools/bin/../lib/gcc/arm-none-eabi/13.3.1/../../../../arm-none-eabi/lib/thumb/v8-m.main+fp/hard\libc_nano.a(libc_a-msizer.o)
 .ARM.attributes
                0x00000cd6       0x26 C:/ST/STM32CubeIDE_1.19.0/STM32CubeIDE/plugins/com.st.stm32cube.ide.mcu.externaltools.gnu-tools-for-stm32.13.3.rel1.win32_1.0.0.202411081344/tools/bin/../lib/gcc/arm-none-eabi/13.3.1/thumb/v8-m.main+fp/hard\libgcc.a(_arm_addsubdf3.o)
 .ARM.attributes
                0x00000cfc       0x26 C:/ST/STM32CubeIDE_1.19.0/STM32CubeIDE/plugins/com.st.stm32cube.ide.mcu.externaltools.gnu-tools-for-stm32.13.3.rel1.win32_1.0.0.202411081344/tools/bin/../lib/gcc/arm-none-eabi/13.3.1/thumb/v8-m.main+fp/hard\libgcc.a(_aeabi_ldivmod.o)
 .ARM.attributes
                0x00000d22       0x26 C:/ST/STM32CubeIDE_1.19.0/STM32CubeIDE/plugins/com.st.stm32cube.ide.mcu.externaltools.gnu-tools-for-stm32.13.3.rel1.win32_1.0.0.202411081344/tools/bin/../lib/gcc/arm-none-eabi/13.3.1/thumb/v8-m.main+fp/hard\libgcc.a(_aeabi_uldivmod.o)
 .ARM.attributes
                0x00000d48       0x38 C:/ST/STM32CubeIDE_1.19.0/STM32CubeIDE/plugins/com.st.stm32cube.ide.mcu.externaltools.gnu-tools-for-stm32.13.3.rel1.win32_1.0.0.202411081344/tools/bin/../lib/gcc/arm-none-eabi/13.3.1/thumb/v8-m.main+fp/hard\libgcc.a(_udivmoddi4.o)
 .ARM.attributes
                0x00000d80       0x26 C:/ST/STM32CubeIDE_1.19.0/STM32CubeIDE/plugins/com.st.stm32cube.ide.mcu.externaltools.gnu-tools-for-stm32.13.3.rel1.win32_1.0.0.202411081344/tools/bin/../lib/gcc/arm-none-eabi/13.3.1/thumb/v8-m.main+fp/hard\libgcc.a(_dvmd_tls.o)
 .ARM.attributes
                0x00000da6       0x26 C:/ST/STM32CubeIDE_1.19.0/STM32CubeIDE/plugins/com.st.stm32cube.ide.mcu.externaltools.gnu-tools-for-stm32.13.3.rel1.win32_1.0.0.202411081344/tools/bin/../lib/gcc/arm-none-eabi/13.3.1/thumb/v8-m.main+fp/hard/crtn.o
OUTPUT(H5main.elf elf32-littlearm)
LOAD linker stubs
LOAD C:/ST/STM32CubeIDE_1.19.0/STM32CubeIDE/plugins/com.st.stm32cube.ide.mcu.externaltools.gnu-tools-for-stm32.13.3.rel1.win32_1.0.0.202411081344/tools/bin/../lib/gcc/arm-none-eabi/13.3.1/../../../../arm-none-eabi/lib/thumb/v8-m.main+fp/hard\libc.a
LOAD C:/ST/STM32CubeIDE_1.19.0/STM32CubeIDE/plugins/com.st.stm32cube.ide.mcu.externaltools.gnu-tools-for-stm32.13.3.rel1.win32_1.0.0.202411081344/tools/bin/../lib/gcc/arm-none-eabi/13.3.1/../../../../arm-none-eabi/lib/thumb/v8-m.main+fp/hard\libm.a
LOAD C:/ST/STM32CubeIDE_1.19.0/STM32CubeIDE/plugins/com.st.stm32cube.ide.mcu.externaltools.gnu-tools-for-stm32.13.3.rel1.win32_1.0.0.202411081344/tools/bin/../lib/gcc/arm-none-eabi/13.3.1/thumb/v8-m.main+fp/hard\libgcc.a

.debug_info     0x00000000    0x1d2b9
 .debug_info    0x00000000      0xc98 ./Core/Src/airbrake_deploy.o
 .debug_info    0x00000c98      0x1bf ./Core/Src/command_sequence.o
 .debug_info    0x00000e57      0xd8a ./Core/Src/encoder_app.o
 .debug_info    0x00001be1      0xbcd ./Core/Src/encoder_homing.o
 .debug_info    0x000027ae     0x149a ./Core/Src/esc_app.o
 .debug_info    0x00003c48      0xb05 ./Core/Src/esc_telem.o
 .debug_info    0x0000474d       0xb4 ./Core/Src/fatfs.o
 .debug_info    0x00004801      0x8ff ./Core/Src/gpio.o
 .debug_info    0x00005100       0xe6 ./Core/Src/icache.o
 .debug_info    0x000051e6      0x8bb ./Core/Src/main.o
 .debug_info    0x00005aa1      0xb8d ./Core/Src/sd_logger.o
 .debug_info    0x0000662e     0x12e5 ./Core/Src/spi.o
 .debug_info    0x00007913       0x9f ./Core/Src/stm32h5xx_hal_msp.o
 .debug_info    0x000079b2      0xa24 ./Core/Src/stm32h5xx_it.o
 .debug_info    0x000083d6      0x168 ./Core/Src/sysmem.o
 .debug_info    0x0000853e      0xd8e ./Core/Src/system_stm32h5xx.o
 .debug_info    0x000092cc     0x1097 ./Core/Src/tim.o
 .debug_info    0x0000a363     0x1783 ./Core/Src/usart.o
 .debug_info    0x0000bae6       0x30 ./Core/Startup/startup_stm32h562ritx.o
 .debug_info    0x0000bb16     0x1381 ./Drivers/STM32H5xx_HAL_Driver/Src/stm32h5xx_hal.o
 .debug_info    0x0000ce97     0x163a ./Drivers/STM32H5xx_HAL_Driver/Src/stm32h5xx_hal_cortex.o
 .debug_info    0x0000e4d1      0xadc ./Drivers/STM32H5xx_HAL_Driver/Src/stm32h5xx_hal_dma.o
 .debug_info    0x0000efad      0x6b6 ./Drivers/STM32H5xx_HAL_Driver/Src/stm32h5xx_hal_gpio.o
 .debug_info    0x0000f663      0x4d6 ./Drivers/STM32H5xx_HAL_Driver/Src/stm32h5xx_hal_icache.o
 .debug_info    0x0000fb39     0x109f ./Drivers/STM32H5xx_HAL_Driver/Src/stm32h5xx_hal_rcc.o
 .debug_info    0x00010bd8     0x12c8 ./Drivers/STM32H5xx_HAL_Driver/Src/stm32h5xx_hal_rcc_ex.o
 .debug_info    0x00011ea0     0x15c9 ./Drivers/STM32H5xx_HAL_Driver/Src/stm32h5xx_hal_spi.o
 .debug_info    0x00013469     0x2e54 ./Drivers/STM32H5xx_HAL_Driver/Src/stm32h5xx_hal_tim.o
 .debug_info    0x000162bd     0x1eaa ./Drivers/STM32H5xx_HAL_Driver/Src/stm32h5xx_hal_tim_ex.o
 .debug_info    0x00018167     0x4066 ./Drivers/STM32H5xx_HAL_Driver/Src/stm32h5xx_hal_uart.o
 .debug_info    0x0001c1cd     0x10ec ./Drivers/STM32H5xx_HAL_Driver/Src/stm32h5xx_hal_uart_ex.o

.debug_abbrev   0x00000000     0x3f6d
 .debug_abbrev  0x00000000      0x2c9 ./Core/Src/airbrake_deploy.o
 .debug_abbrev  0x000002c9      0x116 ./Core/Src/command_sequence.o
 .debug_abbrev  0x000003df      0x2b8 ./Core/Src/encoder_app.o
 .debug_abbrev  0x00000697      0x29c ./Core/Src/encoder_homing.o
 .debug_abbrev  0x00000933      0x3d0 ./Core/Src/esc_app.o
 .debug_abbrev  0x00000d03      0x1fd ./Core/Src/esc_telem.o
 .debug_abbrev  0x00000f00       0x79 ./Core/Src/fatfs.o
 .debug_abbrev  0x00000f79      0x180 ./Core/Src/gpio.o
 .debug_abbrev  0x000010f9       0x98 ./Core/Src/icache.o
 .debug_abbrev  0x00001191      0x1e4 ./Core/Src/main.o
 .debug_abbrev  0x00001375      0x249 ./Core/Src/sd_logger.o
 .debug_abbrev  0x000015be      0x226 ./Core/Src/spi.o
 .debug_abbrev  0x000017e4       0x45 ./Core/Src/stm32h5xx_hal_msp.o
 .debug_abbrev  0x00001829      0x1c7 ./Core/Src/stm32h5xx_it.o
 .debug_abbrev  0x000019f0       0xbc ./Core/Src/sysmem.o
 .debug_abbrev  0x00001aac      0x13a ./Core/Src/system_stm32h5xx.o
 .debug_abbrev  0x00001be6      0x24f ./Core/Src/tim.o
 .debug_abbrev  0x00001e35      0x249 ./Core/Src/usart.o
 .debug_abbrev  0x0000207e       0x24 ./Core/Startup/startup_stm32h562ritx.o
 .debug_abbrev  0x000020a2      0x2af ./Drivers/STM32H5xx_HAL_Driver/Src/stm32h5xx_hal.o
 .debug_abbrev  0x00002351      0x311 ./Drivers/STM32H5xx_HAL_Driver/Src/stm32h5xx_hal_cortex.o
 .debug_abbrev  0x00002662      0x1ff ./Drivers/STM32H5xx_HAL_Driver/Src/stm32h5xx_hal_dma.o
 .debug_abbrev  0x00002861      0x1db ./Drivers/STM32H5xx_HAL_Driver/Src/stm32h5xx_hal_gpio.o
 .debug_abbrev  0x00002a3c      0x228 ./Drivers/STM32H5xx_HAL_Driver/Src/stm32h5xx_hal_icache.o
 .debug_abbrev  0x00002c64      0x290 ./Drivers/STM32H5xx_HAL_Driver/Src/stm32h5xx_hal_rcc.o
 .debug_abbrev  0x00002ef4      0x269 ./Drivers/STM32H5xx_HAL_Driver/Src/stm32h5xx_hal_rcc_ex.o
 .debug_abbrev  0x0000315d      0x2b3 ./Drivers/STM32H5xx_HAL_Driver/Src/stm32h5xx_hal_spi.o
 .debug_abbrev  0x00003410      0x2bd ./Drivers/STM32H5xx_HAL_Driver/Src/stm32h5xx_hal_tim.o
 .debug_abbrev  0x000036cd      0x2c7 ./Drivers/STM32H5xx_HAL_Driver/Src/stm32h5xx_hal_tim_ex.o
 .debug_abbrev  0x00003994      0x305 ./Drivers/STM32H5xx_HAL_Driver/Src/stm32h5xx_hal_uart.o
 .debug_abbrev  0x00003c99      0x2d4 ./Drivers/STM32H5xx_HAL_Driver/Src/stm32h5xx_hal_uart_ex.o

.debug_aranges  0x00000000     0x16b0
 .debug_aranges
                0x00000000       0x60 ./Core/Src/airbrake_deploy.o
 .debug_aranges
                0x00000060       0x48 ./Core/Src/command_sequence.o
 .debug_aranges
                0x000000a8       0x68 ./Core/Src/encoder_app.o
 .debug_aranges
                0x00000110       0x58 ./Core/Src/encoder_homing.o
 .debug_aranges
                0x00000168       0xb0 ./Core/Src/esc_app.o
 .debug_aranges
                0x00000218       0x78 ./Core/Src/esc_telem.o
 .debug_aranges
                0x00000290       0x20 ./Core/Src/fatfs.o
 .debug_aranges
                0x000002b0       0x20 ./Core/Src/gpio.o
 .debug_aranges
                0x000002d0       0x20 ./Core/Src/icache.o
 .debug_aranges
                0x000002f0       0x30 ./Core/Src/main.o
 .debug_aranges
                0x00000320       0x48 ./Core/Src/sd_logger.o
 .debug_aranges
                0x00000368       0x30 ./Core/Src/spi.o
 .debug_aranges
                0x00000398       0x20 ./Core/Src/stm32h5xx_hal_msp.o
 .debug_aranges
                0x000003b8       0xa0 ./Core/Src/stm32h5xx_it.o
 .debug_aranges
                0x00000458       0x20 ./Core/Src/sysmem.o
 .debug_aranges
                0x00000478       0x28 ./Core/Src/system_stm32h5xx.o
 .debug_aranges
                0x000004a0       0x38 ./Core/Src/tim.o
 .debug_aranges
                0x000004d8       0x48 ./Core/Src/usart.o
 .debug_aranges
                0x00000520       0x28 ./Core/Startup/startup_stm32h562ritx.o
 .debug_aranges
                0x00000548      0x200 ./Drivers/STM32H5xx_HAL_Driver/Src/stm32h5xx_hal.o
 .debug_aranges
                0x00000748      0x140 ./Drivers/STM32H5xx_HAL_Driver/Src/stm32h5xx_hal_cortex.o
 .debug_aranges
                0x00000888       0xa0 ./Drivers/STM32H5xx_HAL_Driver/Src/stm32h5xx_hal_dma.o
 .debug_aranges
                0x00000928       0x78 ./Drivers/STM32H5xx_HAL_Driver/Src/stm32h5xx_hal_gpio.o
 .debug_aranges
                0x000009a0       0xa8 ./Drivers/STM32H5xx_HAL_Driver/Src/stm32h5xx_hal_icache.o
 .debug_aranges
                0x00000a48       0xa0 ./Drivers/STM32H5xx_HAL_Driver/Src/stm32h5xx_hal_rcc.o
 .debug_aranges
                0x00000ae8      0x108 ./Drivers/STM32H5xx_HAL_Driver/Src/stm32h5xx_hal_rcc_ex.o
 .debug_aranges
                0x00000bf0      0x1a8 ./Drivers/STM32H5xx_HAL_Driver/Src/stm32h5xx_hal_spi.o
 .debug_aranges
                0x00000d98      0x3e8 ./Drivers/STM32H5xx_HAL_Driver/Src/stm32h5xx_hal_tim.o
 .debug_aranges
                0x00001180      0x240 ./Drivers/STM32H5xx_HAL_Driver/Src/stm32h5xx_hal_tim_ex.o
 .debug_aranges
                0x000013c0      0x248 ./Drivers/STM32H5xx_HAL_Driver/Src/stm32h5xx_hal_uart.o
 .debug_aranges
                0x00001608       0xa8 ./Drivers/STM32H5xx_HAL_Driver/Src/stm32h5xx_hal_uart_ex.o

.debug_rnglists
                0x00000000     0x117e
 .debug_rnglists
                0x00000000       0x46 ./Core/Src/airbrake_deploy.o
 .debug_rnglists
                0x00000046       0x32 ./Core/Src/command_sequence.o
 .debug_rnglists
                0x00000078       0x4d ./Core/Src/encoder_app.o
 .debug_rnglists
                0x000000c5       0x4c ./Core/Src/encoder_homing.o
 .debug_rnglists
                0x00000111       0x85 ./Core/Src/esc_app.o
 .debug_rnglists
                0x00000196       0x56 ./Core/Src/esc_telem.o
 .debug_rnglists
                0x000001ec       0x13 ./Core/Src/fatfs.o
 .debug_rnglists