../Drivers/STM32H5xx_HAL_Driver/Src/stm32h5xx_hal_sd.c:336:19:HAL_SD_Init	48	static
../Drivers/STM32H5xx_HAL_Driver/Src/stm32h5xx_hal_sd.c:465:19:HAL_SD_InitCard	64	static
../Drivers/STM32H5xx_HAL_Driver/Src/stm32h5xx_hal_sd.c:564:19:HAL_SD_DeInit	16	static
../Drivers/STM32H5xx_HAL_Driver/Src/stm32h5xx_hal_sd.c:620:13:HAL_SD_MspInit	16	static
../Drivers/STM32H5xx_HAL_Driver/Src/stm32h5xx_hal_sd.c:635:13:HAL_SD_MspDeInit	16	static
../Drivers/STM32H5xx_HAL_Driver/Src/stm32h5xx_hal_sd.c:676:19:HAL_SD_ReadBlocks	80	static
../Drivers/STM32H5xx_HAL_Driver/Src/stm32h5xx_hal_sd.c:861:19:HAL_SD_WriteBlocks	80	static
../Drivers/STM32H5xx_HAL_Driver/Src/stm32h5xx_hal_sd.c:1048:19:HAL_SD_ReadBlocks_IT	56	static
../Drivers/STM32H5xx_HAL_Driver/Src/stm32h5xx_hal_sd.c:1143:19:HAL_SD_WriteBlocks_IT	56	static
../Drivers/STM32H5xx_HAL_Driver/Src/stm32h5xx_hal_sd.c:1240:19:HAL_SD_ReadBlocks_DMA	56	static
../Drivers/STM32H5xx_HAL_Driver/Src/stm32h5xx_hal_sd.c:1338:19:HAL_SD_WriteBlocks_DMA	56	static
../Drivers/STM32H5xx_HAL_Driver/Src/stm32h5xx_hal_sd.c:1433:19:HAL_SD_Erase	40	static
../Drivers/STM32H5xx_HAL_Driver/Src/stm32h5xx_hal_sd.c:1535:6:HAL_SD_IRQHandler	24	static
../Drivers/STM32H5xx_HAL_Driver/Src/stm32h5xx_hal_sd.c:1747:21:HAL_SD_GetState	16	static
../Drivers/STM32H5xx_HAL_Driver/Src/stm32h5xx_hal_sd.c:1758:10:HAL_SD_GetError	16	static
../Drivers/STM32H5xx_HAL_Driver/Src/stm32h5xx_hal_sd.c:1768:13:HAL_SD_TxCpltCallback	16	static
../Drivers/STM32H5xx_HAL_Driver/Src/stm32h5xx_hal_sd.c:1783:13:HAL_SD_RxCpltCallback	16	static
../Drivers/STM32H5xx_HAL_Driver/Src/stm32h5xx_hal_sd.c:1798:13:HAL_SD_ErrorCallback	16	static
../Drivers/STM32H5xx_HAL_Driver/Src/stm32h5xx_hal_sd.c:1813:13:HAL_SD_AbortCallback	16	static
../Drivers/STM32H5xx_HAL_Driver/Src/stm32h5xx_hal_sd.c:2123:19:HAL_SD_GetCardCID	16	static
../Drivers/STM32H5xx_HAL_Driver/Src/stm32h5xx_hal_sd.c:2156:19:HAL_SD_GetCardCSD	16	static
../Drivers/STM32H5xx_HAL_Driver/Src/stm32h5xx_hal_sd.c:2270:19:HAL_SD_GetCardStatus	88	static
../Drivers/STM32H5xx_HAL_Driver/Src/stm32h5xx_hal_sd.c:2339:19:HAL_SD_GetCardInfo	16	static
../Drivers/STM32H5xx_HAL_Driver/Src/stm32h5xx_hal_sd.c:2364:19:HAL_SD_ConfigWideBusOperation	64	static
../Drivers/STM32H5xx_HAL_Driver/Src/stm32h5xx_hal_sd.c:2542:19:HAL_SD_ConfigSpeedBusOperation	32	static
../Drivers/STM32H5xx_HAL_Driver/Src/stm32h5xx_hal_sd.c:2840:25:HAL_SD_GetCardState	32	static
../Drivers/STM32H5xx_HAL_Driver/Src/stm32h5xx_hal_sd.c:2863:19:HAL_SD_Abort	24	static
../Drivers/STM32H5xx_HAL_Driver/Src/stm32h5xx_hal_sd.c:2959:19:HAL_SD_Abort_IT	24	static
../Drivers/STM32H5xx_HAL_Driver/Src/stm32h5xx_hal_sd.c:3015:17:SD_InitCard	72	static
../Drivers/STM32H5xx_HAL_Driver/Src/stm32h5xx_hal_sd.c:3112:17:SD_PowerON	32	static
../Drivers/STM32H5xx_HAL_Driver/Src/stm32h5xx_hal_sd.c:3281:13:SD_PowerOFF	16	static
../Drivers/STM32H5xx_HAL_Driver/Src/stm32h5xx_hal_sd.c:3294:17:SD_SendSDStatus	56	static
../Drivers/STM32H5xx_HAL_Driver/Src/stm32h5xx_hal_sd.c:3400:17:SD_SendStatus	24	static
../Drivers/STM32H5xx_HAL_Driver/Src/stm32h5xx_hal_sd.c:3427:17:SD_WideBus_Enable	32	static
../Drivers/STM32H5xx_HAL_Driver/Src/stm32h5xx_hal_sd.c:3474:17:SD_WideBus_Disable	32	static
../Drivers/STM32H5xx_HAL_Driver/Src/stm32h5xx_hal_sd.c:3522:17:SD_FindSCR	64	static
../Drivers/STM32H5xx_HAL_Driver/Src/stm32h5xx_hal_sd.c:3617:13:SD_Read_IT	32	static
../Drivers/STM32H5xx_HAL_Driver/Src/stm32h5xx_hal_sd.c:3652:13:SD_Write_IT	32	static
../Drivers/STM32H5xx_HAL_Driver/Src/stm32h5xx_hal_sd.c:3690:10:SD_SwitchSpeed	128	static
../Drivers/STM32H5xx_HAL_Driver/Src/stm32h5xx_hal_sd.c:4055:13:HAL_SDEx_Read_DMALnkLstBufCpltCallback	16	static
../Drivers/STM32H5xx_HAL_Driver/Src/stm32h5xx_hal_sd.c:4069:13:HAL_SDEx_Write_DMALnkLstBufCpltCallback	16	static
