../Core/Src/airbrake_deploy.c:76:13:Deploy_Print	176	static
../Core/Src/airbrake_deploy.c:93:16:abs_i32	16	static
../Core/Src/airbrake_deploy.c:98:14:FlapAngle_From_Displacement_mm	16	static
../Core/Src/airbrake_deploy.c:109:13:Print_Units_As_mm	40	static
../Core/Src/airbrake_deploy.c:127:9:Airbrake_Angle_To_Position_um	40	static
../Core/Src/airbrake_deploy.c:156:16:MoveTowardTarget	24	static
../Core/Src/airbrake_deploy.c:179:6:Airbrake_Deploy_Init	4	static
../Core/Src/airbrake_deploy.c:185:6:Airbrake_GoToMax	8	static
../Core/Src/airbrake_deploy.c:194:6:Airbrake_GoToZero	8	static
../Core/Src/airbrake_deploy.c:203:6:Airbrake_Start_Sequence	24	static
../Core/Src/airbrake_deploy.c:225:9:Airbrake_Is_Sequence_Active	4	static
../Core/Src/airbrake_deploy.c:230:6:Airbrake_Deploy_Task	40	static
