../Core/Src/encoder_homing.c:39:13:Homing_Print	144	static
../Core/Src/encoder_homing.c:55:16:abs_i32	16	static
../Core/Src/encoder_homing.c:60:6:Encoder_Homing_Init	4	static
../Core/Src/encoder_homing.c:67:6:Encoder_Homing_Start	8	static
../Core/Src/encoder_homing.c:78:9:Encoder_Homing_Is_Active	4	static
../Core/Src/encoder_homing.c:83:9:Encoder_Homing_Get_Min_um	4	static
../Core/Src/encoder_homing.c:88:9:Encoder_Homing_Get_Max_um	4	static
../Core/Src/encoder_homing.c:93:6:Encoder_Homing_Task	40	static
