../Core/Src/encoder_homing.c:131:13:CurrentAvg_Reset	8	static
../Core/Src/encoder_homing.c:140:13:CurrentAvg_Push	48	static
../Core/Src/encoder_homing.c:158:17:CurrentAvg_Get	16	static
../Core/Src/encoder_homing.c:190:13:Homing_Print	176	static
../Core/Src/encoder_homing.c:205:16:abs_i32	16	static
../Core/Src/encoder_homing.c:208:13:EnterState	16	static
../Core/Src/encoder_homing.c:232:16:StallDetected	24	static
../Core/Src/encoder_homing.c:281:6:Encoder_Homing_Init	8	static
../Core/Src/encoder_homing.c:289:6:Encoder_Homing_Start	8	static
../Core/Src/encoder_homing.c:307:9:Encoder_Homing_Is_Active	4	static
../Core/Src/encoder_homing.c:312:9:Encoder_Homing_Get_Range_Units	4	static
../Core/Src/encoder_homing.c:317:6:Encoder_Homing_Task	32	static
