../Core/Src/esc_app.c:81:16:clamp_i32	24	static
../Core/Src/esc_app.c:88:16:map_i32	24	static
../Core/Src/esc_app.c:96:13:is_signed_integer	16	static
../Core/Src/esc_app.c:104:13:trim_whitespace	24	static
../Core/Src/esc_app.c:115:13:str_to_upper	24	static
../Core/Src/esc_app.c:124:13:App_Print	176	static
../Core/Src/esc_app.c:144:13:PWM_Set	16	static
../Core/Src/esc_app.c:155:13:StartUartRxITs	8	static
../Core/Src/esc_app.c:178:13:HandleCommand	112	static
../Core/Src/esc_app.c:325:13:ProcessConsoleByte	24	static
../Core/Src/esc_app.c:352:6:ESC_App_SetPulseUs	16	static
../Core/Src/esc_app.c:357:6:ESC_App_StopMotor	8	static
../Core/Src/esc_app.c:362:6:ESC_App_SetPercent	32	static
../Core/Src/esc_app.c:371:9:ESC_App_GetNeutralUs	4	static
../Core/Src/esc_app.c:380:6:ESC_App_Init	24	static
../Core/Src/esc_app.c:434:6:ESC_App_Task	8	static
../Core/Src/esc_app.c:474:6:HAL_UART_RxCpltCallback	16	static
../Core/Src/esc_app.c:506:6:HAL_UART_ErrorCallback	16	static
