../Drivers/CMSIS/Include/core_cm33.h:2711:34:__NVIC_SystemReset	4	static,ignoring_inline_asm
../Core/Src/esc_app.c:158:16:clamp_i32	24	static
../Core/Src/esc_app.c:165:16:map_i32	24	static
../Core/Src/esc_app.c:173:13:is_signed_integer	16	static
../Core/Src/esc_app.c:181:13:trim_whitespace	24	static
../Core/Src/esc_app.c:192:13:str_to_upper	24	static
../Core/Src/esc_app.c:202:16:PacketChecksum	24	static
../Core/Src/esc_app.c:215:16:SensorPacket_IsValid	24	static
../Core/Src/esc_app.c:237:13:Camera_SendSpiByte	16	static
../Core/Src/esc_app.c:257:13:Camera_ReadCurrent_mA	40	static
../Core/Src/esc_app.c:289:13:Upstream_ProcessByte	104	static
../Core/Src/esc_app.c:355:13:Upstream_EnableIrqRx	4	static
../Core/Src/esc_app.c:369:13:Upstream_EnsureIrqRxEnabled	24	static
../Core/Src/esc_app.c:385:13:Upstream_PollRx	16	static
../Core/Src/esc_app.c:400:37:Uart4_DebugPrintTask	744	static
../Core/Src/esc_app.c:457:13:FillAggregatePacket	16	static
../Core/Src/esc_app.c:472:13:ForwardAggregatePacketIfReady	192	static,ignoring_inline_asm
../Core/Src/esc_app.c:499:13:ForwardFallbackPacketToUsart2IfNeeded	112	static
../Core/Src/esc_app.c:525:13:PWM_Set	16	static
../Core/Src/esc_app.c:539:13:PollUartInputs	16	static
../Core/Src/esc_app.c:601:13:HandleCommand	112	static
../Core/Src/esc_app.c:766:13:ProcessConsoleByte	32	static
../Core/Src/esc_app.c:803:6:ESC_App_SetPulseUs	16	static
../Core/Src/esc_app.c:808:6:ESC_App_StopMotor	8	static
../Core/Src/esc_app.c:813:6:ESC_App_SetPercent	32	static
../Core/Src/esc_app.c:822:9:ESC_App_GetNeutralUs	4	static
../Core/Src/esc_app.c:841:9:ESC_App_GetLatestSensorPacket	24	static,ignoring_inline_asm
../Core/Src/esc_app.c:859:6:ESC_App_Init	8	static
../Core/Src/esc_app.c:884:6:ESC_App_Task	8	static
../Core/Src/esc_app.c:921:6:ESC_App_Uart4IrqHandler	16	static
