../Core/Src/esc_app.c:49:13:StartUartRxITs	8	static
../Core/Src/esc_app.c:56:13:App_Print	176	static
../Core/Src/esc_app.c:74:16:clamp_i32	24	static
../Core/Src/esc_app.c:81:16:map_i32	24	static
../Core/Src/esc_app.c:87:13:is_signed_integer	16	static
../Core/Src/esc_app.c:109:13:trim_whitespace	24	static
../Core/Src/esc_app.c:126:13:strtoupper_inplace	24	static
../Core/Src/esc_app.c:135:13:PWM_SetMicroseconds	16	static
../Core/Src/esc_app.c:143:13:ApplyOutput	8	static
../Core/Src/esc_app.c:151:6:ESC_App_SetPulseUs	16	static
../Core/Src/esc_app.c:157:6:ESC_App_StopMotor	8	static
../Core/Src/esc_app.c:163:6:ESC_App_SetPercent	24	static
../Core/Src/esc_app.c:175:9:ESC_App_GetNeutralUs	4	static
../Core/Src/esc_app.c:180:13:HoldPulse	32	static
../Core/Src/esc_app.c:203:13:HandleCommand	112	static
../Core/Src/esc_app.c:306:13:ProcessConsoleByte	24	static
../Core/Src/esc_app.c:339:6:ESC_App_Init	8	static
../Core/Src/esc_app.c:383:6:ESC_App_Task	8	static
../Core/Src/esc_app.c:411:6:HAL_UART_RxCpltCallback	16	static
