../Core/Src/esc_telem.c:84:16:CalcCRC	24	static
../Core/Src/esc_telem.c:99:13:ProcessBuffer	8	static
../Core/Src/esc_telem.c:126:6:ESC_Telem_Init	8	static
../Core/Src/esc_telem.c:148:6:ESC_Telem_RxCpltCallback	8	static
../Core/Src/esc_telem.c:168:6:ESC_Telem_Task	8	static
../Core/Src/esc_telem.c:178:10:ESC_Telem_GetTemp_C	4	static
../Core/Src/esc_telem.c:179:10:ESC_Telem_GetVoltage_mV	4	static
../Core/Src/esc_telem.c:180:10:ESC_Telem_GetCurrent_mA	4	static
../Core/Src/esc_telem.c:181:10:ESC_Telem_GetConsumption_mAh	4	static
../Core/Src/esc_telem.c:182:10:ESC_Telem_GetERPM	4	static
../Core/Src/esc_telem.c:183:10:ESC_Telem_IsValid	4	static
../Core/Src/esc_telem.c:184:10:ESC_Telem_GetCRCErrors	4	static
../Core/Src/esc_telem.c:185:10:ESC_Telem_GetPacketsOk	4	static
