../Drivers/CMSIS/Include/core_cm33.h:2711:34:__NVIC_SystemReset	4	static,ignoring_inline_asm
../Core/Src/esc_app.c:201:16:clamp_i32	24	static
../Core/Src/esc_app.c:208:16:map_i32	24	static
../Core/Src/esc_app.c:216:13:is_signed_integer	16	static
../Core/Src/esc_app.c:224:13:trim_whitespace	24	static
../Core/Src/esc_app.c:235:13:str_to_upper	24	static
../Core/Src/esc_app.c:245:16:PacketChecksum	24	static
../Core/Src/esc_app.c:258:16:SensorPacket_IsValid	24	static
../Core/Src/esc_app.c:280:13:Camera_SendSpiByte	16	static
../Core/Src/esc_app.c:285:13:Camera_ForwardText	24	static
../Core/Src/esc_app.c:297:13:Camera_BeginPendingCommand	16	static
../Core/Src/esc_app.c:313:13:Camera_ObserveEchoLine	16	static
../Core/Src/esc_app.c:324:13:Camera_CheckCommandTimeoutTask	8	static
../Core/Src/esc_app.c:351:13:Camera_ReadCurrent_mA	40	static
../Core/Src/esc_app.c:391:13:Camera_PollEchoTask	32	static
../Core/Src/esc_app.c:459:13:Upstream_ProcessByte	104	static
../Core/Src/esc_app.c:525:13:Upstream_EnableIrqRx	4	static
../Core/Src/esc_app.c:539:13:Upstream_EnsureIrqRxEnabled	24	static
../Core/Src/esc_app.c:555:13:Upstream_PollRx	16	static
../Core/Src/esc_app.c:570:37:Uart4_DebugPrintTask	744	static
../Core/Src/esc_app.c:749:13:Battery_ADC_Init	8	static
../Core/Src/esc_app.c:790:13:Camera_PollCurrentTask	16	static
../Core/Src/esc_app.c:810:13:Battery_PollVoltageTask	24	static
../Core/Src/esc_app.c:836:13:FillAggregatePacket	16	static
../Core/Src/esc_app.c:853:13:ForwardAggregatePacketIfReady	200	static,ignoring_inline_asm
../Core/Src/esc_app.c:884:13:ForwardFallbackPacketToUsart2IfNeeded	120	static
../Core/Src/esc_app.c:912:13:PWM_Set	16	static
../Core/Src/esc_app.c:926:13:PollUartInputs	16	static
../Core/Src/esc_app.c:992:13:HandleCommand	120	static
../Core/Src/esc_app.c:1231:13:ProcessConsoleByte	32	static
../Core/Src/esc_app.c:1268:6:ESC_App_SetPulseUs	16	static
../Core/Src/esc_app.c:1273:6:ESC_App_StopMotor	8	static
../Core/Src/esc_app.c:1278:6:ESC_App_SetPercent	32	static
../Core/Src/esc_app.c:1287:9:ESC_App_GetNeutralUs	4	static
../Core/Src/esc_app.c:1306:9:ESC_App_GetLatestSensorPacket	24	static,ignoring_inline_asm
../Core/Src/esc_app.c:1320:7:ESC_App_GetCamCurrent_mA	4	static
../Core/Src/esc_app.c:1325:10:ESC_App_GetBattVoltage_mV	4	static
../Core/Src/esc_app.c:1334:6:ESC_App_Init	8	static
../Core/Src/esc_app.c:1380:6:ESC_App_Task	8	static
../Core/Src/esc_app.c:1468:6:ESC_App_Uart4IrqHandler	16	static
