../Core/Src/flight_estimator.c:150:14:Atm_Temperature	24	static
../Core/Src/flight_estimator.c:157:14:Atm_Density	24	static
../Core/Src/flight_estimator.c:164:14:Atm_SpeedOfSound	16	static
../Core/Src/flight_estimator.c:173:14:CdBodyInterp	24	static
../Core/Src/flight_estimator.c:190:14:DragAccel	48	static
../Core/Src/flight_estimator.c:204:13:KF_Init	16	static
../Core/Src/flight_estimator.c:214:13:KF_Predict	48	static
../Core/Src/flight_estimator.c:238:13:KF_Update	48	static
../Core/Src/flight_estimator.c:263:14:PredictApogee	48	static
../Core/Src/flight_estimator.c:285:13:Motor_Integrate	24	static
../Core/Src/flight_estimator.c:295:13:Motor_FinaliseImpulse	16	static
../Core/Src/flight_estimator.c:307:6:Estimator_Init	8	static
../Core/Src/flight_estimator.c:324:6:Estimator_SetBoost	8	static
../Core/Src/flight_estimator.c:333:6:Estimator_SetCoast	8	static
../Core/Src/flight_estimator.c:339:6:Estimator_Task	128	static
../Core/Src/flight_estimator.c:428:6:Estimator_GetState	24	static,ignoring_inline_asm
../Core/Src/flight_estimator.c:436:6:Estimator_SetDeployLevel	16	static
../Core/Src/flight_estimator.c:441:7:Estimator_GetDeployLevel	4	static
