../Core/Src/sd_logger.c:132:13:Logger_Print	336	static
../Core/Src/sd_logger.c:148:13:Logger_Write	24	static
../Core/Src/sd_logger.c:176:14:Vec3Mag	24	static
../Core/Src/sd_logger.c:182:14:DisplacementMm_to_AngleDeg	24	static
../Core/Src/sd_logger.c:197:9:SD_Logger_Init	32	static
../Core/Src/sd_logger.c:241:6:SD_Logger_Start	24	static
../Core/Src/sd_logger.c:289:6:SD_Logger_Stop	8	static
../Core/Src/sd_logger.c:307:9:SD_Logger_Is_Active	4	static
../Core/Src/sd_logger.c:312:6:SD_Logger_SetEpoch	16	static
../Core/Src/sd_logger.c:319:6:SD_Logger_Task	1384	static
