../Core/Src/stm32h5xx_it.c:67:6:NMI_Handler	4	static
../Core/Src/stm32h5xx_it.c:82:6:HardFault_Handler	4	static
../Core/Src/stm32h5xx_it.c:97:6:MemManage_Handler	4	static
../Core/Src/stm32h5xx_it.c:112:6:BusFault_Handler	4	static
../Core/Src/stm32h5xx_it.c:127:6:UsageFault_Handler	4	static
../Core/Src/stm32h5xx_it.c:142:6:SVC_Handler	4	static
../Core/Src/stm32h5xx_it.c:155:6:DebugMon_Handler	4	static
../Core/Src/stm32h5xx_it.c:168:6:PendSV_Handler	4	static
../Core/Src/stm32h5xx_it.c:181:6:SysTick_Handler	8	static
../Core/Src/stm32h5xx_it.c:202:6:EXTI4_IRQHandler	8	static
../Core/Src/stm32h5xx_it.c:216:6:EXTI6_IRQHandler	8	static
../Core/Src/stm32h5xx_it.c:230:6:EXTI7_IRQHandler	8	static
../Core/Src/stm32h5xx_it.c:244:6:SDMMC1_IRQHandler	8	static
../Core/Src/stm32h5xx_it.c:258:6:TIM4_IRQHandler	8	static
../Core/Src/stm32h5xx_it.c:272:6:UART4_IRQHandler	8	static
../Core/Src/stm32h5xx_it.c:293:6:HAL_GPIO_EXTI_Rising_Callback	16	static
../Core/Src/stm32h5xx_it.c:298:6:HAL_GPIO_EXTI_Falling_Callback	16	static
../Core/Src/stm32h5xx_it.c:303:6:UART5_IRQHandler	8	static
