../Core/Src/main.c:197:26:ADV7280_WriteReg	32	static
../Core/Src/main.c:215:26:ADV7280_Init	16	static
../Core/Src/main.c:251:29:RunCam_Init	56	static
../Core/Src/main.c:304:13:SPI_StartReceive	8	static
../Core/Src/main.c:322:13:CamEcho_Write	24	static
../Core/Src/main.c:337:16:CamEcho_Available	4	static
../Core/Src/main.c:343:16:CamEcho_Read	16	static
../Core/Src/main.c:357:13:CamEcho_WriteResult	16	static
../Core/Src/main.c:379:13:SPI_SendCurrentReading	48	static
../Core/Src/main.c:415:13:RunCam_DispatchSpiCommand	16	static
../Core/Src/main.c:496:5:main	16	static
../Core/Src/main.c:597:6:HAL_SPI_RxCpltCallback	16	static
../Core/Src/main.c:614:6:SystemClock_Config	120	static
../Core/Src/main.c:668:13:MX_I2C1_Init	8	static
../Core/Src/main.c:726:13:MX_I2C3_Init	8	static
../Core/Src/main.c:778:13:MX_DCMI_Init	8	static
../Core/Src/main.c:815:13:MX_SPI2_Init	8	static
../Core/Src/main.c:866:13:MX_ADC1_Init	152	static
../Core/Src/main.c:929:13:MX_UART4_Init	8	static
../Core/Src/main.c:977:13:MX_GPIO_Init	40	static
../Core/Src/main.c:1027:6:MPU_Config	24	static
../Core/Src/main.c:1057:6:Error_Handler	4	static,ignoring_inline_asm
