../Core/Src/main.c:149:29:RunCam_Init	4
../Core/Src/main.c:194:13:SPI_StartReceive	1
../Core/Src/main.c:216:13:SPI_SendCurrentReading	1
../Core/Src/main.c:247:13:RunCam_DispatchSpiCommand	6
../Core/Src/main.c:301:5:main	2
../Core/Src/main.c:382:6:HAL_SPI_RxCpltCallback	2
../Core/Src/main.c:399:6:SystemClock_Config	4
../Core/Src/main.c:453:13:MX_I2C1_Init	4
../Core/Src/main.c:506:13:MX_SPI2_Init	2
../Core/Src/main.c:557:13:MX_ADC1_Init	4
../Core/Src/main.c:620:13:MX_UART4_Init	5
../Core/Src/main.c:668:13:MX_GPIO_Init	1
../Core/Src/main.c:683:6:MPU_Config	1
../Core/Src/main.c:713:6:Error_Handler	1
