../Core/Src/main.c:197:26:ADV7280_WriteReg	1
../Core/Src/main.c:215:26:ADV7280_Init	3
../Core/Src/main.c:251:29:RunCam_Init	4
../Core/Src/main.c:304:13:SPI_StartReceive	1
../Core/Src/main.c:322:13:CamEcho_Write	3
../Core/Src/main.c:337:16:CamEcho_Available	1
../Core/Src/main.c:343:16:CamEcho_Read	2
../Core/Src/main.c:357:13:CamEcho_WriteResult	5
../Core/Src/main.c:379:13:SPI_SendCurrentReading	1
../Core/Src/main.c:415:13:RunCam_DispatchSpiCommand	8
../Core/Src/main.c:496:5:main	2
../Core/Src/main.c:597:6:HAL_SPI_RxCpltCallback	2
../Core/Src/main.c:614:6:SystemClock_Config	4
../Core/Src/main.c:668:13:MX_I2C1_Init	4
../Core/Src/main.c:726:13:MX_I2C3_Init	4
../Core/Src/main.c:778:13:MX_DCMI_Init	2
../Core/Src/main.c:815:13:MX_SPI2_Init	2
../Core/Src/main.c:866:13:MX_ADC1_Init	4
../Core/Src/main.c:929:13:MX_UART4_Init	5
../Core/Src/main.c:977:13:MX_GPIO_Init	1
../Core/Src/main.c:1027:6:MPU_Config	1
../Core/Src/main.c:1057:6:Error_Handler	1
