../Core/Src/main.c:149:29:RunCam_Init	16	static
../Core/Src/main.c:194:13:SPI_StartReceive	8	static
../Core/Src/main.c:216:13:SPI_SendCurrentReading	16	static
../Core/Src/main.c:247:13:RunCam_DispatchSpiCommand	16	static
../Core/Src/main.c:301:5:main	16	static
../Core/Src/main.c:382:6:HAL_SPI_RxCpltCallback	16	static
../Core/Src/main.c:399:6:SystemClock_Config	120	static
../Core/Src/main.c:453:13:MX_I2C1_Init	8	static
../Core/Src/main.c:506:13:MX_SPI2_Init	8	static
../Core/Src/main.c:557:13:MX_ADC1_Init	152	static
../Core/Src/main.c:620:13:MX_UART4_Init	8	static
../Core/Src/main.c:668:13:MX_GPIO_Init	16	static
../Core/Src/main.c:683:6:MPU_Config	24	static
../Core/Src/main.c:713:6:Error_Handler	4	static,ignoring_inline_asm
