C:/Users/parsa/Desktop/UGASpaceport/Embedded Programming/h5/Drivers/STM32H5xx_HAL_Driver/Src/stm32h5xx_hal_sd.c:3690:10:SD_SwitchSpeed	120	static
C:/Users/parsa/Desktop/UGASpaceport/Embedded Programming/h5/Drivers/STM32H5xx_HAL_Driver/Src/stm32h5xx_hal_sd.c:3522:17:SD_FindSCR.constprop	56	static
C:/Users/parsa/Desktop/UGASpaceport/Embedded Programming/h5/Drivers/STM32H5xx_HAL_Driver/Src/stm32h5xx_hal_sd.c:620:13:HAL_SD_MspInit	0	static
C:/Users/parsa/Desktop/UGASpaceport/Embedded Programming/h5/Drivers/STM32H5xx_HAL_Driver/Src/stm32h5xx_hal_sd.c:635:13:HAL_SD_MspDeInit	0	static
C:/Users/parsa/Desktop/UGASpaceport/Embedded Programming/h5/Drivers/STM32H5xx_HAL_Driver/Src/stm32h5xx_hal_sd.c:564:19:HAL_SD_DeInit	8	static
C:/Users/parsa/Desktop/UGASpaceport/Embedded Programming/h5/Drivers/STM32H5xx_HAL_Driver/Src/stm32h5xx_hal_sd.c:676:19:HAL_SD_ReadBlocks	56	static
C:/Users/parsa/Desktop/UGASpaceport/Embedded Programming/h5/Drivers/STM32H5xx_HAL_Driver/Src/stm32h5xx_hal_sd.c:861:19:HAL_SD_WriteBlocks	64	static
C:/Users/parsa/Desktop/UGASpaceport/Embedded Programming/h5/Drivers/STM32H5xx_HAL_Driver/Src/stm32h5xx_hal_sd.c:1048:19:HAL_SD_ReadBlocks_IT	40	static
C:/Users/parsa/Desktop/UGASpaceport/Embedded Programming/h5/Drivers/STM32H5xx_HAL_Driver/Src/stm32h5xx_hal_sd.c:1143:19:HAL_SD_WriteBlocks_IT	40	static
C:/Users/parsa/Desktop/UGASpaceport/Embedded Programming/h5/Drivers/STM32H5xx_HAL_Driver/Src/stm32h5xx_hal_sd.c:1240:19:HAL_SD_ReadBlocks_DMA	48	static
C:/Users/parsa/Desktop/UGASpaceport/Embedded Programming/h5/Drivers/STM32H5xx_HAL_Driver/Src/stm32h5xx_hal_sd.c:1338:19:HAL_SD_WriteBlocks_DMA	48	static
C:/Users/parsa/Desktop/UGASpaceport/Embedded Programming/h5/Drivers/STM32H5xx_HAL_Driver/Src/stm32h5xx_hal_sd.c:1433:19:HAL_SD_Erase	24	static
C:/Users/parsa/Desktop/UGASpaceport/Embedded Programming/h5/Drivers/STM32H5xx_HAL_Driver/Src/stm32h5xx_hal_sd.c:1747:21:HAL_SD_GetState	0	static
C:/Users/parsa/Desktop/UGASpaceport/Embedded Programming/h5/Drivers/STM32H5xx_HAL_Driver/Src/stm32h5xx_hal_sd.c:1758:10:HAL_SD_GetError	0	static
C:/Users/parsa/Desktop/UGASpaceport/Embedded Programming/h5/Drivers/STM32H5xx_HAL_Driver/Src/stm32h5xx_hal_sd.c:1768:13:HAL_SD_TxCpltCallback	0	static
C:/Users/parsa/Desktop/UGASpaceport/Embedded Programming/h5/Drivers/STM32H5xx_HAL_Driver/Src/stm32h5xx_hal_sd.c:1783:13:HAL_SD_RxCpltCallback	0	static
C:/Users/parsa/Desktop/UGASpaceport/Embedded Programming/h5/Drivers/STM32H5xx_HAL_Driver/Src/stm32h5xx_hal_sd.c:1798:13:HAL_SD_ErrorCallback	0	static
C:/Users/parsa/Desktop/UGASpaceport/Embedded Programming/h5/Drivers/STM32H5xx_HAL_Driver/Src/stm32h5xx_hal_sd.c:1813:13:HAL_SD_AbortCallback	0	static
C:/Users/parsa/Desktop/UGASpaceport/Embedded Programming/h5/Drivers/STM32H5xx_HAL_Driver/Src/stm32h5xx_hal_sd.c:2123:19:HAL_SD_GetCardCID	8	static
C:/Users/parsa/Desktop/UGASpaceport/Embedded Programming/h5/Drivers/STM32H5xx_HAL_Driver/Src/stm32h5xx_hal_sd.c:2156:19:HAL_SD_GetCardCSD	8	static
C:/Users/parsa/Desktop/UGASpaceport/Embedded Programming/h5/Drivers/STM32H5xx_HAL_Driver/Src/stm32h5xx_hal_sd.c:465:19:HAL_SD_InitCard	104	static
C:/Users/parsa/Desktop/UGASpaceport/Embedded Programming/h5/Drivers/STM32H5xx_HAL_Driver/Src/stm32h5xx_hal_sd.c:2270:19:HAL_SD_GetCardStatus	112	static
C:/Users/parsa/Desktop/UGASpaceport/Embedded Programming/h5/Drivers/STM32H5xx_HAL_Driver/Src/stm32h5xx_hal_sd.c:2339:19:HAL_SD_GetCardInfo	0	static
C:/Users/parsa/Desktop/UGASpaceport/Embedded Programming/h5/Drivers/STM32H5xx_HAL_Driver/Src/stm32h5xx_hal_sd.c:2364:19:HAL_SD_ConfigWideBusOperation	48	static
C:/Users/parsa/Desktop/UGASpaceport/Embedded Programming/h5/Drivers/STM32H5xx_HAL_Driver/Src/stm32h5xx_hal_sd.c:2840:25:HAL_SD_GetCardState	8	static
C:/Users/parsa/Desktop/UGASpaceport/Embedded Programming/h5/Drivers/STM32H5xx_HAL_Driver/Src/stm32h5xx_hal_sd.c:336:19:HAL_SD_Init	40	static
C:/Users/parsa/Desktop/UGASpaceport/Embedded Programming/h5/Drivers/STM32H5xx_HAL_Driver/Src/stm32h5xx_hal_sd.c:2542:19:HAL_SD_ConfigSpeedBusOperation	16	static
C:/Users/parsa/Desktop/UGASpaceport/Embedded Programming/h5/Drivers/STM32H5xx_HAL_Driver/Src/stm32h5xx_hal_sd.c:2863:19:HAL_SD_Abort	24	static
C:/Users/parsa/Desktop/UGASpaceport/Embedded Programming/h5/Drivers/STM32H5xx_HAL_Driver/Src/stm32h5xx_hal_sd.c:2959:19:HAL_SD_Abort_IT	16	static
C:/Users/parsa/Desktop/UGASpaceport/Embedded Programming/h5/Drivers/STM32H5xx_HAL_Driver/Src/stm32h5xx_hal_sd.c:4055:13:HAL_SDEx_Read_DMALnkLstBufCpltCallback	0	static
C:/Users/parsa/Desktop/UGASpaceport/Embedded Programming/h5/Drivers/STM32H5xx_HAL_Driver/Src/stm32h5xx_hal_sd.c:4069:13:HAL_SDEx_Write_DMALnkLstBufCpltCallback	0	static
C:/Users/parsa/Desktop/UGASpaceport/Embedded Programming/h5/Drivers/STM32H5xx_HAL_Driver/Src/stm32h5xx_hal_sd.c:1535:6:HAL_SD_IRQHandler	32	static
