C:/Users/parsa/Desktop/UGASpaceport/Embedded Programming/h5/Drivers/STM32H5xx_HAL_Driver/Src/stm32h5xx_hal_rtc_ex.c:235:19:HAL_RTCEx_SetTimeStamp	0	static
C:/Users/parsa/Desktop/UGASpaceport/Embedded Programming/h5/Drivers/STM32H5xx_HAL_Driver/Src/stm32h5xx_hal_rtc_ex.c:288:19:HAL_RTCEx_SetTimeStamp_IT	0	static
C:/Users/parsa/Desktop/UGASpaceport/Embedded Programming/h5/Drivers/STM32H5xx_HAL_Driver/Src/stm32h5xx_hal_rtc_ex.c:330:19:HAL_RTCEx_DeactivateTimeStamp	0	static
C:/Users/parsa/Desktop/UGASpaceport/Embedded Programming/h5/Drivers/STM32H5xx_HAL_Driver/Src/stm32h5xx_hal_rtc_ex.c:361:19:HAL_RTCEx_SetInternalTimeStamp	0	static
C:/Users/parsa/Desktop/UGASpaceport/Embedded Programming/h5/Drivers/STM32H5xx_HAL_Driver/Src/stm32h5xx_hal_rtc_ex.c:386:19:HAL_RTCEx_DeactivateInternalTimeStamp	0	static
C:/Users/parsa/Desktop/UGASpaceport/Embedded Programming/h5/Drivers/STM32H5xx_HAL_Driver/Src/stm32h5xx_hal_rtc_ex.c:416:19:HAL_RTCEx_GetTimeStamp	24	static
C:/Users/parsa/Desktop/UGASpaceport/Embedded Programming/h5/Drivers/STM32H5xx_HAL_Driver/Src/stm32h5xx_hal_rtc_ex.c:500:13:HAL_RTCEx_TimeStampEventCallback	0	static
C:/Users/parsa/Desktop/UGASpaceport/Embedded Programming/h5/Drivers/STM32H5xx_HAL_Driver/Src/stm32h5xx_hal_rtc_ex.c:470:6:HAL_RTCEx_TimeStampIRQHandler	16	static
C:/Users/parsa/Desktop/UGASpaceport/Embedded Programming/h5/Drivers/STM32H5xx_HAL_Driver/Src/stm32h5xx_hal_rtc_ex.c:516:19:HAL_RTCEx_PollForTimeStampEvent	16	static
C:/Users/parsa/Desktop/UGASpaceport/Embedded Programming/h5/Drivers/STM32H5xx_HAL_Driver/Src/stm32h5xx_hal_rtc_ex.c:578:19:HAL_RTCEx_SetWakeUpTimer	24	static
C:/Users/parsa/Desktop/UGASpaceport/Embedded Programming/h5/Drivers/STM32H5xx_HAL_Driver/Src/stm32h5xx_hal_rtc_ex.c:655:19:HAL_RTCEx_SetWakeUpTimer_IT	32	static
C:/Users/parsa/Desktop/UGASpaceport/Embedded Programming/h5/Drivers/STM32H5xx_HAL_Driver/Src/stm32h5xx_hal_rtc_ex.c:730:19:HAL_RTCEx_DeactivateWakeUpTimer	0	static
C:/Users/parsa/Desktop/UGASpaceport/Embedded Programming/h5/Drivers/STM32H5xx_HAL_Driver/Src/stm32h5xx_hal_rtc_ex.c:756:10:HAL_RTCEx_GetWakeUpTimer	0	static
C:/Users/parsa/Desktop/UGASpaceport/Embedded Programming/h5/Drivers/STM32H5xx_HAL_Driver/Src/stm32h5xx_hal_rtc_ex.c:798:13:HAL_RTCEx_WakeUpTimerEventCallback	0	static
C:/Users/parsa/Desktop/UGASpaceport/Embedded Programming/h5/Drivers/STM32H5xx_HAL_Driver/Src/stm32h5xx_hal_rtc_ex.c:770:6:HAL_RTCEx_WakeUpTimerIRQHandler	8	static
C:/Users/parsa/Desktop/UGASpaceport/Embedded Programming/h5/Drivers/STM32H5xx_HAL_Driver/Src/stm32h5xx_hal_rtc_ex.c:814:19:HAL_RTCEx_PollForWakeUpTimerEvent	16	static
C:/Users/parsa/Desktop/UGASpaceport/Embedded Programming/h5/Drivers/STM32H5xx_HAL_Driver/Src/stm32h5xx_hal_rtc_ex.c:896:19:HAL_RTCEx_SetSmoothCalib	32	static
C:/Users/parsa/Desktop/UGASpaceport/Embedded Programming/h5/Drivers/STM32H5xx_HAL_Driver/Src/stm32h5xx_hal_rtc_ex.c:966:19:HAL_RTCEx_SetLowPowerCalib	0	static
C:/Users/parsa/Desktop/UGASpaceport/Embedded Programming/h5/Drivers/STM32H5xx_HAL_Driver/Src/stm32h5xx_hal_rtc_ex.c:1007:19:HAL_RTCEx_SetSynchroShift	24	static
C:/Users/parsa/Desktop/UGASpaceport/Embedded Programming/h5/Drivers/STM32H5xx_HAL_Driver/Src/stm32h5xx_hal_rtc_ex.c:1113:19:HAL_RTCEx_SetCalibrationOutPut	0	static
C:/Users/parsa/Desktop/UGASpaceport/Embedded Programming/h5/Drivers/STM32H5xx_HAL_Driver/Src/stm32h5xx_hal_rtc_ex.c:1144:19:HAL_RTCEx_DeactivateCalibrationOutPut	0	static
C:/Users/parsa/Desktop/UGASpaceport/Embedded Programming/h5/Drivers/STM32H5xx_HAL_Driver/Src/stm32h5xx_hal_rtc_ex.c:1171:19:HAL_RTCEx_SetRefClock	16	static
C:/Users/parsa/Desktop/UGASpaceport/Embedded Programming/h5/Drivers/STM32H5xx_HAL_Driver/Src/stm32h5xx_hal_rtc_ex.c:1215:19:HAL_RTCEx_DeactivateRefClock	16	static
C:/Users/parsa/Desktop/UGASpaceport/Embedded Programming/h5/Drivers/STM32H5xx_HAL_Driver/Src/stm32h5xx_hal_rtc_ex.c:1262:19:HAL_RTCEx_EnableBypassShadow	0	static
C:/Users/parsa/Desktop/UGASpaceport/Embedded Programming/h5/Drivers/STM32H5xx_HAL_Driver/Src/stm32h5xx_hal_rtc_ex.c:1289:19:HAL_RTCEx_DisableBypassShadow	0	static
C:/Users/parsa/Desktop/UGASpaceport/Embedded Programming/h5/Drivers/STM32H5xx_HAL_Driver/Src/stm32h5xx_hal_rtc_ex.c:1317:19:HAL_RTCEx_MonotonicCounterIncrement	0	static
C:/Users/parsa/Desktop/UGASpaceport/Embedded Programming/h5/Drivers/STM32H5xx_HAL_Driver/Src/stm32h5xx_hal_rtc_ex.c:1339:19:HAL_RTCEx_MonotonicCounterGet	0	static
C:/Users/parsa/Desktop/UGASpaceport/Embedded Programming/h5/Drivers/STM32H5xx_HAL_Driver/Src/stm32h5xx_hal_rtc_ex.c:1358:19:HAL_RTCEx_SetSSRU_IT	0	static
C:/Users/parsa/Desktop/UGASpaceport/Embedded Programming/h5/Drivers/STM32H5xx_HAL_Driver/Src/stm32h5xx_hal_rtc_ex.c:1383:19:HAL_RTCEx_DeactivateSSRU	0	static
C:/Users/parsa/Desktop/UGASpaceport/Embedded Programming/h5/Drivers/STM32H5xx_HAL_Driver/Src/stm32h5xx_hal_rtc_ex.c:1439:13:HAL_RTCEx_SSRUEventCallback	0	static
C:/Users/parsa/Desktop/UGASpaceport/Embedded Programming/h5/Drivers/STM32H5xx_HAL_Driver/Src/stm32h5xx_hal_rtc_ex.c:1408:6:HAL_RTCEx_SSRUIRQHandler	8	static
C:/Users/parsa/Desktop/UGASpaceport/Embedded Programming/h5/Drivers/STM32H5xx_HAL_Driver/Src/stm32h5xx_hal_rtc_ex.c:1473:13:HAL_RTCEx_AlarmBEventCallback	0	static
C:/Users/parsa/Desktop/UGASpaceport/Embedded Programming/h5/Drivers/STM32H5xx_HAL_Driver/Src/stm32h5xx_hal_rtc_ex.c:1489:19:HAL_RTCEx_PollForAlarmBEvent	16	static
C:/Users/parsa/Desktop/UGASpaceport/Embedded Programming/h5/Drivers/STM32H5xx_HAL_Driver/Src/stm32h5xx_hal_rtc_ex.c:1559:19:HAL_RTCEx_SetTamper	16	static
C:/Users/parsa/Desktop/UGASpaceport/Embedded Programming/h5/Drivers/STM32H5xx_HAL_Driver/Src/stm32h5xx_hal_rtc_ex.c:1635:19:HAL_RTCEx_SetTamper_IT	12	static
C:/Users/parsa/Desktop/UGASpaceport/Embedded Programming/h5/Drivers/STM32H5xx_HAL_Driver/Src/stm32h5xx_hal_rtc_ex.c:1711:19:HAL_RTCEx_DeactivateTamper	0	static
C:/Users/parsa/Desktop/UGASpaceport/Embedded Programming/h5/Drivers/STM32H5xx_HAL_Driver/Src/stm32h5xx_hal_rtc_ex.c:1867:19:HAL_RTCEx_SetActiveSeed	16	static
C:/Users/parsa/Desktop/UGASpaceport/Embedded Programming/h5/Drivers/STM32H5xx_HAL_Driver/Src/stm32h5xx_hal_rtc_ex.c:1915:19:HAL_RTCEx_LockBootHardwareKey	0	static
C:/Users/parsa/Desktop/UGASpaceport/Embedded Programming/h5/Drivers/STM32H5xx_HAL_Driver/Src/stm32h5xx_hal_rtc_ex.c:1931:19:HAL_RTCEx_DeactivateActiveTampers	0	static
C:/Users/parsa/Desktop/UGASpaceport/Embedded Programming/h5/Drivers/STM32H5xx_HAL_Driver/Src/stm32h5xx_hal_rtc_ex.c:1741:19:HAL_RTCEx_SetActiveTampers	32	static
C:/Users/parsa/Desktop/UGASpaceport/Embedded Programming/h5/Drivers/STM32H5xx_HAL_Driver/Src/stm32h5xx_hal_rtc_ex.c:1983:19:HAL_RTCEx_PollForTamperEvent	24	static
C:/Users/parsa/Desktop/UGASpaceport/Embedded Programming/h5/Drivers/STM32H5xx_HAL_Driver/Src/stm32h5xx_hal_rtc_ex.c:2025:19:HAL_RTCEx_SetInternalTamper	8	static
C:/Users/parsa/Desktop/UGASpaceport/Embedded Programming/h5/Drivers/STM32H5xx_HAL_Driver/Src/stm32h5xx_hal_rtc_ex.c:2066:19:HAL_RTCEx_SetInternalTamper_IT	0	static
C:/Users/parsa/Desktop/UGASpaceport/Embedded Programming/h5/Drivers/STM32H5xx_HAL_Driver/Src/stm32h5xx_hal_rtc_ex.c:2109:19:HAL_RTCEx_DeactivateInternalTamper	0	static
C:/Users/parsa/Desktop/UGASpaceport/Embedded Programming/h5/Drivers/STM32H5xx_HAL_Driver/Src/stm32h5xx_hal_rtc_ex.c:2136:19:HAL_RTCEx_PollForInternalTamperEvent	0	static
C:/Users/parsa/Desktop/UGASpaceport/Embedded Programming/h5/Drivers/STM32H5xx_HAL_Driver/Src/stm32h5xx_hal_rtc_ex.c:2449:13:HAL_RTCEx_Tamper1EventCallback	0	static
C:/Users/parsa/Desktop/UGASpaceport/Embedded Programming/h5/Drivers/STM32H5xx_HAL_Driver/Src/stm32h5xx_hal_rtc_ex.c:2464:13:HAL_RTCEx_Tamper2EventCallback	0	static
C:/Users/parsa/Desktop/UGASpaceport/Embedded Programming/h5/Drivers/STM32H5xx_HAL_Driver/Src/stm32h5xx_hal_rtc_ex.c:2479:13:HAL_RTCEx_Tamper3EventCallback	0	static
C:/Users/parsa/Desktop/UGASpaceport/Embedded Programming/h5/Drivers/STM32H5xx_HAL_Driver/Src/stm32h5xx_hal_rtc_ex.c:2494:13:HAL_RTCEx_Tamper4EventCallback	0	static
C:/Users/parsa/Desktop/UGASpaceport/Embedded Programming/h5/Drivers/STM32H5xx_HAL_Driver/Src/stm32h5xx_hal_rtc_ex.c:2509:13:HAL_RTCEx_Tamper5EventCallback	0	static
C:/Users/parsa/Desktop/UGASpaceport/Embedded Programming/h5/Drivers/STM32H5xx_HAL_Driver/Src/stm32h5xx_hal_rtc_ex.c:2524:13:HAL_RTCEx_Tamper6EventCallback	0	static
C:/Users/parsa/Desktop/UGASpaceport/Embedded Programming/h5/Drivers/STM32H5xx_HAL_Driver/Src/stm32h5xx_hal_rtc_ex.c:2539:13:HAL_RTCEx_Tamper7EventCallback	0	static
C:/Users/parsa/Desktop/UGASpaceport/Embedded Programming/h5/Drivers/STM32H5xx_HAL_Driver/Src/stm32h5xx_hal_rtc_ex.c:2554:13:HAL_RTCEx_Tamper8EventCallback	0	static
C:/Users/parsa/Desktop/UGASpaceport/Embedded Programming/h5/Drivers/STM32H5xx_HAL_Driver/Src/stm32h5xx_hal_rtc_ex.c:2569:13:HAL_RTCEx_InternalTamper1EventCallback	0	static
C:/Users/parsa/Desktop/UGASpaceport/Embedded Programming/h5/Drivers/STM32H5xx_HAL_Driver/Src/stm32h5xx_hal_rtc_ex.c:2584:13:HAL_RTCEx_InternalTamper2EventCallback	0	static
C:/Users/parsa/Desktop/UGASpaceport/Embedded Programming/h5/Drivers/STM32H5xx_HAL_Driver/Src/stm32h5xx_hal_rtc_ex.c:2599:13:HAL_RTCEx_InternalTamper3EventCallback	0	static
C:/Users/parsa/Desktop/UGASpaceport/Embedded Programming/h5/Drivers/STM32H5xx_HAL_Driver/Src/stm32h5xx_hal_rtc_ex.c:2614:13:HAL_RTCEx_InternalTamper4EventCallback	0	static
C:/Users/parsa/Desktop/UGASpaceport/Embedded Programming/h5/Drivers/STM32H5xx_HAL_Driver/Src/stm32h5xx_hal_rtc_ex.c:2629:13:HAL_RTCEx_InternalTamper5EventCallback	0	static
C:/Users/parsa/Desktop/UGASpaceport/Embedded Programming/h5/Drivers/STM32H5xx_HAL_Driver/Src/stm32h5xx_hal_rtc_ex.c:2644:13:HAL_RTCEx_InternalTamper6EventCallback	0	static
C:/Users/parsa/Desktop/UGASpaceport/Embedded Programming/h5/Drivers/STM32H5xx_HAL_Driver/Src/stm32h5xx_hal_rtc_ex.c:2659:13:HAL_RTCEx_InternalTamper7EventCallback	0	static
C:/Users/parsa/Desktop/UGASpaceport/Embedded Programming/h5/Drivers/STM32H5xx_HAL_Driver/Src/stm32h5xx_hal_rtc_ex.c:2674:13:HAL_RTCEx_InternalTamper8EventCallback	0	static
C:/Users/parsa/Desktop/UGASpaceport/Embedded Programming/h5/Drivers/STM32H5xx_HAL_Driver/Src/stm32h5xx_hal_rtc_ex.c:2689:13:HAL_RTCEx_InternalTamper9EventCallback	0	static
C:/Users/parsa/Desktop/UGASpaceport/Embedded Programming/h5/Drivers/STM32H5xx_HAL_Driver/Src/stm32h5xx_hal_rtc_ex.c:2704:13:HAL_RTCEx_InternalTamper11EventCallback	0	static
C:/Users/parsa/Desktop/UGASpaceport/Embedded Programming/h5/Drivers/STM32H5xx_HAL_Driver/Src/stm32h5xx_hal_rtc_ex.c:2719:13:HAL_RTCEx_InternalTamper12EventCallback	0	static
C:/Users/parsa/Desktop/UGASpaceport/Embedded Programming/h5/Drivers/STM32H5xx_HAL_Driver/Src/stm32h5xx_hal_rtc_ex.c:2734:13:HAL_RTCEx_InternalTamper13EventCallback	0	static
C:/Users/parsa/Desktop/UGASpaceport/Embedded Programming/h5/Drivers/STM32H5xx_HAL_Driver/Src/stm32h5xx_hal_rtc_ex.c:2749:13:HAL_RTCEx_InternalTamper15EventCallback	0	static
C:/Users/parsa/Desktop/UGASpaceport/Embedded Programming/h5/Drivers/STM32H5xx_HAL_Driver/Src/stm32h5xx_hal_rtc_ex.c:2177:6:HAL_RTCEx_TamperIRQHandler	16	static
C:/Users/parsa/Desktop/UGASpaceport/Embedded Programming/h5/Drivers/STM32H5xx_HAL_Driver/Src/stm32h5xx_hal_rtc_ex.c:2791:6:HAL_RTCEx_BKUPWrite	0	static
C:/Users/parsa/Desktop/UGASpaceport/Embedded Programming/h5/Drivers/STM32H5xx_HAL_Driver/Src/stm32h5xx_hal_rtc_ex.c:2817:10:HAL_RTCEx_BKUPRead	0	static
C:/Users/parsa/Desktop/UGASpaceport/Embedded Programming/h5/Drivers/STM32H5xx_HAL_Driver/Src/stm32h5xx_hal_rtc_ex.c:2840:7:HAL_RTCEx_BKUPErase	0	static
C:/Users/parsa/Desktop/UGASpaceport/Embedded Programming/h5/Drivers/STM32H5xx_HAL_Driver/Src/stm32h5xx_hal_rtc_ex.c:2853:7:HAL_RTCEx_BKUPBlock	0	static
C:/Users/parsa/Desktop/UGASpaceport/Embedded Programming/h5/Drivers/STM32H5xx_HAL_Driver/Src/stm32h5xx_hal_rtc_ex.c:2866:7:HAL_RTCEx_BKUPUnblock	0	static
C:/Users/parsa/Desktop/UGASpaceport/Embedded Programming/h5/Drivers/STM32H5xx_HAL_Driver/Src/stm32h5xx_hal_rtc_ex.c:2886:7:HAL_RTCEx_ConfigEraseDeviceSecrets	0	static
C:/Users/parsa/Desktop/UGASpaceport/Embedded Programming/h5/Drivers/STM32H5xx_HAL_Driver/Src/stm32h5xx_hal_rtc_ex.c:2921:19:HAL_RTCEx_SecureModeGet	0	static
C:/Users/parsa/Desktop/UGASpaceport/Embedded Programming/h5/Drivers/STM32H5xx_HAL_Driver/Src/stm32h5xx_hal_rtc_ex.c:3015:19:HAL_RTCEx_PrivilegeModeSet	0	static
C:/Users/parsa/Desktop/UGASpaceport/Embedded Programming/h5/Drivers/STM32H5xx_HAL_Driver/Src/stm32h5xx_hal_rtc_ex.c:3061:19:HAL_RTCEx_PrivilegeModeGet	8	static
C:/Users/parsa/Desktop/UGASpaceport/Embedded Programming/h5/Drivers/STM32H5xx_HAL_Driver/Src/stm32h5xx_hal_rtc_ex.c:3109:6:HAL_RTCEx_EnableRemapRtcOut2	0	static
C:/Users/parsa/Desktop/UGASpaceport/Embedded Programming/h5/Drivers/STM32H5xx_HAL_Driver/Src/stm32h5xx_hal_rtc_ex.c:3124:6:HAL_RTCEx_DisableRemapRtcOut2	0	static
