../Drivers/STM32H5xx_HAL_Driver/Src/stm32h5xx_hal_tim_ex.c:3451:13:TIM_CCxNChannelCmd	8	static
../Drivers/STM32H5xx_HAL_Driver/Src/stm32h5xx_hal_tim_ex.c:3400:13:TIM_DMAErrorCCxN	8	static
../Drivers/STM32H5xx_HAL_Driver/Src/stm32h5xx_hal_tim_ex.c:3361:13:TIM_DMADelayPulseNCplt	8	static
../Drivers/STM32H5xx_HAL_Driver/Src/stm32h5xx_hal_tim_ex.c:304:13:HAL_TIMEx_HallSensor_MspInit	0	static
../Drivers/STM32H5xx_HAL_Driver/Src/stm32h5xx_hal_tim_ex.c:157:19:HAL_TIMEx_HallSensor_Init	48	static
../Drivers/STM32H5xx_HAL_Driver/Src/stm32h5xx_hal_tim_ex.c:319:13:HAL_TIMEx_HallSensor_MspDeInit	0	static
../Drivers/STM32H5xx_HAL_Driver/Src/stm32h5xx_hal_tim_ex.c:259:19:HAL_TIMEx_HallSensor_DeInit	8	static
../Drivers/STM32H5xx_HAL_Driver/Src/stm32h5xx_hal_tim_ex.c:334:19:HAL_TIMEx_HallSensor_Start	16	static
../Drivers/STM32H5xx_HAL_Driver/Src/stm32h5xx_hal_tim_ex.c:388:19:HAL_TIMEx_HallSensor_Stop	8	static
../Drivers/STM32H5xx_HAL_Driver/Src/stm32h5xx_hal_tim_ex.c:416:19:HAL_TIMEx_HallSensor_Start_IT	16	static
../Drivers/STM32H5xx_HAL_Driver/Src/stm32h5xx_hal_tim_ex.c:473:19:HAL_TIMEx_HallSensor_Stop_IT	8	static
../Drivers/STM32H5xx_HAL_Driver/Src/stm32h5xx_hal_tim_ex.c:506:19:HAL_TIMEx_HallSensor_Start_DMA	24	static
../Drivers/STM32H5xx_HAL_Driver/Src/stm32h5xx_hal_tim_ex.c:582:19:HAL_TIMEx_HallSensor_Stop_DMA	8	static
../Drivers/STM32H5xx_HAL_Driver/Src/stm32h5xx_hal_tim_ex.c:645:19:HAL_TIMEx_OCN_Start	8	static
../Drivers/STM32H5xx_HAL_Driver/Src/stm32h5xx_hal_tim_ex.c:697:19:HAL_TIMEx_OCN_Stop	16	static
../Drivers/STM32H5xx_HAL_Driver/Src/stm32h5xx_hal_tim_ex.c:730:19:HAL_TIMEx_OCN_Start_IT	8	static
../Drivers/STM32H5xx_HAL_Driver/Src/stm32h5xx_hal_tim_ex.c:825:19:HAL_TIMEx_OCN_Stop_IT	16	static
../Drivers/STM32H5xx_HAL_Driver/Src/stm32h5xx_hal_tim_ex.c:908:19:HAL_TIMEx_OCN_Start_DMA	16	static
../Drivers/STM32H5xx_HAL_Driver/Src/stm32h5xx_hal_tim_ex.c:1068:19:HAL_TIMEx_OCN_Stop_DMA	16	static
../Drivers/STM32H5xx_HAL_Driver/Src/stm32h5xx_hal_tim_ex.c:1167:19:HAL_TIMEx_PWMN_Start	0	static
../Drivers/STM32H5xx_HAL_Driver/Src/stm32h5xx_hal_tim_ex.c:1218:19:HAL_TIMEx_PWMN_Stop	0	static
../Drivers/STM32H5xx_HAL_Driver/Src/stm32h5xx_hal_tim_ex.c:1251:19:HAL_TIMEx_PWMN_Start_IT	0	static
../Drivers/STM32H5xx_HAL_Driver/Src/stm32h5xx_hal_tim_ex.c:1345:19:HAL_TIMEx_PWMN_Stop_IT	0	static
../Drivers/STM32H5xx_HAL_Driver/Src/stm32h5xx_hal_tim_ex.c:1428:19:HAL_TIMEx_PWMN_Start_DMA	0	static
../Drivers/STM32H5xx_HAL_Driver/Src/stm32h5xx_hal_tim_ex.c:1588:19:HAL_TIMEx_PWMN_Stop_DMA	0	static
../Drivers/STM32H5xx_HAL_Driver/Src/stm32h5xx_hal_tim_ex.c:1687:19:HAL_TIMEx_OnePulseN_Start	24	static
../Drivers/STM32H5xx_HAL_Driver/Src/stm32h5xx_hal_tim_ex.c:1736:19:HAL_TIMEx_OnePulseN_Stop	16	static
../Drivers/STM32H5xx_HAL_Driver/Src/stm32h5xx_hal_tim_ex.c:1775:19:HAL_TIMEx_OnePulseN_Start_IT	24	static
../Drivers/STM32H5xx_HAL_Driver/Src/stm32h5xx_hal_tim_ex.c:1830:19:HAL_TIMEx_OnePulseN_Stop_IT	16	static
../Drivers/STM32H5xx_HAL_Driver/Src/stm32h5xx_hal_tim_ex.c:1922:19:HAL_TIMEx_ConfigCommutEvent	8	static
../Drivers/STM32H5xx_HAL_Driver/Src/stm32h5xx_hal_tim_ex.c:1986:19:HAL_TIMEx_ConfigCommutEvent_IT	8	static
../Drivers/STM32H5xx_HAL_Driver/Src/stm32h5xx_hal_tim_ex.c:2051:19:HAL_TIMEx_ConfigCommutEvent_DMA	8	static
../Drivers/STM32H5xx_HAL_Driver/Src/stm32h5xx_hal_tim_ex.c:2099:19:HAL_TIMEx_MasterConfigSynchronization	12	static
../Drivers/STM32H5xx_HAL_Driver/Src/stm32h5xx_hal_tim_ex.c:2172:19:HAL_TIMEx_ConfigBreakDeadTime	8	static
../Drivers/STM32H5xx_HAL_Driver/Src/stm32h5xx_hal_tim_ex.c:2240:19:HAL_TIMEx_ConfigBreakInput	20	static
../Drivers/STM32H5xx_HAL_Driver/Src/stm32h5xx_hal_tim_ex.c:2416:19:HAL_TIMEx_RemapConfig	0	static
../Drivers/STM32H5xx_HAL_Driver/Src/stm32h5xx_hal_tim_ex.c:2569:20:HAL_TIMEx_TISelection	0	static
../Drivers/STM32H5xx_HAL_Driver/Src/stm32h5xx_hal_tim_ex.c:2623:19:HAL_TIMEx_GroupChannel5	0	static
../Drivers/STM32H5xx_HAL_Driver/Src/stm32h5xx_hal_tim_ex.c:2661:19:HAL_TIMEx_DisarmBreakInput	0	static
../Drivers/STM32H5xx_HAL_Driver/Src/stm32h5xx_hal_tim_ex.c:2715:19:HAL_TIMEx_ReArmBreakInput	16	static
../Drivers/STM32H5xx_HAL_Driver/Src/stm32h5xx_hal_tim_ex.c:2798:19:HAL_TIMEx_DitheringEnable	0	static
../Drivers/STM32H5xx_HAL_Driver/Src/stm32h5xx_hal_tim_ex.c:2822:19:HAL_TIMEx_DitheringDisable	0	static
../Drivers/STM32H5xx_HAL_Driver/Src/stm32h5xx_hal_tim_ex.c:2840:19:HAL_TIMEx_OC_ConfigPulseOnCompare	12	static
../Drivers/STM32H5xx_HAL_Driver/Src/stm32h5xx_hal_tim_ex.c:2885:19:HAL_TIMEx_ConfigSlaveModePreload	0	static
../Drivers/STM32H5xx_HAL_Driver/Src/stm32h5xx_hal_tim_ex.c:2900:19:HAL_TIMEx_EnableSlaveModePreload	0	static
../Drivers/STM32H5xx_HAL_Driver/Src/stm32h5xx_hal_tim_ex.c:2914:19:HAL_TIMEx_DisableSlaveModePreload	0	static
../Drivers/STM32H5xx_HAL_Driver/Src/stm32h5xx_hal_tim_ex.c:2928:19:HAL_TIMEx_EnableDeadTimePreload	0	static
../Drivers/STM32H5xx_HAL_Driver/Src/stm32h5xx_hal_tim_ex.c:2942:19:HAL_TIMEx_DisableDeadTimePreload	0	static
../Drivers/STM32H5xx_HAL_Driver/Src/stm32h5xx_hal_tim_ex.c:2958:19:HAL_TIMEx_ConfigDeadTime	0	static
../Drivers/STM32H5xx_HAL_Driver/Src/stm32h5xx_hal_tim_ex.c:2975:19:HAL_TIMEx_ConfigAsymmetricalDeadTime	0	static
../Drivers/STM32H5xx_HAL_Driver/Src/stm32h5xx_hal_tim_ex.c:2990:19:HAL_TIMEx_EnableAsymmetricalDeadTime	0	static
../Drivers/STM32H5xx_HAL_Driver/Src/stm32h5xx_hal_tim_ex.c:3004:19:HAL_TIMEx_DisableAsymmetricalDeadTime	0	static
../Drivers/STM32H5xx_HAL_Driver/Src/stm32h5xx_hal_tim_ex.c:3022:19:HAL_TIMEx_ConfigEncoderIndex	16	static
../Drivers/STM32H5xx_HAL_Driver/Src/stm32h5xx_hal_tim_ex.c:3063:19:HAL_TIMEx_EnableEncoderIndex	0	static
../Drivers/STM32H5xx_HAL_Driver/Src/stm32h5xx_hal_tim_ex.c:3077:19:HAL_TIMEx_DisableEncoderIndex	0	static
../Drivers/STM32H5xx_HAL_Driver/Src/stm32h5xx_hal_tim_ex.c:3091:19:HAL_TIMEx_EnableEncoderFirstIndex	0	static
../Drivers/STM32H5xx_HAL_Driver/Src/stm32h5xx_hal_tim_ex.c:3105:19:HAL_TIMEx_DisableEncoderFirstIndex	0	static
../Drivers/STM32H5xx_HAL_Driver/Src/stm32h5xx_hal_tim_ex.c:3139:13:HAL_TIMEx_CommutCallback	0	static
../Drivers/STM32H5xx_HAL_Driver/Src/stm32h5xx_hal_tim_ex.c:3322:6:TIMEx_DMACommutationCplt	8	static
../Drivers/STM32H5xx_HAL_Driver/Src/stm32h5xx_hal_tim_ex.c:3153:13:HAL_TIMEx_CommutHalfCpltCallback	0	static
../Drivers/STM32H5xx_HAL_Driver/Src/stm32h5xx_hal_tim_ex.c:3341:6:TIMEx_DMACommutationHalfCplt	8	static
../Drivers/STM32H5xx_HAL_Driver/Src/stm32h5xx_hal_tim_ex.c:3168:13:HAL_TIMEx_BreakCallback	0	static
../Drivers/STM32H5xx_HAL_Driver/Src/stm32h5xx_hal_tim_ex.c:3183:13:HAL_TIMEx_Break2Callback	0	static
../Drivers/STM32H5xx_HAL_Driver/Src/stm32h5xx_hal_tim_ex.c:3198:13:HAL_TIMEx_EncoderIndexCallback	0	static
../Drivers/STM32H5xx_HAL_Driver/Src/stm32h5xx_hal_tim_ex.c:3213:13:HAL_TIMEx_DirectionChangeCallback	0	static
../Drivers/STM32H5xx_HAL_Driver/Src/stm32h5xx_hal_tim_ex.c:3228:13:HAL_TIMEx_IndexErrorCallback	0	static
../Drivers/STM32H5xx_HAL_Driver/Src/stm32h5xx_hal_tim_ex.c:3243:13:HAL_TIMEx_TransitionErrorCallback	0	static
../Drivers/STM32H5xx_HAL_Driver/Src/stm32h5xx_hal_tim_ex.c:3277:22:HAL_TIMEx_HallSensor_GetState	0	static
../Drivers/STM32H5xx_HAL_Driver/Src/stm32h5xx_hal_tim_ex.c:3293:29:HAL_TIMEx_GetChannelNState	0	static
