../Drivers/STM32H5xx_HAL_Driver/Src/stm32h5xx_hal_flash.c:824:13:FLASH_Program_QuadWord	8	static,ignoring_inline_asm
../Drivers/STM32H5xx_HAL_Driver/Src/stm32h5xx_hal_flash.c:866:13:FLASH_Program_QuadWord_OBK	8	static,ignoring_inline_asm
../Drivers/STM32H5xx_HAL_Driver/Src/stm32h5xx_hal_flash.c:508:13:HAL_FLASH_EndOfOperationCallback	0	static
../Drivers/STM32H5xx_HAL_Driver/Src/stm32h5xx_hal_flash.c:526:13:HAL_FLASH_OperationErrorCallback	0	static
../Drivers/STM32H5xx_HAL_Driver/Src/stm32h5xx_hal_flash.c:368:6:HAL_FLASH_IRQHandler	16	static
../Drivers/STM32H5xx_HAL_Driver/Src/stm32h5xx_hal_flash.c:559:19:HAL_FLASH_Unlock	0	static
../Drivers/STM32H5xx_HAL_Driver/Src/stm32h5xx_hal_flash.c:601:19:HAL_FLASH_Lock	0	static
../Drivers/STM32H5xx_HAL_Driver/Src/stm32h5xx_hal_flash.c:635:19:HAL_FLASH_OB_Unlock	0	static
../Drivers/STM32H5xx_HAL_Driver/Src/stm32h5xx_hal_flash.c:657:19:HAL_FLASH_OB_Lock	0	static
../Drivers/STM32H5xx_HAL_Driver/Src/stm32h5xx_hal_flash.c:720:10:HAL_FLASH_GetError	0	static
../Drivers/STM32H5xx_HAL_Driver/Src/stm32h5xx_hal_flash.c:744:19:FLASH_WaitForLastOperation	16	static
../Drivers/STM32H5xx_HAL_Driver/Src/stm32h5xx_hal_flash.c:165:19:HAL_FLASH_Program	24	static
../Drivers/STM32H5xx_HAL_Driver/Src/stm32h5xx_hal_flash.c:271:19:HAL_FLASH_Program_IT	32	static
../Drivers/STM32H5xx_HAL_Driver/Src/stm32h5xx_hal_flash.c:675:19:HAL_FLASH_OB_Launch	0	static
