../Drivers/STM32H5xx_HAL_Driver/Src/stm32h5xx_hal_spi.c:3762:13:SPI_RxISR_16BIT	0	static
../Drivers/STM32H5xx_HAL_Driver/Src/stm32h5xx_hal_spi.c:3790:13:SPI_RxISR_32BIT	0	static
../Drivers/STM32H5xx_HAL_Driver/Src/stm32h5xx_hal_spi.c:3833:13:SPI_TxISR_16BIT	0	static
../Drivers/STM32H5xx_HAL_Driver/Src/stm32h5xx_hal_spi.c:3860:13:SPI_TxISR_32BIT	0	static
../Drivers/STM32H5xx_HAL_Driver/Src/stm32h5xx_hal_spi.c:3881:13:SPI_AbortTransfer	0	static
../Drivers/STM32H5xx_HAL_Driver/Src/stm32h5xx_hal_spi.c:3920:13:SPI_CloseTransfer	0	static
../Drivers/STM32H5xx_HAL_Driver/Src/stm32h5xx_hal_spi.c:3740:13:SPI_RxISR_8BIT	0	static
../Drivers/STM32H5xx_HAL_Driver/Src/stm32h5xx_hal_spi.c:3812:13:SPI_TxISR_8BIT	0	static
../Drivers/STM32H5xx_HAL_Driver/Src/stm32h5xx_hal_spi.c:549:13:HAL_SPI_MspInit	0	static
../Drivers/STM32H5xx_HAL_Driver/Src/stm32h5xx_hal_spi.c:241:19:HAL_SPI_Init	24	static
../Drivers/STM32H5xx_HAL_Driver/Src/stm32h5xx_hal_spi.c:565:13:HAL_SPI_MspDeInit	0	static
../Drivers/STM32H5xx_HAL_Driver/Src/stm32h5xx_hal_spi.c:505:19:HAL_SPI_DeInit	8	static
../Drivers/STM32H5xx_HAL_Driver/Src/stm32h5xx_hal_spi.c:840:19:HAL_SPI_Transmit	32	static
../Drivers/STM32H5xx_HAL_Driver/Src/stm32h5xx_hal_spi.c:1074:19:HAL_SPI_Receive	32	static
../Drivers/STM32H5xx_HAL_Driver/Src/stm32h5xx_hal_spi.c:1354:19:HAL_SPI_TransmitReceive	40	static
../Drivers/STM32H5xx_HAL_Driver/Src/stm32h5xx_hal_spi.c:1691:19:HAL_SPI_Transmit_IT	12	static
../Drivers/STM32H5xx_HAL_Driver/Src/stm32h5xx_hal_spi.c:1785:19:HAL_SPI_Receive_IT	12	static
../Drivers/STM32H5xx_HAL_Driver/Src/stm32h5xx_hal_spi.c:1884:19:HAL_SPI_TransmitReceive_IT	12	static
../Drivers/STM32H5xx_HAL_Driver/Src/stm32h5xx_hal_spi.c:2015:19:HAL_SPI_Transmit_DMA	24	static
../Drivers/STM32H5xx_HAL_Driver/Src/stm32h5xx_hal_spi.c:2211:19:HAL_SPI_Receive_DMA	16	static
../Drivers/STM32H5xx_HAL_Driver/Src/stm32h5xx_hal_spi.c:2409:19:HAL_SPI_TransmitReceive_DMA	24	static
../Drivers/STM32H5xx_HAL_Driver/Src/stm32h5xx_hal_spi.c:2685:19:HAL_SPI_Abort	16	static
../Drivers/STM32H5xx_HAL_Driver/Src/stm32h5xx_hal_spi.c:2982:19:HAL_SPI_DMAPause	0	static
../Drivers/STM32H5xx_HAL_Driver/Src/stm32h5xx_hal_spi.c:2997:19:HAL_SPI_DMAResume	0	static
../Drivers/STM32H5xx_HAL_Driver/Src/stm32h5xx_hal_spi.c:3012:19:HAL_SPI_DMAStop	0	static
../Drivers/STM32H5xx_HAL_Driver/Src/stm32h5xx_hal_spi.c:3276:13:HAL_SPI_TxCpltCallback	0	static
../Drivers/STM32H5xx_HAL_Driver/Src/stm32h5xx_hal_spi.c:3478:13:SPI_DMATransmitCplt	8	static
../Drivers/STM32H5xx_HAL_Driver/Src/stm32h5xx_hal_spi.c:3292:13:HAL_SPI_RxCpltCallback	0	static
../Drivers/STM32H5xx_HAL_Driver/Src/stm32h5xx_hal_spi.c:3506:13:SPI_DMAReceiveCplt	8	static
../Drivers/STM32H5xx_HAL_Driver/Src/stm32h5xx_hal_spi.c:3308:13:HAL_SPI_TxRxCpltCallback	0	static
../Drivers/STM32H5xx_HAL_Driver/Src/stm32h5xx_hal_spi.c:3534:13:SPI_DMATransmitReceiveCplt	8	static
../Drivers/STM32H5xx_HAL_Driver/Src/stm32h5xx_hal_spi.c:3324:13:HAL_SPI_TxHalfCpltCallback	0	static
../Drivers/STM32H5xx_HAL_Driver/Src/stm32h5xx_hal_spi.c:3563:13:SPI_DMAHalfTransmitCplt	8	static
../Drivers/STM32H5xx_HAL_Driver/Src/stm32h5xx_hal_spi.c:3340:13:HAL_SPI_RxHalfCpltCallback	0	static
../Drivers/STM32H5xx_HAL_Driver/Src/stm32h5xx_hal_spi.c:3581:13:SPI_DMAHalfReceiveCplt	8	static
../Drivers/STM32H5xx_HAL_Driver/Src/stm32h5xx_hal_spi.c:3356:13:HAL_SPI_TxRxHalfCpltCallback	0	static
../Drivers/STM32H5xx_HAL_Driver/Src/stm32h5xx_hal_spi.c:3599:13:SPI_DMAHalfTransmitReceiveCplt	8	static
../Drivers/STM32H5xx_HAL_Driver/Src/stm32h5xx_hal_spi.c:3372:13:HAL_SPI_ErrorCallback	0	static
../Drivers/STM32H5xx_HAL_Driver/Src/stm32h5xx_hal_spi.c:3617:13:SPI_DMAError	8	static
../Drivers/STM32H5xx_HAL_Driver/Src/stm32h5xx_hal_spi.c:3643:13:SPI_DMAAbortOnError	8	static
../Drivers/STM32H5xx_HAL_Driver/Src/stm32h5xx_hal_spi.c:3390:13:HAL_SPI_AbortCpltCallback	0	static
../Drivers/STM32H5xx_HAL_Driver/Src/stm32h5xx_hal_spi.c:2820:19:HAL_SPI_Abort_IT	24	static
../Drivers/STM32H5xx_HAL_Driver/Src/stm32h5xx_hal_spi.c:3667:13:SPI_DMATxAbortCallback	8	static
../Drivers/STM32H5xx_HAL_Driver/Src/stm32h5xx_hal_spi.c:3704:13:SPI_DMARxAbortCallback	8	static
../Drivers/STM32H5xx_HAL_Driver/Src/stm32h5xx_hal_spi.c:3405:13:HAL_SPI_SuspendCallback	0	static
../Drivers/STM32H5xx_HAL_Driver/Src/stm32h5xx_hal_spi.c:3027:6:HAL_SPI_IRQHandler	32	static
../Drivers/STM32H5xx_HAL_Driver/Src/stm32h5xx_hal_spi.c:3440:22:HAL_SPI_GetState	0	static
../Drivers/STM32H5xx_HAL_Driver/Src/stm32h5xx_hal_spi.c:3452:10:HAL_SPI_GetError	0	static
