../Drivers/STM32H5xx_HAL_Driver/Src/stm32h5xx_hal_cortex.c:187:6:HAL_NVIC_SetPriorityGrouping	0	static
../Drivers/STM32H5xx_HAL_Driver/Src/stm32h5xx_hal_cortex.c:210:6:HAL_NVIC_SetPriority	12	static
../Drivers/STM32H5xx_HAL_Driver/Src/stm32h5xx_hal_cortex.c:233:6:HAL_NVIC_EnableIRQ	0	static,ignoring_inline_asm
../Drivers/STM32H5xx_HAL_Driver/Src/stm32h5xx_hal_cortex.c:250:6:HAL_NVIC_DisableIRQ	0	static,ignoring_inline_asm
../Drivers/STM32H5xx_HAL_Driver/Src/stm32h5xx_hal_cortex.c:263:6:HAL_NVIC_SystemReset	0	static,ignoring_inline_asm
../Drivers/STM32H5xx_HAL_Driver/Src/stm32h5xx_hal_cortex.c:273:10:HAL_NVIC_GetPriorityGrouping	0	static
../Drivers/STM32H5xx_HAL_Driver/Src/stm32h5xx_hal_cortex.c:301:6:HAL_NVIC_GetPriority	16	static
../Drivers/STM32H5xx_HAL_Driver/Src/stm32h5xx_hal_cortex.c:318:6:HAL_NVIC_SetPendingIRQ	0	static
../Drivers/STM32H5xx_HAL_Driver/Src/stm32h5xx_hal_cortex.c:334:10:HAL_NVIC_GetPendingIRQ	0	static
../Drivers/STM32H5xx_HAL_Driver/Src/stm32h5xx_hal_cortex.c:348:6:HAL_NVIC_ClearPendingIRQ	0	static
../Drivers/STM32H5xx_HAL_Driver/Src/stm32h5xx_hal_cortex.c:363:10:HAL_NVIC_GetActive	0	static
../Drivers/STM32H5xx_HAL_Driver/Src/stm32h5xx_hal_cortex.c:396:10:HAL_SYSTICK_Config	0	static
../Drivers/STM32H5xx_HAL_Driver/Src/stm32h5xx_hal_cortex.c:427:6:HAL_SYSTICK_CLKSourceConfig	0	static
../Drivers/STM32H5xx_HAL_Driver/Src/stm32h5xx_hal_cortex.c:466:10:HAL_SYSTICK_GetCLKSourceConfig	0	static
../Drivers/STM32H5xx_HAL_Driver/Src/stm32h5xx_hal_cortex.c:517:13:HAL_SYSTICK_Callback	0	static
../Drivers/STM32H5xx_HAL_Driver/Src/stm32h5xx_hal_cortex.c:508:6:HAL_SYSTICK_IRQHandler	8	static
../Drivers/STM32H5xx_HAL_Driver/Src/stm32h5xx_hal_cortex.c:554:6:HAL_MPU_Enable	0	static,ignoring_inline_asm
../Drivers/STM32H5xx_HAL_Driver/Src/stm32h5xx_hal_cortex.c:603:6:HAL_MPU_Disable	0	static,ignoring_inline_asm
../Drivers/STM32H5xx_HAL_Driver/Src/stm32h5xx_hal_cortex.c:647:6:HAL_MPU_EnableRegion	0	static
../Drivers/STM32H5xx_HAL_Driver/Src/stm32h5xx_hal_cortex.c:685:6:HAL_MPU_DisableRegion	0	static
../Drivers/STM32H5xx_HAL_Driver/Src/stm32h5xx_hal_cortex.c:723:6:HAL_MPU_ConfigRegion	0	static,ignoring_inline_asm
../Drivers/STM32H5xx_HAL_Driver/Src/stm32h5xx_hal_cortex.c:747:6:HAL_MPU_ConfigMemoryAttributes	8	static,ignoring_inline_asm
