../Core/Src/barometer.c:68:26:spi_transfer	128	dynamic
../Core/Src/barometer.c:91:13:ms5611_write	16	static
../Core/Src/barometer.c:102:17:ms5611_read16bits	32	static
../Core/Src/barometer.c:118:17:ms5611_read24bits	32	static
../Core/Src/barometer.c:134:13:ms5611_init	8	static
../Core/Src/barometer.c:150:17:ms5611_readRawTemp	8	static
../Core/Src/barometer.c:157:17:ms5611_readRawPressure	8	static
../Core/Src/barometer.c:168:6:Barometer_init	8	static
../Core/Src/barometer.c:173:6:Barometer_setOSR	16	static
../Core/Src/barometer.c:206:9:Barometer_getTemp	16	static
../Core/Src/barometer.c:212:9:Barometer_getPressure	16	static
../Core/Src/barometer.c:218:7:Barometer_getAltitude	16	static
../Core/Src/barometer.c:224:6:Barometer_calculate	272	static
