../Core/Src/main.c:122:13:MS5607_CS_Low	1
../Core/Src/main.c:127:13:MS5607_CS_High	1
../Core/Src/main.c:132:26:MS5607_WriteCommand	1
../Core/Src/main.c:143:26:MS5607_Reset	1
../Core/Src/main.c:153:26:MS5607_ReadPROMWord	3
../Core/Src/main.c:177:26:MS5607_ReadAllPROM	4
../Core/Src/main.c:213:26:MS5607_ReadADC	3
../Core/Src/main.c:240:26:MS5607_StartConversionAndRead	2
../Core/Src/main.c:256:26:MS5607_ReadRaw	6
../Core/Src/main.c:289:13:MS5607_Compensate	6
../Core/Src/main.c:352:13:MS5607_UpdateDebugGlobals	3
../Core/Src/main.c:376:13:Application_Init	3
../Core/Src/main.c:408:13:Application_Task	2
../Core/Src/main.c:428:5:main	1
../Core/Src/main.c:476:6:SystemClock_Config	3
../Core/Src/main.c:518:6:Error_Handler	1
