../Core/Src/main.c:122:13:MS5607_CS_Low	8	static
../Core/Src/main.c:127:13:MS5607_CS_High	8	static
../Core/Src/main.c:132:26:MS5607_WriteCommand	32	static
../Core/Src/main.c:143:26:MS5607_Reset	24	static
../Core/Src/main.c:153:26:MS5607_ReadPROMWord	40	static
../Core/Src/main.c:177:26:MS5607_ReadAllPROM	32	static
../Core/Src/main.c:213:26:MS5607_ReadADC	48	static
../Core/Src/main.c:240:26:MS5607_StartConversionAndRead	32	static
../Core/Src/main.c:256:26:MS5607_ReadRaw	32	static
../Core/Src/main.c:289:13:MS5607_Compensate	368	static
../Core/Src/main.c:352:13:MS5607_UpdateDebugGlobals	24	static
../Core/Src/main.c:376:13:Application_Init	16	static
../Core/Src/main.c:408:13:Application_Task	24	static
../Core/Src/main.c:428:5:main	8	static
../Core/Src/main.c:476:6:SystemClock_Config	64	static
../Core/Src/main.c:518:6:Error_Handler	8	static,ignoring_inline_asm
