Archive member included to satisfy reference by file (symbol)

C:/ST/STM32CubeIDE_1.19.0/STM32CubeIDE/plugins/com.st.stm32cube.ide.mcu.externaltools.gnu-tools-for-stm32.13.3.rel1.win32_1.0.0.202411081344/tools/bin/../lib/gcc/arm-none-eabi/13.3.1/../../../../arm-none-eabi/lib/thumb/v8-m.main+fp/hard\libc_nano.a(libc_a-exit.o)
                              C:/ST/STM32CubeIDE_1.19.0/STM32CubeIDE/plugins/com.st.stm32cube.ide.mcu.externaltools.gnu-tools-for-stm32.13.3.rel1.win32_1.0.0.202411081344/tools/bin/../lib/gcc/arm-none-eabi/13.3.1/../../../../arm-none-eabi/lib/thumb/v8-m.main+fp/hard/crt0.o (exit)
C:/ST/STM32CubeIDE_1.19.0/STM32CubeIDE/plugins/com.st.stm32cube.ide.mcu.externaltools.gnu-tools-for-stm32.13.3.rel1.win32_1.0.0.202411081344/tools/bin/../lib/gcc/arm-none-eabi/13.3.1/../../../../arm-none-eabi/lib/thumb/v8-m.main+fp/hard\libc_nano.a(libc_a-strtol.o)
                              ./Core/Src/esc_app.o (strtol)
C:/ST/STM32CubeIDE_1.19.0/STM32CubeIDE/plugins/com.st.stm32cube.ide.mcu.externaltools.gnu-tools-for-stm32.13.3.rel1.win32_1.0.0.202411081344/tools/bin/../lib/gcc/arm-none-eabi/13.3.1/../../../../arm-none-eabi/lib/thumb/v8-m.main+fp/hard\libc_nano.a(libc_a-strtoul.o)
                              ./Core/Src/esc_app.o (strtoul)
C:/ST/STM32CubeIDE_1.19.0/STM32CubeIDE/plugins/com.st.stm32cube.ide.mcu.externaltools.gnu-tools-for-stm32.13.3.rel1.win32_1.0.0.202411081344/tools/bin/../lib/gcc/arm-none-eabi/13.3.1/../../../../arm-none-eabi/lib/thumb/v8-m.main+fp/hard\libc_nano.a(libc_a-ctype_.o)
                              ./Core/Src/command_sequence.o (_ctype_)
C:/ST/STM32CubeIDE_1.19.0/STM32CubeIDE/plugins/com.st.stm32cube.ide.mcu.externaltools.gnu-tools-for-stm32.13.3.rel1.win32_1.0.0.202411081344/tools/bin/../lib/gcc/arm-none-eabi/13.3.1/../../../../arm-none-eabi/lib/thumb/v8-m.main+fp/hard\libc_nano.a(libc_a-nano-vfprintf_float.o)
                              (_printf_float)
C:/ST/STM32CubeIDE_1.19.0/STM32CubeIDE/plugins/com.st.stm32cube.ide.mcu.externaltools.gnu-tools-for-stm32.13.3.rel1.win32_1.0.0.202411081344/tools/bin/../lib/gcc/arm-none-eabi/13.3.1/../../../../arm-none-eabi/lib/thumb/v8-m.main+fp/hard\libc_nano.a(libc_a-nano-vfprintf_i.o)
                              C:/ST/STM32CubeIDE_1.19.0/STM32CubeIDE/plugins/com.st.stm32cube.ide.mcu.externaltools.gnu-tools-for-stm32.13.3.rel1.win32_1.0.0.202411081344/tools/bin/../lib/gcc/arm-none-eabi/13.3.1/../../../../arm-none-eabi/lib/thumb/v8-m.main+fp/hard\libc_nano.a(libc_a-nano-vfprintf_float.o) (_printf_common)
C:/ST/STM32CubeIDE_1.19.0/STM32CubeIDE/plugins/com.st.stm32cube.ide.mcu.externaltools.gnu-tools-for-stm32.13.3.rel1.win32_1.0.0.202411081344/tools/bin/../lib/gcc/arm-none-eabi/13.3.1/../../../../arm-none-eabi/lib/thumb/v8-m.main+fp/hard\libc_nano.a(libc_a-findfp.o)
                              C:/ST/STM32CubeIDE_1.19.0/STM32CubeIDE/plugins/com.st.stm32cube.ide.mcu.externaltools.gnu-tools-for-stm32.13.3.rel1.win32_1.0.0.202411081344/tools/bin/../lib/gcc/arm-none-eabi/13.3.1/../../../../arm-none-eabi/lib/thumb/v8-m.main+fp/hard\libc_nano.a(libc_a-exit.o) (__stdio_exit_handler)
C:/ST/STM32CubeIDE_1.19.0/STM32CubeIDE/plugins/com.st.stm32cube.ide.mcu.externaltools.gnu-tools-for-stm32.13.3.rel1.win32_1.0.0.202411081344/tools/bin/../lib/gcc/arm-none-eabi/13.3.1/../../../../arm-none-eabi/lib/thumb/v8-m.main+fp/hard\libc_nano.a(libc_a-fwalk.o)
                              C:/ST/STM32CubeIDE_1.19.0/STM32CubeIDE/plugins/com.st.stm32cube.ide.mcu.externaltools.gnu-tools-for-stm32.13.3.rel1.win32_1.0.0.202411081344/tools/bin/../lib/gcc/arm-none-eabi/13.3.1/../../../../arm-none-eabi/lib/thumb/v8-m.main+fp/hard\libc_nano.a(libc_a-findfp.o) (_fwalk_sglue)
C:/ST/STM32CubeIDE_1.19.0/STM32CubeIDE/plugins/com.st.stm32cube.ide.mcu.externaltools.gnu-tools-for-stm32.13.3.rel1.win32_1.0.0.202411081344/tools/bin/../lib/gcc/arm-none-eabi/13.3.1/../../../../arm-none-eabi/lib/thumb/v8-m.main+fp/hard\libc_nano.a(libc_a-snprintf.o)
                              ./Core/Src/sd_logger.o (snprintf)
C:/ST/STM32CubeIDE_1.19.0/STM32CubeIDE/plugins/com.st.stm32cube.ide.mcu.externaltools.gnu-tools-for-stm32.13.3.rel1.win32_1.0.0.202411081344/tools/bin/../lib/gcc/arm-none-eabi/13.3.1/../../../../arm-none-eabi/lib/thumb/v8-m.main+fp/hard\libc_nano.a(libc_a-stdio.o)
                              C:/ST/STM32CubeIDE_1.19.0/STM32CubeIDE/plugins/com.st.stm32cube.ide.mcu.externaltools.gnu-tools-for-stm32.13.3.rel1.win32_1.0.0.202411081344/tools/bin/../lib/gcc/arm-none-eabi/13.3.1/../../../../arm-none-eabi/lib/thumb/v8-m.main+fp/hard\libc_nano.a(libc_a-findfp.o) (__sread)
C:/ST/STM32CubeIDE_1.19.0/STM32CubeIDE/plugins/com.st.stm32cube.ide.mcu.externaltools.gnu-tools-for-stm32.13.3.rel1.win32_1.0.0.202411081344/tools/bin/../lib/gcc/arm-none-eabi/13.3.1/../../../../arm-none-eabi/lib/thumb/v8-m.main+fp/hard\libc_nano.a(libc_a-vsnprintf.o)
                              ./Core/Src/airbrake_deploy.o (vsnprintf)
[...]
Memory Configuration

Name             Origin             Length             Attributes
RAM              0x20000000         0x000a0000         xrw
FLASH            0x08000000         0x00200000         xr
*default*        0x00000000         0xffffffff

Linker script and memory map

LOAD C:/ST/STM32CubeIDE_1.19.0/STM32CubeIDE/plugins/com.st.stm32cube.ide.mcu.externaltools.gnu-tools-for-stm32.13.3.rel1.win32_1.0.0.202411081344/tools/bin/../lib/gcc/arm-none-eabi/13.3.1/thumb/v8-m.main+fp/hard/crti.o
LOAD C:/ST/STM32CubeIDE_1.19.0/STM32CubeIDE/plugins/com.st.stm32cube.ide.mcu.externaltools.gnu-tools-for-stm32.13.3.rel1.win32_1.0.0.202411081344/tools/bin/../lib/gcc/arm-none-eabi/13.3.1/thumb/v8-m.main+fp/hard/crtbegin.o
LOAD C:/ST/STM32CubeIDE_1.19.0/STM32CubeIDE/plugins/com.st.stm32cube.ide.mcu.externaltools.gnu-tools-for-stm32.13.3.rel1.win32_1.0.0.202411081344/tools/bin/../lib/gcc/arm-none-eabi/13.3.1/../../../../arm-none-eabi/lib/thumb/v8-m.main+fp/hard/crt0.o
LOAD ./Core/Src/airbrake_control.o
LOAD ./Core/Src/airbrake_deploy.o
LOAD ./Core/Src/command_sequence.o
LOAD ./Core/Src/encoder_app.o
LOAD ./Core/Src/encoder_homing.o
LOAD ./Core/Src/esc_app.o
LOAD ./Core/Src/esc_telem.o
LOAD ./Core/Src/fatfs.o
LOAD ./Core/Src/flight_estimator.o
LOAD ./Core/Src/flight_trigger.o
LOAD ./Core/Src/gpio.o
LOAD ./Core/Src/icache.o
LOAD ./Core/Src/main.o
LOAD ./Core/Src/rtc.o
LOAD ./Core/Src/sd_logger.o
LOAD ./Core/Src/sdmmc.o
LOAD ./Core/Src/spi.o
LOAD ./Core/Src/stm32h5xx_hal_msp.o
LOAD ./Core/Src/stm32h5xx_it.o
LOAD ./Core/Src/syscalls.o
LOAD ./Core/Src/sysmem.o
LOAD ./Core/Src/system_stm32h5xx.o
LOAD ./Core/Src/tim.o
LOAD ./Core/Src/usart.o
LOAD ./Core/Startup/startup_stm32h562ritx.o
LOAD ./Drivers/STM32H5xx_HAL_Driver/Src/stm32h5xx_hal.o
LOAD ./Drivers/STM32H5xx_HAL_Driver/Src/stm32h5xx_hal_cortex.o
LOAD ./Drivers/STM32H5xx_HAL_Driver/Src/stm32h5xx_hal_dma.o
LOAD ./Drivers/STM32H5xx_HAL_Driver/Src/stm32h5xx_hal_dma_ex.o
LOAD ./Drivers/STM32H5xx_HAL_Driver/Src/stm32h5xx_hal_exti.o
LOAD ./Drivers/STM32H5xx_HAL_Driver/Src/stm32h5xx_hal_flash.o
LOAD ./Drivers/STM32H5xx_HAL_Driver/Src/stm32h5xx_hal_flash_ex.o
LOAD ./Drivers/STM32H5xx_HAL_Driver/Src/stm32h5xx_hal_gpio.o
LOAD ./Drivers/STM32H5xx_HAL_Driver/Src/stm32h5xx_hal_icache.o
LOAD ./Drivers/STM32H5xx_HAL_Driver/Src/stm32h5xx_hal_mmc.o
LOAD ./Drivers/STM32H5xx_HAL_Driver/Src/stm32h5xx_hal_mmc_ex.o
LOAD ./Drivers/STM32H5xx_HAL_Driver/Src/stm32h5xx_hal_pwr.o
LOAD ./Drivers/STM32H5xx_HAL_Driver/Src/stm32h5xx_hal_pwr_ex.o
LOAD ./Drivers/STM32H5xx_HAL_Driver/Src/stm32h5xx_hal_rcc.o
LOAD ./Drivers/STM32H5xx_HAL_Driver/Src/stm32h5xx_hal_rcc_ex.o
LOAD ./Drivers/STM32H5xx_HAL_Driver/Src/stm32h5xx_hal_rtc.o
LOAD ./Drivers/STM32H5xx_HAL_Driver/Src/stm32h5xx_hal_rtc_ex.o
LOAD ./Drivers/STM32H5xx_HAL_Driver/Src/stm32h5xx_hal_sd.o
LOAD ./Drivers/STM32H5xx_HAL_Driver/Src/stm32h5xx_hal_sd_ex.o
LOAD ./Drivers/STM32H5xx_HAL_Driver/Src/stm32h5xx_hal_sdio.o
LOAD ./Drivers/STM32H5xx_HAL_Driver/Src/stm32h5xx_hal_spi.o
LOAD ./Drivers/STM32H5xx_HAL_Driver/Src/stm32h5xx_hal_spi_ex.o
LOAD ./Drivers/STM32H5xx_HAL_Driver/Src/stm32h5xx_hal_tim.o
LOAD ./Drivers/STM32H5xx_HAL_Driver/Src/stm32h5xx_hal_tim_ex.o
LOAD ./Drivers/STM32H5xx_HAL_Driver/Src/stm32h5xx_hal_uart.o
LOAD ./Drivers/STM32H5xx_HAL_Driver/Src/stm32h5xx_hal_uart_ex.o
LOAD ./Drivers/STM32H5xx_HAL_Driver/Src/stm32h5xx_ll_dlyb.o
LOAD ./Drivers/STM32H5xx_HAL_Driver/Src/stm32h5xx_ll_sdmmc.o
LOAD ./FileX/App/app_filex.o
LOAD ./FileX/Target/fx_stm32_sd_driver_glue.o
LOAD ./Middlewares/ST/filex/common/drivers/fx_stm32_sd_driver.o
LOAD ./Middlewares/ST/filex/common/src/fx_directory_attributes_read.o
LOAD ./Middlewares/ST/filex/common/src/fx_directory_attributes_set.o
LOAD ./Middlewares/ST/filex/common/src/fx_directory_create.o
LOAD ./Middlewares/ST/filex/common/src/fx_directory_default_get.o
LOAD ./Middlewares/ST/filex/common/src/fx_directory_default_get_copy.o
LOAD ./Middlewares/ST/filex/common/src/fx_directory_default_set.o
LOAD ./Middlewares/ST/filex/common/src/fx_directory_delete.o
LOAD ./Middlewares/ST/filex/common/src/fx_directory_entry_read.o
LOAD ./Middlewares/ST/filex/common/src/fx_directory_entry_write.o
LOAD ./Middlewares/ST/filex/common/src/fx_directory_exFAT_entry_read.o
LOAD ./Middlewares/ST/filex/common/src/fx_directory_exFAT_entry_write.o
LOAD ./Middlewares/ST/filex/common/src/fx_directory_exFAT_free_search.o
LOAD ./Middlewares/ST/filex/common/src/fx_directory_exFAT_unicode_entry_write.o
LOAD ./Middlewares/ST/filex/common/src/fx_directory_first_entry_find.o
LOAD ./Middlewares/ST/filex/common/src/fx_directory_first_full_entry_find.o
LOAD ./Middlewares/ST/filex/common/src/fx_directory_free_search.o
LOAD ./Middlewares/ST/filex/common/src/fx_directory_information_get.o
LOAD ./Middlewares/ST/filex/common/src/fx_directory_local_path_clear.o
LOAD ./Middlewares/ST/filex/common/src/fx_directory_local_path_get.o
LOAD ./Middlewares/ST/filex/common/src/fx_directory_local_path_get_copy.o
LOAD ./Middlewares/ST/filex/common/src/fx_directory_local_path_restore.o
LOAD ./Middlewares/ST/filex/common/src/fx_directory_local_path_set.o
LOAD ./Middlewares/ST/filex/common/src/fx_directory_long_name_get.o
LOAD ./Middlewares/ST/filex/common/src/fx_directory_long_name_get_extended.o
LOAD ./Middlewares/ST/filex/common/src/fx_directory_name_extract.o
LOAD ./Middlewares/ST/filex/common/src/fx_directory_name_test.o
LOAD ./Middlewares/ST/filex/common/src/fx_directory_next_entry_find.o
LOAD ./Middlewares/ST/filex/common/src/fx_directory_next_full_entry_find.o
LOAD ./Middlewares/ST/filex/common/src/fx_directory_rename.o
LOAD ./Middlewares/ST/filex/common/src/fx_directory_search.o
LOAD ./Middlewares/ST/filex/common/src/fx_directory_short_name_get.o
LOAD ./Middlewares/ST/filex/common/src/fx_directory_short_name_get_extended.o
LOAD ./Middlewares/ST/filex/common/src/fx_fault_tolerant_add_FAT_log.o
LOAD ./Middlewares/ST/filex/common/src/fx_fault_tolerant_add_bitmap_log.o
LOAD ./Middlewares/ST/filex/common/src/fx_fault_tolerant_add_checksum_log.o
LOAD ./Middlewares/ST/filex/common/src/fx_fault_tolerant_add_dir_log.o
LOAD ./Middlewares/ST/filex/common/src/fx_fault_tolerant_apply_logs.o
LOAD ./Middlewares/ST/filex/common/src/fx_fault_tolerant_calculate_checksum.o
LOAD ./Middlewares/ST/filex/common/src/fx_fault_tolerant_cleanup_FAT_chain.o
LOAD ./Middlewares/ST/filex/common/src/fx_fault_tolerant_create_log_file.o
LOAD ./Middlewares/ST/filex/common/src/fx_fault_tolerant_enable.o
LOAD ./Middlewares/ST/filex/common/src/fx_fault_tolerant_read_FAT.o
LOAD ./Middlewares/ST/filex/common/src/fx_fault_tolerant_read_directory_sector.o
LOAD ./Middlewares/ST/filex/common/src/fx_fault_tolerant_read_log_file.o
LOAD ./Middlewares/ST/filex/common/src/fx_fault_tolerant_recover.o
LOAD ./Middlewares/ST/filex/common/src/fx_fault_tolerant_reset_log_file.o
LOAD ./Middlewares/ST/filex/common/src/fx_fault_tolerant_set_FAT_chain.o
LOAD ./Middlewares/ST/filex/common/src/fx_fault_tolerant_transaction_end.o
LOAD ./Middlewares/ST/filex/common/src/fx_fault_tolerant_transaction_fail.o
LOAD ./Middlewares/ST/filex/common/src/fx_fault_tolerant_transaction_start.o
LOAD ./Middlewares/ST/filex/common/src/fx_fault_tolerant_write_log_file.o
LOAD ./Middlewares/ST/filex/common/src/fx_file_allocate.o
LOAD ./Middlewares/ST/filex/common/src/fx_file_attributes_read.o
LOAD ./Middlewares/ST/filex/common/src/fx_file_attributes_set.o
LOAD ./Middlewares/ST/filex/common/src/fx_file_best_effort_allocate.o
LOAD ./Middlewares/ST/filex/common/src/fx_file_close.o
LOAD ./Middlewares/ST/filex/common/src/fx_file_create.o
LOAD ./Middlewares/ST/filex/common/src/fx_file_date_time_set.o
LOAD ./Middlewares/ST/filex/common/src/fx_file_delete.o
LOAD ./Middlewares/ST/filex/common/src/fx_file_extended_allocate.o
LOAD ./Middlewares/ST/filex/common/src/fx_file_extended_best_effort_allocate.o
LOAD ./Middlewares/ST/filex/common/src/fx_file_extended_relative_seek.o
LOAD ./Middlewares/ST/filex/common/src/fx_file_extended_seek.o
LOAD ./Middlewares/ST/filex/common/src/fx_file_extended_truncate.o
LOAD ./Middlewares/ST/filex/common/src/fx_file_extended_truncate_release.o
LOAD ./Middlewares/ST/filex/common/src/fx_file_open.o
LOAD ./Middlewares/ST/filex/common/src/fx_file_read.o
LOAD ./Middlewares/ST/filex/common/src/fx_file_relative_seek.o
LOAD ./Middlewares/ST/filex/common/src/fx_file_rename.o
LOAD ./Middlewares/ST/filex/common/src/fx_file_seek.o
LOAD ./Middlewares/ST/filex/common/src/fx_file_truncate.o
LOAD ./Middlewares/ST/filex/common/src/fx_file_truncate_release.o
LOAD ./Middlewares/ST/filex/common/src/fx_file_write.o
LOAD ./Middlewares/ST/filex/common/src/fx_file_write_notify_set.o
LOAD ./Middlewares/ST/filex/common/src/fx_media_abort.o
LOAD ./Middlewares/ST/filex/common/src/fx_media_boot_info_extract.o
LOAD ./Middlewares/ST/filex/common/src/fx_media_cache_invalidate.o
LOAD ./Middlewares/ST/filex/common/src/fx_media_check.o
LOAD ./Middlewares/ST/filex/common/src/fx_media_check_FAT_chain_check.o
LOAD ./Middlewares/ST/filex/common/src/fx_media_check_lost_cluster_check.o
LOAD ./Middlewares/ST/filex/common/src/fx_media_close.o
LOAD ./Middlewares/ST/filex/common/src/fx_media_close_notify_set.o
LOAD ./Middlewares/ST/filex/common/src/fx_media_exFAT_format.o
LOAD ./Middlewares/ST/filex/common/src/fx_media_extended_space_available.o
LOAD ./Middlewares/ST/filex/common/src/fx_media_flush.o
LOAD ./Middlewares/ST/filex/common/src/fx_media_format.o
LOAD ./Middlewares/ST/filex/common/src/fx_media_format_oem_name_set.o
LOAD ./Middlewares/ST/filex/common/src/fx_media_format_type_set.o
LOAD ./Middlewares/ST/filex/common/src/fx_media_format_volume_id_set.o
LOAD ./Middlewares/ST/filex/common/src/fx_media_open.o
LOAD ./Middlewares/ST/filex/common/src/fx_media_open_notify_set.o
LOAD ./Middlewares/ST/filex/common/src/fx_media_read.o
LOAD ./Middlewares/ST/filex/common/src/fx_media_space_available.o
LOAD ./Middlewares/ST/filex/common/src/fx_media_volume_get.o
LOAD ./Middlewares/ST/filex/common/src/fx_media_volume_get_extended.o
LOAD ./Middlewares/ST/filex/common/src/fx_media_volume_set.o
LOAD ./Middlewares/ST/filex/common/src/fx_media_write.o
LOAD ./Middlewares/ST/filex/common/src/fx_partition_offset_calculate.o
LOAD ./Middlewares/ST/filex/common/src/fx_system_date_get.o
LOAD ./Middlewares/ST/filex/common/src/fx_system_date_set.o
LOAD ./Middlewares/ST/filex/common/src/fx_system_initialize.o
LOAD ./Middlewares/ST/filex/common/src/fx_system_time_get.o
LOAD ./Middlewares/ST/filex/common/src/fx_system_time_set.o
LOAD ./Middlewares/ST/filex/common/src/fx_system_timer_entry.o
LOAD ./Middlewares/ST/filex/common/src/fx_unicode_directory_create.o
LOAD ./Middlewares/ST/filex/common/src/fx_unicode_directory_entry_change.o
LOAD ./Middlewares/ST/filex/common/src/fx_unicode_directory_entry_read.o
LOAD ./Middlewares/ST/filex/common/src/fx_unicode_directory_rename.o
LOAD ./Middlewares/ST/filex/common/src/fx_unicode_directory_search.o
LOAD ./Middlewares/ST/filex/common/src/fx_unicode_file_create.o
LOAD ./Middlewares/ST/filex/common/src/fx_unicode_file_rename.o
LOAD ./Middlewares/ST/filex/common/src/fx_unicode_length_get.o
LOAD ./Middlewares/ST/filex/common/src/fx_unicode_length_get_extended.o
LOAD ./Middlewares/ST/filex/common/src/fx_unicode_name_get.o
LOAD ./Middlewares/ST/filex/common/src/fx_unicode_name_get_extended.o
LOAD ./Middlewares/ST/filex/common/src/fx_unicode_short_name_get.o
LOAD ./Middlewares/ST/filex/common/src/fx_unicode_short_name_get_extended.o
LOAD ./Middlewares/ST/filex/common/src/fx_utility_16_unsigned_read.o
LOAD ./Middlewares/ST/filex/common/src/fx_utility_16_unsigned_write.o
LOAD ./Middlewares/ST/filex/common/src/fx_utility_32_unsigned_read.o
LOAD ./Middlewares/ST/filex/common/src/fx_utility_32_unsigned_write.o
LOAD ./Middlewares/ST/filex/common/src/fx_utility_64_unsigned_read.o
LOAD ./Middlewares/ST/filex/common/src/fx_utility_64_unsigned_write.o
LOAD ./Middlewares/ST/filex/common/src/fx_utility_FAT_entry_read.o
LOAD ./Middlewares/ST/filex/common/src/fx_utility_FAT_entry_write.o
LOAD ./Middlewares/ST/filex/common/src/fx_utility_FAT_flush.o
LOAD ./Middlewares/ST/filex/common/src/fx_utility_FAT_map_flush.o
LOAD ./Middlewares/ST/filex/common/src/fx_utility_FAT_sector_get.o
LOAD ./Middlewares/ST/filex/common/src/fx_utility_absolute_path_get.o
LOAD ./Middlewares/ST/filex/common/src/fx_utility_exFAT_allocate_new_cluster.o
LOAD ./Middlewares/ST/filex/common/src/fx_utility_exFAT_bitmap_cache_prepare.o
LOAD ./Middlewares/ST/filex/common/src/fx_utility_exFAT_bitmap_cache_update.o
LOAD ./Middlewares/ST/filex/common/src/fx_utility_exFAT_bitmap_flush.o
LOAD ./Middlewares/ST/filex/common/src/fx_utility_exFAT_bitmap_free_cluster_find.o
LOAD ./Middlewares/ST/filex/common/src/fx_utility_exFAT_bitmap_initialize.o
LOAD ./Middlewares/ST/filex/common/src/fx_utility_exFAT_bitmap_start_sector_get.o
LOAD ./Middlewares/ST/filex/common/src/fx_utility_exFAT_cluster_free.o
LOAD ./Middlewares/ST/filex/common/src/fx_utility_exFAT_cluster_state_get.o
LOAD ./Middlewares/ST/filex/common/src/fx_utility_exFAT_cluster_state_set.o
LOAD ./Middlewares/ST/filex/common/src/fx_utility_exFAT_geometry_check.o
LOAD ./Middlewares/ST/filex/common/src/fx_utility_exFAT_name_hash_get.o
LOAD ./Middlewares/ST/filex/common/src/fx_utility_exFAT_size_calculate.o
LOAD ./Middlewares/ST/filex/common/src/fx_utility_exFAT_system_area_checksum_verify.o
LOAD ./Middlewares/ST/filex/common/src/fx_utility_exFAT_system_area_checksum_write.o
LOAD ./Middlewares/ST/filex/common/src/fx_utility_exFAT_system_area_format.o
LOAD ./Middlewares/ST/filex/common/src/fx_utility_exFAT_system_sector_write.o
LOAD ./Middlewares/ST/filex/common/src/fx_utility_exFAT_unicode_name_hash_get.o
LOAD ./Middlewares/ST/filex/common/src/fx_utility_exFAT_upcase_table.o
LOAD ./Middlewares/ST/filex/common/src/fx_utility_logical_sector_cache_entry_read.o
LOAD ./Middlewares/ST/filex/common/src/fx_utility_logical_sector_flush.o
LOAD ./Middlewares/ST/filex/common/src/fx_utility_logical_sector_read.o
LOAD ./Middlewares/ST/filex/common/src/fx_utility_logical_sector_write.o
LOAD ./Middlewares/ST/filex/common/src/fx_utility_memory_copy.o
LOAD ./Middlewares/ST/filex/common/src/fx_utility_memory_set.o
LOAD ./Middlewares/ST/filex/common/src/fx_utility_string_length_get.o
LOAD ./Middlewares/ST/filex/common/src/fx_utility_token_length_get.o
LOAD ./Middlewares/ST/filex/common/src/fxe_directory_attributes_read.o
LOAD ./Middlewares/ST/filex/common/src/fxe_directory_attributes_set.o
LOAD ./Middlewares/ST/filex/common/src/fxe_directory_create.o
LOAD ./Middlewares/ST/filex/common/src/fxe_directory_default_get.o
LOAD ./Middlewares/ST/filex/common/src/fxe_directory_default_get_copy.o
LOAD ./Middlewares/ST/filex/common/src/fxe_directory_default_set.o
LOAD ./Middlewares/ST/filex/common/src/fxe_directory_delete.o
LOAD ./Middlewares/ST/filex/common/src/fxe_directory_first_entry_find.o
LOAD ./Middlewares/ST/filex/common/src/fxe_directory_first_full_entry_find.o
LOAD ./Middlewares/ST/filex/common/src/fxe_directory_information_get.o
LOAD ./Middlewares/ST/filex/common/src/fxe_directory_local_path_clear.o
LOAD ./Middlewares/ST/filex/common/src/fxe_directory_local_path_get.o
LOAD ./Middlewares/ST/filex/common/src/fxe_directory_local_path_get_copy.o
LOAD ./Middlewares/ST/filex/common/src/fxe_directory_local_path_restore.o
LOAD ./Middlewares/ST/filex/common/src/fxe_directory_local_path_set.o
LOAD ./Middlewares/ST/filex/common/src/fxe_directory_long_name_get.o
LOAD ./Middlewares/ST/filex/common/src/fxe_directory_long_name_get_extended.o
LOAD ./Middlewares/ST/filex/common/src/fxe_directory_name_test.o
LOAD ./Middlewares/ST/filex/common/src/fxe_directory_next_entry_find.o
LOAD ./Middlewares/ST/filex/common/src/fxe_directory_next_full_entry_find.o
LOAD ./Middlewares/ST/filex/common/src/fxe_directory_rename.o
LOAD ./Middlewares/ST/filex/common/src/fxe_directory_short_name_get.o
LOAD ./Middlewares/ST/filex/common/src/fxe_directory_short_name_get_extended.o
LOAD ./Middlewares/ST/filex/common/src/fxe_fault_tolerant_enable.o
LOAD ./Middlewares/ST/filex/common/src/fxe_file_allocate.o
LOAD ./Middlewares/ST/filex/common/src/fxe_file_attributes_read.o
LOAD ./Middlewares/ST/filex/common/src/fxe_file_attributes_set.o
LOAD ./Middlewares/ST/filex/common/src/fxe_file_best_effort_allocate.o
LOAD ./Middlewares/ST/filex/common/src/fxe_file_close.o
LOAD ./Middlewares/ST/filex/common/src/fxe_file_create.o
LOAD ./Middlewares/ST/filex/common/src/fxe_file_date_time_set.o
LOAD ./Middlewares/ST/filex/common/src/fxe_file_delete.o
LOAD ./Middlewares/ST/filex/common/src/fxe_file_extended_allocate.o
LOAD ./Middlewares/ST/filex/common/src/fxe_file_extended_best_effort_allocate.o
LOAD ./Middlewares/ST/filex/common/src/fxe_file_extended_relative_seek.o
LOAD ./Middlewares/ST/filex/common/src/fxe_file_extended_seek.o
LOAD ./Middlewares/ST/filex/common/src/fxe_file_extended_truncate.o
LOAD ./Middlewares/ST/filex/common/src/fxe_file_extended_truncate_release.o
LOAD ./Middlewares/ST/filex/common/src/fxe_file_open.o
LOAD ./Middlewares/ST/filex/common/src/fxe_file_read.o
LOAD ./Middlewares/ST/filex/common/src/fxe_file_relative_seek.o
LOAD ./Middlewares/ST/filex/common/src/fxe_file_rename.o
LOAD ./Middlewares/ST/filex/common/src/fxe_file_seek.o
LOAD ./Middlewares/ST/filex/common/src/fxe_file_truncate.o
LOAD ./Middlewares/ST/filex/common/src/fxe_file_truncate_release.o
LOAD ./Middlewares/ST/filex/common/src/fxe_file_write.o
LOAD ./Middlewares/ST/filex/common/src/fxe_file_write_notify_set.o
LOAD ./Middlewares/ST/filex/common/src/fxe_media_abort.o
LOAD ./Middlewares/ST/filex/common/src/fxe_media_cache_invalidate.o
LOAD ./Middlewares/ST/filex/common/src/fxe_media_check.o
LOAD ./Middlewares/ST/filex/common/src/fxe_media_close.o
LOAD ./Middlewares/ST/filex/common/src/fxe_media_close_notify_set.o
LOAD ./Middlewares/ST/filex/common/src/fxe_media_exFAT_format.o
LOAD ./Middlewares/ST/filex/common/src/fxe_media_extended_space_available.o
LOAD ./Middlewares/ST/filex/common/src/fxe_media_flush.o
LOAD ./Middlewares/ST/filex/common/src/fxe_media_format.o
LOAD ./Middlewares/ST/filex/common/src/fxe_media_open.o
LOAD ./Middlewares/ST/filex/common/src/fxe_media_open_notify_set.o
LOAD ./Middlewares/ST/filex/common/src/fxe_media_read.o
LOAD ./Middlewares/ST/filex/common/src/fxe_media_space_available.o
LOAD ./Middlewares/ST/filex/common/src/fxe_media_volume_get.o
LOAD ./Middlewares/ST/filex/common/src/fxe_media_volume_get_extended.o
LOAD ./Middlewares/ST/filex/common/src/fxe_media_volume_set.o
LOAD ./Middlewares/ST/filex/common/src/fxe_media_write.o
LOAD ./Middlewares/ST/filex/common/src/fxe_system_date_get.o
LOAD ./Middlewares/ST/filex/common/src/fxe_system_date_set.o
LOAD ./Middlewares/ST/filex/common/src/fxe_system_time_get.o
LOAD ./Middlewares/ST/filex/common/src/fxe_system_time_set.o
LOAD ./Middlewares/ST/filex/common/src/fxe_unicode_directory_create.o
LOAD ./Middlewares/ST/filex/common/src/fxe_unicode_directory_rename.o
LOAD ./Middlewares/ST/filex/common/src/fxe_unicode_file_create.o
LOAD ./Middlewares/ST/filex/common/src/fxe_unicode_file_rename.o
LOAD ./Middlewares/ST/filex/common/src/fxe_unicode_name_get.o
LOAD ./Middlewares/ST/filex/common/src/fxe_unicode_name_get_extended.o
LOAD ./Middlewares/ST/filex/common/src/fxe_unicode_short_name_get.o
LOAD ./Middlewares/ST/filex/common/src/fxe_unicode_short_name_get_extended.o
START GROUP
LOAD C:/ST/STM32CubeIDE_1.19.0/STM32CubeIDE/plugins/com.st.stm32cube.ide.mcu.externaltools.gnu-tools-for-stm32.13.3.rel1.win32_1.0.0.202411081344/tools/bin/../lib/gcc/arm-none-eabi/13.3.1/../../../../arm-none-eabi/lib/thumb/v8-m.main+fp/hard\libc_nano.a
LOAD C:/ST/STM32CubeIDE_1.19.0/STM32CubeIDE/plugins/com.st.stm32cube.ide.mcu.externaltools.gnu-tools-for-stm32.13.3.rel1.win32_1.0.0.202411081344/tools/bin/../lib/gcc/arm-none-eabi/13.3.1/../../../../arm-none-eabi/lib/thumb/v8-m.main+fp/hard\libm.a
END GROUP
START GROUP
LOAD C:/ST/STM32CubeIDE_1.19.0/STM32CubeIDE/plugins/com.st.stm32cube.ide.mcu.externaltools.gnu-tools-for-stm32.13.3.rel1.win32_1.0.0.202411081344/tools/bin/../lib/gcc/arm-none-eabi/13.3.1/thumb/v8-m.main+fp/hard\libgcc.a
LOAD C:/ST/STM32CubeIDE_1.19.0/STM32CubeIDE/plugins/com.st.stm32cube.ide.mcu.externaltools.gnu-tools-for-stm32.13.3.rel1.win32_1.0.0.202411081344/tools/bin/../lib/gcc/arm-none-eabi/13.3.1/../../../../arm-none-eabi/lib/thumb/v8-m.main+fp/hard\libc_nano.a
END GROUP
START GROUP
LOAD C:/ST/STM32CubeIDE_1.19.0/STM32CubeIDE/plugins/com.st.stm32cube.ide.mcu.externaltools.gnu-tools-for-stm32.13.3.rel1.win32_1.0.0.202411081344/tools/bin/../lib/gcc/arm-none-eabi/13.3.1/thumb/v8-m.main+fp/hard\libgcc.a
LOAD C:/ST/STM32CubeIDE_1.19.0/STM32CubeIDE/plugins/com.st.stm32cube.ide.mcu.externaltools.gnu-tools-for-stm32.13.3.rel1.win32_1.0.0.202411081344/tools/bin/../lib/gcc/arm-none-eabi/13.3.1/../../../../arm-none-eabi/lib/thumb/v8-m.main+fp/hard\libc_nano.a
LOAD C:/ST/STM32CubeIDE_1.19.0/STM32CubeIDE/plugins/com.st.stm32cube.ide.mcu.externaltools.gnu-tools-for-stm32.13.3.rel1.win32_1.0.0.202411081344/tools/bin/../lib/gcc/arm-none-eabi/13.3.1/../../../../arm-none-eabi/lib/thumb/v8-m.main+fp/hard\libnosys.a
END GROUP
START GROUP
LOAD C:/ST/STM32CubeIDE_1.19.0/STM32CubeIDE/plugins/com.st.stm32cube.ide.mcu.externaltools.gnu-tools-for-stm32.13.3.rel1.win32_1.0.0.202411081344/tools/bin/../lib/gcc/arm-none-eabi/13.3.1/thumb/v8-m.main+fp/hard\libgcc.a
LOAD C:/ST/STM32CubeIDE_1.19.0/STM32CubeIDE/plugins/com.st.stm32cube.ide.mcu.externaltools.gnu-tools-for-stm32.13.3.rel1.win32_1.0.0.202411081344/tools/bin/../lib/gcc/arm-none-eabi/13.3.1/../../../../arm-none-eabi/lib/thumb/v8-m.main+fp/hard\libc_nano.a
LOAD C:/ST/STM32CubeIDE_1.19.0/STM32CubeIDE/plugins/com.st.stm32cube.ide.mcu.externaltools.gnu-tools-for-stm32.13.3.rel1.win32_1.0.0.202411081344/tools/bin/../lib/gcc/arm-none-eabi/13.3.1/../../../../arm-none-eabi/lib/thumb/v8-m.main+fp/hard\libnosys.a
END GROUP
LOAD C:/ST/STM32CubeIDE_1.19.0/STM32CubeIDE/plugins/com.st.stm32cube.ide.mcu.externaltools.gnu-tools-for-stm32.13.3.rel1.win32_1.0.0.202411081344/tools/bin/../lib/gcc/arm-none-eabi/13.3.1/thumb/v8-m.main+fp/hard/crtend.o
LOAD C:/ST/STM32CubeIDE_1.19.0/STM32CubeIDE/plugins/com.st.stm32cube.ide.mcu.externaltools.gnu-tools-for-stm32.13.3.rel1.win32_1.0.0.202411081344/tools/bin/../lib/gcc/arm-none-eabi/13.3.1/thumb/v8-m.main+fp/hard/crtn.o
                0x200a0000                        _estack = (ORIGIN (RAM) + LENGTH (RAM))
                0x00000200                        _Min_Heap_Size = 0x200
                0x00000400                        _Min_Stack_Size = 0x400

.isr_vector     0x08000000      0x24c
                0x08000000                        . = ALIGN (0x4)
 *(.isr_vector)
 .isr_vector    0x08000000      0x24c ./Core/Startup/startup_stm32h562ritx.o
                0x08000000                g_pfnVectors
                0x0800024c                        . = ALIGN (0x4)

.text           0x08000250    0x12308
                0x08000250                        . = ALIGN (0x4)
 *(.text)
 .text          0x08000250       0x40 C:/ST/STM32CubeIDE_1.19.0/STM32CubeIDE/plugins/com.st.stm32cube.ide.mcu.externaltools.gnu-tools-for-stm32.13.3.rel1.win32_1.0.0.202411081344/tools/bin/../lib/gcc/arm-none-eabi/13.3.1/thumb/v8-m.main+fp/hard/crtbegin.o
 .text          0x08000290       0x14 C:/ST/STM32CubeIDE_1.19.0/STM32CubeIDE/plugins/com.st.stm32cube.ide.mcu.externaltools.gnu-tools-for-stm32.13.3.rel1.win32_1.0.0.202411081344/tools/bin/../lib/gcc/arm-none-eabi/13.3.1/../../../../arm-none-eabi/lib/thumb/v8-m.main+fp/hard\libc_nano.a(libc_a-strcmp.o)
                0x08000290                strcmp
 .text          0x080002a4       0x10 C:/ST/STM32CubeIDE_1.19.0/STM32CubeIDE/plugins/com.st.stm32cube.ide.mcu.externaltools.gnu-tools-for-stm32.13.3.rel1.win32_1.0.0.202411081344/tools/bin/../lib/gcc/arm-none-eabi/13.3.1/../../../../arm-none-eabi/lib/thumb/v8-m.main+fp/hard\libc_nano.a(libc_a-strlen.o)
                0x080002a4                strlen
 .text          0x080002b4      0x378 C:/ST/STM32CubeIDE_1.19.0/STM32CubeIDE/plugins/com.st.stm32cube.ide.mcu.externaltools.gnu-tools-for-stm32.13.3.rel1.win32_1.0.0.202411081344/tools/bin/../lib/gcc/arm-none-eabi/13.3.1/thumb/v8-m.main+fp/hard\libgcc.a(_arm_addsubdf3.o)
                0x080002b4                __aeabi_drsub
                0x080002bc                __aeabi_dsub
                0x080002bc                __subdf3
                0x080002c0                __aeabi_dadd
                0x080002c0                __adddf3
                0x08000538                __floatunsidf
                0x08000538                __aeabi_ui2d
                0x08000558                __floatsidf
                0x08000558                __aeabi_i2d
                0x0800057c                __aeabi_f2d
                0x0800057c                __extendsfdf2
                0x080005c0                __floatundidf
                0x080005c0                __aeabi_ul2d
                0x080005d0                __floatdidf
                0x080005d0                __aeabi_l2d
 .text          0x0800062c      0x424 C:/ST/STM32CubeIDE_1.19.0/STM32CubeIDE/plugins/com.st.stm32cube.ide.mcu.externaltools.gnu-tools-for-stm32.13.3.rel1.win32_1.0.0.202411081344/tools/bin/../lib/gcc/arm-none-eabi/13.3.1/thumb/v8-m.main+fp/hard\libgcc.a(_arm_muldivdf3.o)
                0x0800062c                __aeabi_dmul
                0x0800062c                __muldf3
                0x08000880                __divdf3
                0x08000880                __aeabi_ddiv
 .text          0x08000a50      0x110 C:/ST/STM32CubeIDE_1.19.0/STM32CubeIDE/plugins/com.st.stm32cube.ide.mcu.externaltools.gnu-tools-for-stm32.13.3.rel1.win32_1.0.0.202411081344/tools/bin/../lib/gcc/arm-none-eabi/13.3.1/thumb/v8-m.main+fp/hard\libgcc.a(_arm_cmpdf2.o)
                0x08000a50                __gtdf2
                0x08000a50                __gedf2
                0x08000a58                __ltdf2
                0x08000a58                __ledf2
                0x08000a60                __nedf2
                0x08000a60                __eqdf2
                0x08000a60                __cmpdf2
                0x08000adc                __aeabi_cdrcmple
                0x08000aec                __aeabi_cdcmpeq
                0x08000aec                __aeabi_cdcmple
                0x08000afc                __aeabi_dcmpeq
                0x08000b10                __aeabi_dcmplt
                0x08000b24                __aeabi_dcmple
                0x08000b38                __aeabi_dcmpge
                0x08000b4c                __aeabi_dcmpgt
 .text          0x08000b60       0x2c C:/ST/STM32CubeIDE_1.19.0/STM32CubeIDE/plugins/com.st.stm32cube.ide.mcu.externaltools.gnu-tools-for-stm32.13.3.rel1.win32_1.0.0.202411081344/tools/bin/../lib/gcc/arm-none-eabi/13.3.1/thumb/v8-m.main+fp/hard\libgcc.a(_arm_unorddf2.o)
                0x08000b60                __unorddf2
                0x08000b60                __aeabi_dcmpun
 .text          0x08000b8c       0x50 C:/ST/STM32CubeIDE_1.19.0/STM32CubeIDE/plugins/com.st.stm32cube.ide.mcu.externaltools.gnu-tools-for-stm32.13.3.rel1.win32_1.0.0.202411081344/tools/bin/../lib/gcc/arm-none-eabi/13.3.1/thumb/v8-m.main+fp/hard\libgcc.a(_arm_fixdfsi.o)
                0x08000b8c                __aeabi_d2iz
                0x08000b8c                __fixdfsi
 .text          0x08000bdc       0xa0 C:/ST/STM32CubeIDE_1.19.0/STM32CubeIDE/plugins/com.st.stm32cube.ide.mcu.externaltools.gnu-tools-for-stm32.13.3.rel1.win32_1.0.0.202411081344/tools/bin/../lib/gcc/arm-none-eabi/13.3.1/thumb/v8-m.main+fp/hard\libgcc.a(_aeabi_ldivmod.o)
                0x08000bdc                __aeabi_ldivmod
 .text          0x08000c7c       0x30 C:/ST/STM32CubeIDE_1.19.0/STM32CubeIDE/plugins/com.st.stm32cube.ide.mcu.externaltools.gnu-tools-for-stm32.13.3.rel1.win32_1.0.0.202411081344/tools/bin/../lib/gcc/arm-none-eabi/13.3.1/thumb/v8-m.main+fp/hard\libgcc.a(_aeabi_uldivmod.o)
                0x08000c7c                __aeabi_uldivmod
 .text          0x08000cac      0x348 C:/ST/STM32CubeIDE_1.19.0/STM32CubeIDE/plugins/com.st.stm32cube.ide.mcu.externaltools.gnu-tools-for-stm32.13.3.rel1.win32_1.0.0.202411081344/tools/bin/../lib/gcc/arm-none-eabi/13.3.1/thumb/v8-m.main+fp/hard\libgcc.a(_udivmoddi4.o)
                0x08000cac                __udivmoddi4
 .text          0x08000ff4        0x4 C:/ST/STM32CubeIDE_1.19.0/STM32CubeIDE/plugins/com.st.stm32cube.ide.mcu.externaltools.gnu-tools-for-stm32.13.3.rel1.win32_1.0.0.202411081344/tools/bin/../lib/gcc/arm-none-eabi/13.3.1/thumb/v8-m.main+fp/hard\libgcc.a(_dvmd_tls.o)
                0x08000ff4                __aeabi_idiv0
                0x08000ff4                __aeabi_ldiv0
 *(.text*)
 .text.Airbrake_Control_Init
                0x08000ff8       0x2c ./Core/Src/airbrake_control.o
                0x08000ff8                Airbrake_Control_Init
 .text.Airbrake_Control_Start
                0x08001024       0x44 ./Core/Src/airbrake_control.o
                0x08001024                Airbrake_Control_Start
 .text.Airbrake_Control_SetTargetFt
                0x08001068       0x18 ./Core/Src/airbrake_control.o
                0x08001068                Airbrake_Control_SetTargetFt
 .text.Airbrake_Control_Task
                0x08001080      0x12c ./Core/Src/airbrake_control.o
                0x08001080                Airbrake_Control_Task
 .text.Deploy_Print
                0x080011ac       0x3c ./Core/Src/airbrake_deploy.o
 .text.Print_Units_As_mm
                0x080011e8       0x40 ./Core/Src/airbrake_deploy.o
 .text.MoveTowardTarget
                0x08001228       0x34 ./Core/Src/airbrake_deploy.o
 .text.Airbrake_Angle_To_Position_um
                0x0800125c       0xc4 ./Core/Src/airbrake_deploy.o
                0x0800125c                Airbrake_Angle_To_Position_um
 .text.Airbrake_Deploy_Init
                0x08001320       0x20 ./Core/Src/airbrake_deploy.o
                0x08001320                Airbrake_Deploy_Init
 .text.Airbrake_StartControl
                0x08001340       0x3c ./Core/Src/airbrake_deploy.o
                0x08001340                Airbrake_StartControl
 .text.Airbrake_SetTargetAngle
                0x0800137c       0x34 ./Core/Src/airbrake_deploy.o
                0x0800137c                Airbrake_SetTargetAngle
 .text.Airbrake_GoToMax
                0x080013b0       0x30 ./Core/Src/airbrake_deploy.o
                0x080013b0                Airbrake_GoToMax
 .text.Airbrake_GoToZero
                0x080013e0       0x30 ./Core/Src/airbrake_deploy.o
                0x080013e0                Airbrake_GoToZero
 .text.Airbrake_Start_Sequence
                0x08001410       0xac ./Core/Src/airbrake_deploy.o
                0x08001410                Airbrake_Start_Sequence
 .text.Airbrake_Is_Sequence_Active
                0x080014bc       0x18 ./Core/Src/airbrake_deploy.o
                0x080014bc                Airbrake_Is_Sequence_Active
 .text.Airbrake_Deploy_Task
                0x080014d4      0x294 ./Core/Src/airbrake_deploy.o
                0x080014d4                Airbrake_Deploy_Task
 .text.Command_Sequence_Init
                0x08001768       0x1c ./Core/Src/command_sequence.o
                0x08001768                Command_Sequence_Init
 .text.Command_Sequence_Check_Deploy_Trigger
                0x08001784        0xc ./Core/Src/command_sequence.o
                0x08001784                Command_Sequence_Check_Deploy_Trigger
 .text.Command_Sequence_Clear_Deploy_Trigger
                0x08001790        0xc ./Core/Src/command_sequence.o
                0x08001790                Command_Sequence_Clear_Deploy_Trigger
 .text.Command_Sequence_Check_Homing_Trigger
                0x0800179c        0xc ./Core/Src/command_sequence.o
                0x0800179c                Command_Sequence_Check_Homing_Trigger
 .text.Command_Sequence_Clear_Homing_Trigger
                0x080017a8        0xc ./Core/Src/command_sequence.o
                0x080017a8                Command_Sequence_Clear_Homing_Trigger
 .text.ReadHallState
                0x080017b4       0x44 ./Core/Src/encoder_app.o
 .text.Encoder_App_Init
                0x080017f8       0x38 ./Core/Src/encoder_app.o
                0x080017f8                Encoder_App_Init
 .text.Encoder_Reset
                0x08001830        0xc ./Core/Src/encoder_app.o
                0x08001830                Encoder_Reset
 .text.Encoder_GetPosition_um
                0x0800183c       0x1c ./Core/Src/encoder_app.o
                0x0800183c                Encoder_GetPosition_um
 .text.Encoder_TimerPollCallback
                0x08001858       0xc8 ./Core/Src/encoder_app.o
                0x08001858                Encoder_TimerPollCallback
 .text.Encoder_App_Task
                0x08001920       0x18 ./Core/Src/encoder_app.o
                0x08001920                Encoder_App_Task
 .text.Encoder_EXTI_Rising_Callback
                0x08001938        0x2 ./Core/Src/encoder_app.o
                0x08001938                Encoder_EXTI_Rising_Callback
 .text.Encoder_EXTI_Falling_Callback
                0x0800193a        0x2 ./Core/Src/encoder_app.o
                0x0800193a                Encoder_EXTI_Falling_Callback
 .text.HAL_TIM_PeriodElapsedCallback
                0x0800193c       0x14 ./Core/Src/encoder_app.o
                0x0800193c                HAL_TIM_PeriodElapsedCallback
 .text.CurrentAvg_Reset
                0x08001950       0x34 ./Core/Src/encoder_homing.o
 .text.Homing_Print
                0x08001984       0x3c ./Core/Src/encoder_homing.o
 .text.EnterState
                0x080019c0       0x3c ./Core/Src/encoder_homing.o
 .text.StallDetected
                0x080019fc       0xf8 ./Core/Src/encoder_homing.o
 .text.Encoder_Homing_Init
                0x08001af4       0x20 ./Core/Src/encoder_homing.o
                0x08001af4                Encoder_Homing_Init
 .text.Encoder_Homing_Start
                0x08001b14       0x54 ./Core/Src/encoder_homing.o
                0x08001b14                Encoder_Homing_Start
 .text.Encoder_Homing_Is_Active
                0x08001b68       0x14 ./Core/Src/encoder_homing.o
                0x08001b68                Encoder_Homing_Is_Active
 .text.Encoder_Homing_Task
                0x08001b7c      0x1b8 ./Core/Src/encoder_homing.o
                0x08001b7c                Encoder_Homing_Task
 .text.is_signed_integer
                0x08001d34       0x34 ./Core/Src/esc_app.o
 .text.Upstream_EnableIrqRx
                0x08001d68       0x54 ./Core/Src/esc_app.o
 .text.PWM_Set  0x08001dbc       0x20 ./Core/Src/esc_app.o
 .text.Camera_ReadCurrent_mA
                0x08001ddc       0x50 ./Core/Src/esc_app.o
 .text.Camera_SendSpiByte.isra.0
                0x08001e2c       0x20 ./Core/Src/esc_app.o
 .text.HandleCommand
                0x08001e4c      0x344 ./Core/Src/esc_app.o
 .text.ProcessConsoleByte
                0x08002190       0x84 ./Core/Src/esc_app.o
 .text.Upstream_ProcessByte
                0x08002214       0xe4 ./Core/Src/esc_app.o
 .text.ESC_App_StopMotor
                0x080022f8        0xc ./Core/Src/esc_app.o
                0x080022f8                ESC_App_StopMotor
 .text.ESC_App_SetPercent
                0x08002304       0x48 ./Core/Src/esc_app.o
                0x08002304                ESC_App_SetPercent
 .text.ESC_App_GetLatestSensorPacket
                0x0800234c       0x28 ./Core/Src/esc_app.o
                0x0800234c                ESC_App_GetLatestSensorPacket
 .text.ESC_App_GetCamCurrent_mA
                0x08002374        0xc ./Core/Src/esc_app.o
                0x08002374                ESC_App_GetCamCurrent_mA
 .text.ESC_App_GetBattVoltage_mV
                0x08002380        0xc ./Core/Src/esc_app.o
                0x08002380                ESC_App_GetBattVoltage_mV
 .text.ESC_App_Init
                0x0800238c       0xf4 ./Core/Src/esc_app.o
                0x0800238c                ESC_App_Init
 .text.ESC_App_Task
                0x08002480      0x454 ./Core/Src/esc_app.o
                0x08002480                ESC_App_Task
 .text.ESC_App_Uart4IrqHandler
                0x080028d4      0x168 ./Core/Src/esc_app.o
                0x080028d4                ESC_App_Uart4IrqHandler
 .text.ESC_Telem_Init
                0x08002a3c       0x3c ./Core/Src/esc_telem.o
                0x08002a3c                ESC_Telem_Init
 .text.ESC_Telem_Uart5IrqHandler
                0x08002a78      0x144 ./Core/Src/esc_telem.o
                0x08002a78                ESC_Telem_Uart5IrqHandler
 .text.ESC_Telem_Task
                0x08002bbc       0x28 ./Core/Src/esc_telem.o
                0x08002bbc                ESC_Telem_Task
 .text.ESC_Telem_GetTemp_C
                0x08002be4        0xc ./Core/Src/esc_telem.o
                0x08002be4                ESC_Telem_GetTemp_C
 .text.ESC_Telem_GetVoltage_mV
                0x08002bf0        0xc ./Core/Src/esc_telem.o
                0x08002bf0                ESC_Telem_GetVoltage_mV
 .text.ESC_Telem_GetCurrent_mA
                0x08002bfc        0xc ./Core/Src/esc_telem.o
                0x08002bfc                ESC_Telem_GetCurrent_mA
 .text.ESC_Telem_GetConsumption_mAh
                0x08002c08        0xc ./Core/Src/esc_telem.o
                0x08002c08                ESC_Telem_GetConsumption_mAh
 .text.ESC_Telem_GetERPM
                0x08002c14        0xc ./Core/Src/esc_telem.o
                0x08002c14                ESC_Telem_GetERPM
 .text.ESC_Telem_IsValid
                0x08002c20        0xc ./Core/Src/esc_telem.o
                0x08002c20                ESC_Telem_IsValid
 .text.ESC_Telem_GetPacketsOk
                0x08002c2c        0xc ./Core/Src/esc_telem.o
                0x08002c2c                ESC_Telem_GetPacketsOk
 .text.KF_Update
                0x08002c38       0x78 ./Core/Src/flight_estimator.o
 .text.DragAccel
                0x08002cb0      0x130 ./Core/Src/flight_estimator.o
 .text.KF_Predict
                0x08002de0       0xcc ./Core/Src/flight_estimator.o
 .text.Estimator_Init
                0x08002eac       0x90 ./Core/Src/flight_estimator.o
                0x08002eac                Estimator_Init
 .text.Estimator_SetBoost
                0x08002f3c       0x40 ./Core/Src/flight_estimator.o
                0x08002f3c                Estimator_SetBoost
 .text.Estimator_SetCoast
                0x08002f7c       0x58 ./Core/Src/flight_estimator.o
                0x08002f7c                Estimator_SetCoast
 .text.Estimator_Task
                0x08002fd4      0x2dc ./Core/Src/flight_estimator.o
                0x08002fd4                Estimator_Task
 .text.Estimator_GetState
                0x080032b0       0x20 ./Core/Src/flight_estimator.o
                0x080032b0                Estimator_GetState
 .text.Estimator_SetDeployLevel
                0x080032d0        0xc ./Core/Src/flight_estimator.o
                0x080032d0                Estimator_SetDeployLevel
 .text.Trigger_Print
                0x080032dc       0x3c ./Core/Src/flight_trigger.o
 .text.Flight_Trigger_Init
                0x08003318        0xc ./Core/Src/flight_trigger.o
                0x08003318                Flight_Trigger_Init
 .text.Flight_Trigger_Task
                0x08003324       0xe8 ./Core/Src/flight_trigger.o
                0x08003324                Flight_Trigger_Task
 .text.MX_GPIO_Init
                0x0800340c       0xdc ./Core/Src/gpio.o
                0x0800340c                MX_GPIO_Init
 .text.MX_ICACHE_Init
                0x080034e8       0x12 ./Core/Src/icache.o
                0x080034e8                MX_ICACHE_Init
 *fill*         0x080034fa        0x2 
 .text.SystemClock_Config
                0x080034fc       0xac ./Core/Src/main.o
                0x080034fc                SystemClock_Config
 .text.startup.main
                0x080035a8       0x44 ./Core/Src/main.o
                0x080035a8                main
 .text.Error_Handler
                0x080035ec        0x4 ./Core/Src/main.o
                0x080035ec                Error_Handler
 .text.MX_RTC_Init
                0x080035f0       0x5c ./Core/Src/rtc.o
                0x080035f0                MX_RTC_Init
 .text.HAL_RTC_MspInit
                0x0800364c       0x68 ./Core/Src/rtc.o
                0x0800364c                HAL_RTC_MspInit
 .text.Logger_Print
                0x080036b4       0x44 ./Core/Src/sd_logger.o
 .text.Logger_Write
                0x080036f8       0x78 ./Core/Src/sd_logger.o
 .text.Vec3Mag  0x08003770       0x14 ./Core/Src/sd_logger.o
 .text.SD_Logger_Init
                0x08003784       0x98 ./Core/Src/sd_logger.o
                0x08003784                SD_Logger_Init
 .text.SD_Logger_Start
                0x0800381c       0xd4 ./Core/Src/sd_logger.o
                0x0800381c                SD_Logger_Start
 .text.SD_Logger_SetEpoch
                0x080038f0       0x24 ./Core/Src/sd_logger.o
                0x080038f0                SD_Logger_SetEpoch
 .text.SD_Logger_Task
                0x08003914      0x3f0 ./Core/Src/sd_logger.o
                0x08003914                SD_Logger_Task
 .text.SDMMC_IsHwReady
                0x08003d04        0xc ./Core/Src/sdmmc.o
                0x08003d04                SDMMC_IsHwReady
 .text.MX_SDMMC1_SD_Init
                0x08003d10       0x74 ./Core/Src/sdmmc.o
                0x08003d10                MX_SDMMC1_SD_Init
 .text.HAL_SD_MspInit
                0x08003d84       0xf8 ./Core/Src/sdmmc.o
                0x08003d84                HAL_SD_MspInit
 .text.MX_SPI2_Init
                0x08003e7c       0x60 ./Core/Src/spi.o
                0x08003e7c                MX_SPI2_Init
 .text.HAL_SPI_MspInit
                0x08003edc       0xbc ./Core/Src/spi.o
                0x08003edc                HAL_SPI_MspInit
 .text.HAL_MspInit
                0x08003f98        0x2 ./Core/Src/stm32h5xx_hal_msp.o
                0x08003f98                HAL_MspInit
 .text.NMI_Handler
                0x08003f9a        0x2 ./Core/Src/stm32h5xx_it.o
                0x08003f9a                NMI_Handler
 .text.HardFault_Handler
                0x08003f9c        0x2 ./Core/Src/stm32h5xx_it.o
                0x08003f9c                HardFault_Handler
 .text.MemManage_Handler
                0x08003f9e        0x2 ./Core/Src/stm32h5xx_it.o
                0x08003f9e                MemManage_Handler
 .text.BusFault_Handler
                0x08003fa0        0x2 ./Core/Src/stm32h5xx_it.o
                0x08003fa0                BusFault_Handler
 .text.UsageFault_Handler
                0x08003fa2        0x2 ./Core/Src/stm32h5xx_it.o
                0x08003fa2                UsageFault_Handler
 .text.SVC_Handler
                0x08003fa4        0x2 ./Core/Src/stm32h5xx_it.o
                0x08003fa4                SVC_Handler
 .text.DebugMon_Handler
                0x08003fa6        0x2 ./Core/Src/stm32h5xx_it.o
                0x08003fa6                DebugMon_Handler
 .text.PendSV_Handler
                0x08003fa8        0x2 ./Core/Src/stm32h5xx_it.o
                0x08003fa8                PendSV_Handler
 .text.SysTick_Handler
                0x08003faa        0x4 ./Core/Src/stm32h5xx_it.o
                0x08003faa                SysTick_Handler
 .text.EXTI4_IRQHandler
                0x08003fae        0x6 ./Core/Src/stm32h5xx_it.o
                0x08003fae                EXTI4_IRQHandler
 .text.EXTI6_IRQHandler
                0x08003fb4        0x6 ./Core/Src/stm32h5xx_it.o
                0x08003fb4                EXTI6_IRQHandler
 .text.EXTI7_IRQHandler
                0x08003fba        0x6 ./Core/Src/stm32h5xx_it.o
                0x08003fba                EXTI7_IRQHandler
 .text.SDMMC1_IRQHandler
                0x08003fc0        0xc ./Core/Src/stm32h5xx_it.o
                0x08003fc0                SDMMC1_IRQHandler
 .text.TIM4_IRQHandler
                0x08003fcc        0xc ./Core/Src/stm32h5xx_it.o
                0x08003fcc                TIM4_IRQHandler
 .text.UART4_IRQHandler
                0x08003fd8        0x4 ./Core/Src/stm32h5xx_it.o
                0x08003fd8                UART4_IRQHandler
 .text.HAL_GPIO_EXTI_Rising_Callback
                0x08003fdc        0x4 ./Core/Src/stm32h5xx_it.o
                0x08003fdc                HAL_GPIO_EXTI_Rising_Callback
 .text.HAL_GPIO_EXTI_Falling_Callback
                0x08003fe0        0x4 ./Core/Src/stm32h5xx_it.o
                0x08003fe0                HAL_GPIO_EXTI_Falling_Callback
 .text.UART5_IRQHandler
                0x08003fe4        0x4 ./Core/Src/stm32h5xx_it.o
                0x08003fe4                UART5_IRQHandler
 .text._getpid  0x08003fe8        0x4 ./Core/Src/syscalls.o
                0x08003fe8                _getpid
 .text._kill    0x08003fec       0x10 ./Core/Src/syscalls.o
                0x08003fec                _kill
 .text._exit    0x08003ffc        0xc ./Core/Src/syscalls.o
                0x08003ffc                _exit
 .text._read    0x08004008       0x1c ./Core/Src/syscalls.o
                0x08004008                _read
 .text._write   0x08004024       0x1c ./Core/Src/syscalls.o
                0x08004024                _write
 .text._close   0x08004040        0x6 ./Core/Src/syscalls.o
                0x08004040                _close
 .text._fstat   0x08004046        0xa ./Core/Src/syscalls.o
                0x08004046                _fstat
 .text._isatty  0x08004050        0x4 ./Core/Src/syscalls.o
                0x08004050                _isatty
 .text._lseek   0x08004054        0x4 ./Core/Src/syscalls.o
                0x08004054                _lseek
 .text._sbrk    0x08004058       0x40 ./Core/Src/sysmem.o
                0x08004058                _sbrk
 .text.SystemInit
                0x08004098       0x90 ./Core/Src/system_stm32h5xx.o
                0x08004098                SystemInit
 .text.MX_TIM4_Init
                0x08004128       0x6c ./Core/Src/tim.o
                0x08004128                MX_TIM4_Init
 .text.HAL_TIM_Base_MspInit
                0x08004194       0x6c ./Core/Src/tim.o
                0x08004194                HAL_TIM_Base_MspInit
 .text.HAL_TIM_MspPostInit
                0x08004200       0x54 ./Core/Src/tim.o
                0x08004200                HAL_TIM_MspPostInit
 .text.MX_TIM3_Init
                0x08004254       0xa8 ./Core/Src/tim.o
                0x08004254                MX_TIM3_Init
 .text.MX_UART4_Init
                0x080042fc       0xa8 ./Core/Src/usart.o
                0x080042fc                MX_UART4_Init
 .text.MX_UART5_Init
                0x080043a4       0xa0 ./Core/Src/usart.o
                0x080043a4                MX_UART5_Init
 .text.MX_USART1_UART_Init
                0x08004444       0x64 ./Core/Src/usart.o
                0x08004444                MX_USART1_UART_Init
 .text.MX_USART2_UART_Init
                0x080044a8       0x64 ./Core/Src/usart.o
                0x080044a8                MX_USART2_UART_Init
 .text.HAL_UART_MspInit
                0x0800450c      0x224 ./Core/Src/usart.o
                0x0800450c                HAL_UART_MspInit
 .text.Reset_Handler
                0x08004730       0x50 ./Core/Startup/startup_stm32h562ritx.o
                0x08004730                Reset_Handler
 .text.Default_Handler
                0x08004780        0x2 ./Core/Startup/startup_stm32h562ritx.o
                0x08004780                EXTI2_IRQHandler
                0x08004780                TIM8_TRG_COM_IRQHandler
                0x08004780                TIM8_CC_IRQHandler
                0x08004780                EXTI5_IRQHandler
                0x08004780                I3C1_ER_IRQHandler
                0x08004780                UART8_IRQHandler
                0x08004780                SPI4_IRQHandler
                0x08004780                GPDMA2_Channel1_IRQHandler
                0x08004780                FLASH_S_IRQHandler
                0x08004780                EXTI13_IRQHandler
                0x08004780                TIM1_CC_IRQHandler
                0x08004780                GPDMA2_Channel3_IRQHandler
                0x08004780                TAMP_IRQHandler
                0x08004780                TIM6_IRQHandler
                0x08004780                EXTI12_IRQHandler
                0x08004780                CORDIC_IRQHandler
                0x08004780                USB_DRD_FS_IRQHandler
                0x08004780                EXTI3_IRQHandler
                0x08004780                LPTIM4_IRQHandler
                0x08004780                GPDMA1_Channel5_IRQHandler
                0x08004780                EXTI8_IRQHandler
                0x08004780                GPDMA2_Channel5_IRQHandler
                0x08004780                LPTIM2_IRQHandler
                0x08004780                I2C3_ER_IRQHandler
                0x08004780                GPDMA2_Channel2_IRQHandler
                0x08004780                USART10_IRQHandler
                0x08004780                LPTIM3_IRQHandler
                0x08004780                EXTI0_IRQHandler
                0x08004780                I2C2_EV_IRQHandler
                0x08004780                FPU_IRQHandler
                0x08004780                GPDMA1_Channel3_IRQHandler
                0x08004780                GPDMA1_Channel7_IRQHandler
                0x08004780                FDCAN1_IT1_IRQHandler
                0x08004780                RAMCFG_IRQHandler
                0x08004780                DCACHE1_IRQHandler
                0x08004780                SPI1_IRQHandler
                0x08004780                OCTOSPI1_IRQHandler
                0x08004780                GPDMA1_Channel2_IRQHandler
                0x08004780                TIM8_UP_IRQHandler
                0x08004780                RCC_S_IRQHandler
                0x08004780                SAI2_IRQHandler
                0x08004780                ADC1_IRQHandler
                0x08004780                USART6_IRQHandler
                0x08004780                EXTI15_IRQHandler
                0x08004780                TIM17_IRQHandler
                0x08004780                USART3_IRQHandler
                0x08004780                RTC_IRQHandler
                0x08004780                EXTI9_IRQHandler
                0x08004780                LPTIM5_IRQHandler
                0x08004780                I2C1_EV_IRQHandler
                0x08004780                GPDMA1_Channel1_IRQHandler
                0x08004780                TIM16_IRQHandler
                0x08004780                SecureFault_Handler
                0x08004780                TIM3_IRQHandler
                0x08004780                RCC_IRQHandler
                0x08004780                UART9_IRQHandler
                0x08004780                TIM1_TRG_COM_IRQHandler
                0x08004780                Default_Handler
                0x08004780                FMAC_IRQHandler
                0x08004780                CEC_IRQHandler
                0x08004780                USART11_IRQHandler
                0x08004780                TIM14_IRQHandler
                0x08004780                TIM13_IRQHandler
                0x08004780                GPDMA2_Channel4_IRQHandler
                0x08004780                SPI5_IRQHandler
                0x08004780                TIM12_IRQHandler
                0x08004780                TIM7_IRQHandler
                0x08004780                TIM5_IRQHandler
                0x08004780                UCPD1_IRQHandler
                0x08004780                GPDMA1_Channel0_IRQHandler
                0x08004780                I3C1_EV_IRQHandler
                0x08004780                TIM15_IRQHandler
                0x08004780                PVD_AVD_IRQHandler
                0x08004780                I2C3_EV_IRQHandler
                0x08004780                ADC2_IRQHandler
                0x08004780                SPI2_IRQHandler
                0x08004780                EXTI14_IRQHandler
                0x08004780                EXTI11_IRQHandler
                0x08004780                CRS_IRQHandler
                0x08004780                GPDMA2_Channel0_IRQHandler
                0x08004780                RTC_S_IRQHandler
                0x08004780                RNG_IRQHandler
                0x08004780                GPDMA2_Channel6_IRQHandler
                0x08004780                TIM1_UP_IRQHandler
                0x08004780                UART12_IRQHandler
                0x08004780                WWDG_IRQHandler
                0x08004780                SPI6_IRQHandler
                0x08004780                I2C4_EV_IRQHandler
                0x08004780                IWDG_IRQHandler
                0x08004780                LPUART1_IRQHandler
                0x08004780                FDCAN1_IT0_IRQHandler
                0x08004780                TIM2_IRQHandler
                0x08004780                GPDMA1_Channel4_IRQHandler
                0x08004780                TIM1_BRK_IRQHandler
                0x08004780                EXTI1_IRQHandler
                0x08004780                LPTIM6_IRQHandler
                0x08004780                DAC1_IRQHandler
                0x08004780                DTS_IRQHandler
                0x08004780                UART7_IRQHandler
                0x08004780                GTZC_IRQHandler
                0x08004780                USART2_IRQHandler
                0x08004780                GPDMA1_Channel6_IRQHandler
                0x08004780                GPDMA2_Channel7_IRQHandler
                0x08004780                I2C2_ER_IRQHandler
                0x08004780                TIM8_BRK_IRQHandler
                0x08004780                FLASH_IRQHandler
                0x08004780                USART1_IRQHandler
                0x08004780                EXTI10_IRQHandler
                0x08004780                SPI3_IRQHandler
                0x08004780                I2C1_ER_IRQHandler
                0x08004780                FMC_IRQHandler
                0x08004780                LPTIM1_IRQHandler
                0x08004780                DCMI_PSSI_IRQHandler
                0x08004780                I2C4_ER_IRQHandler
                0x08004780                ICACHE_IRQHandler
                0x08004780                SAI1_IRQHandler
                0x08004780                HASH_IRQHandler
 *fill*         0x08004782        0x2 
 .text.HAL_InitTick
                0x08004784       0x90 ./Drivers/STM32H5xx_HAL_Driver/Src/stm32h5xx_hal.o
                0x08004784                HAL_InitTick
 .text.HAL_Init
                0x08004814       0x48 ./Drivers/STM32H5xx_HAL_Driver/Src/stm32h5xx_hal.o
                0x08004814                HAL_Init
 .text.HAL_IncTick
                0x0800485c       0x18 ./Drivers/STM32H5xx_HAL_Driver/Src/stm32h5xx_hal.o
                0x0800485c                HAL_IncTick
 .text.HAL_GetTick
                0x08004874        0xc ./Drivers/STM32H5xx_HAL_Driver/Src/stm32h5xx_hal.o
                0x08004874                HAL_GetTick
 .text.HAL_Delay
                0x08004880       0x24 ./Drivers/STM32H5xx_HAL_Driver/Src/stm32h5xx_hal.o
                0x08004880                HAL_Delay
 .text.HAL_NVIC_SetPriorityGrouping
                0x080048a4       0x24 ./Drivers/STM32H5xx_HAL_Driver/Src/stm32h5xx_hal_cortex.o
                0x080048a4                HAL_NVIC_SetPriorityGrouping
 .text.HAL_NVIC_SetPriority
                0x080048c8       0x60 ./Drivers/STM32H5xx_HAL_Driver/Src/stm32h5xx_hal_cortex.o
                0x080048c8                HAL_NVIC_SetPriority
 .text.HAL_NVIC_EnableIRQ
                0x08004928       0x1c ./Drivers/STM32H5xx_HAL_Driver/Src/stm32h5xx_hal_cortex.o
                0x08004928                HAL_NVIC_EnableIRQ
 .text.HAL_SYSTICK_Config
                0x08004944       0x20 ./Drivers/STM32H5xx_HAL_Driver/Src/stm32h5xx_hal_cortex.o
                0x08004944                HAL_SYSTICK_Config
 .text.HAL_SYSTICK_CLKSourceConfig
                0x08004964       0x74 ./Drivers/STM32H5xx_HAL_Driver/Src/stm32h5xx_hal_cortex.o
                0x08004964                HAL_SYSTICK_CLKSourceConfig
 .text.HAL_SYSTICK_GetCLKSourceConfig
                0x080049d8       0x30 ./Drivers/STM32H5xx_HAL_Driver/Src/stm32h5xx_hal_cortex.o
                0x080049d8                HAL_SYSTICK_GetCLKSourceConfig
 .text.HAL_GPIO_Init
                0x08004a08      0x150 ./Drivers/STM32H5xx_HAL_Driver/Src/stm32h5xx_hal_gpio.o
                0x08004a08                HAL_GPIO_Init
 .text.HAL_GPIO_ReadPin
                0x08004b58        0xc ./Drivers/STM32H5xx_HAL_Driver/Src/stm32h5xx_hal_gpio.o
                0x08004b58                HAL_GPIO_ReadPin
 .text.HAL_GPIO_EXTI_IRQHandler
                0x08004b64       0x28 ./Drivers/STM32H5xx_HAL_Driver/Src/stm32h5xx_hal_gpio.o
                0x08004b64                HAL_GPIO_EXTI_IRQHandler
 .text.HAL_ICACHE_Enable
                0x08004b8c       0x14 ./Drivers/STM32H5xx_HAL_Driver/Src/stm32h5xx_hal_icache.o
                0x08004b8c                HAL_ICACHE_Enable
 .text.HAL_RCC_GetSysClockFreq
                0x08004ba0      0x158 ./Drivers/STM32H5xx_HAL_Driver/Src/stm32h5xx_hal_rcc.o
                0x08004ba0                HAL_RCC_GetSysClockFreq
 .text.HAL_RCC_ClockConfig
                0x08004cf8      0x240 ./Drivers/STM32H5xx_HAL_Driver/Src/stm32h5xx_hal_rcc.o
                0x08004cf8                HAL_RCC_ClockConfig
 .text.HAL_RCC_GetHCLKFreq
                0x08004f38       0x2c ./Drivers/STM32H5xx_HAL_Driver/Src/stm32h5xx_hal_rcc.o
                0x08004f38                HAL_RCC_GetHCLKFreq
 .text.HAL_RCC_OscConfig
                0x08004f64      0x568 ./Drivers/STM32H5xx_HAL_Driver/Src/stm32h5xx_hal_rcc.o
                0x08004f64                HAL_RCC_OscConfig
 .text.HAL_RCC_GetPCLK1Freq
                0x080054cc       0x24 ./Drivers/STM32H5xx_HAL_Driver/Src/stm32h5xx_hal_rcc.o
                0x080054cc                HAL_RCC_GetPCLK1Freq
 .text.HAL_RCC_GetPCLK2Freq
                0x080054f0       0x24 ./Drivers/STM32H5xx_HAL_Driver/Src/stm32h5xx_hal_rcc.o
                0x080054f0                HAL_RCC_GetPCLK2Freq
 .text.HAL_RCC_GetPCLK3Freq
                0x08005514       0x24 ./Drivers/STM32H5xx_HAL_Driver/Src/stm32h5xx_hal_rcc.o
                0x08005514                HAL_RCC_GetPCLK3Freq
 .text.RCCEx_PLL2_Config
                0x08005538       0xd4 ./Drivers/STM32H5xx_HAL_Driver/Src/stm32h5xx_hal_rcc_ex.o
 .text.RCCEx_PLL3_Config
                0x0800560c       0xd4 ./Drivers/STM32H5xx_HAL_Driver/Src/stm32h5xx_hal_rcc_ex.o
 .text.HAL_RCCEx_PeriphCLKConfig
                0x080056e0      0xf9c ./Drivers/STM32H5xx_HAL_Driver/Src/stm32h5xx_hal_rcc_ex.o
                0x080056e0                HAL_RCCEx_PeriphCLKConfig
 .text.HAL_RCCEx_GetPLL1ClockFreq
                0x0800667c      0x13c ./Drivers/STM32H5xx_HAL_Driver/Src/stm32h5xx_hal_rcc_ex.o
                0x0800667c                HAL_RCCEx_GetPLL1ClockFreq
 .text.HAL_RCCEx_GetPLL2ClockFreq
                0x080067b8      0x13c ./Drivers/STM32H5xx_HAL_Driver/Src/stm32h5xx_hal_rcc_ex.o
                0x080067b8                HAL_RCCEx_GetPLL2ClockFreq
 .text.HAL_RCCEx_GetPLL3ClockFreq
                0x080068f4      0x13c ./Drivers/STM32H5xx_HAL_Driver/Src/stm32h5xx_hal_rcc_ex.o
                0x080068f4                HAL_RCCEx_GetPLL3ClockFreq
 .text.HAL_RCCEx_GetPeriphCLKFreq
                0x08006a30     0x14e4 ./Drivers/STM32H5xx_HAL_Driver/Src/stm32h5xx_hal_rcc_ex.o
                0x08006a30                HAL_RCCEx_GetPeriphCLKFreq
 .text.HAL_RTC_WaitForSynchro
                0x08007f14       0x3c ./Drivers/STM32H5xx_HAL_Driver/Src/stm32h5xx_hal_rtc.o
                0x08007f14                HAL_RTC_WaitForSynchro
 .text.RTC_EnterInitMode
                0x08007f50       0x50 ./Drivers/STM32H5xx_HAL_Driver/Src/stm32h5xx_hal_rtc.o
                0x08007f50                RTC_EnterInitMode
 .text.RTC_ExitInitMode
                0x08007fa0       0x44 ./Drivers/STM32H5xx_HAL_Driver/Src/stm32h5xx_hal_rtc.o
                0x08007fa0                RTC_ExitInitMode
 .text.HAL_RTC_Init
                0x08007fe4       0xa8 ./Drivers/STM32H5xx_HAL_Driver/Src/stm32h5xx_hal_rtc.o
                0x08007fe4                HAL_RTC_Init
 .text.HAL_RTCEx_PrivilegeModeSet
                0x0800808c       0x38 ./Drivers/STM32H5xx_HAL_Driver/Src/stm32h5xx_hal_rtc_ex.o
                0x0800808c                HAL_RTCEx_PrivilegeModeSet
 .text.SD_FindSCR.constprop.0
                0x080080c4       0xcc ./Drivers/STM32H5xx_HAL_Driver/Src/stm32h5xx_hal_sd.o
 .text.HAL_SD_ReadBlocks_DMA
                0x08008190       0xc8 ./Drivers/STM32H5xx_HAL_Driver/Src/stm32h5xx_hal_sd.o
                0x08008190                HAL_SD_ReadBlocks_DMA
 .text.HAL_SD_WriteBlocks_DMA
                0x08008258       0xc8 ./Drivers/STM32H5xx_HAL_Driver/Src/stm32h5xx_hal_sd.o
                0x08008258                HAL_SD_WriteBlocks_DMA
 .text.HAL_SD_ErrorCallback
                0x08008320        0x2 ./Drivers/STM32H5xx_HAL_Driver/Src/stm32h5xx_hal_sd.o
                0x08008320                HAL_SD_ErrorCallback
 *fill*         0x08008322        0x2 
 .text.HAL_SD_GetCardCSD
                0x08008324      0x16c ./Drivers/STM32H5xx_HAL_Driver/Src/stm32h5xx_hal_sd.o
                0x08008324                HAL_SD_GetCardCSD
 .text.HAL_SD_InitCard
                0x08008490      0x240 ./Drivers/STM32H5xx_HAL_Driver/Src/stm32h5xx_hal_sd.o
                0x08008490                HAL_SD_InitCard
 .text.HAL_SD_GetCardStatus
                0x080086d0      0x18c ./Drivers/STM32H5xx_HAL_Driver/Src/stm32h5xx_hal_sd.o
                0x080086d0                HAL_SD_GetCardStatus
 .text.HAL_SD_ConfigWideBusOperation
                0x0800885c      0x178 ./Drivers/STM32H5xx_HAL_Driver/Src/stm32h5xx_hal_sd.o
                0x0800885c                HAL_SD_ConfigWideBusOperation
 .text.HAL_SD_GetCardState
                0x080089d4       0x28 ./Drivers/STM32H5xx_HAL_Driver/Src/stm32h5xx_hal_sd.o
                0x080089d4                HAL_SD_GetCardState
 .text.HAL_SD_Init
                0x080089fc       0xa2 ./Drivers/STM32H5xx_HAL_Driver/Src/stm32h5xx_hal_sd.o
                0x080089fc                HAL_SD_Init
 .text.HAL_SDEx_Read_DMALnkLstBufCpltCallback
                0x08008a9e        0x2 ./Drivers/STM32H5xx_HAL_Driver/Src/stm32h5xx_hal_sd.o
                0x08008a9e                HAL_SDEx_Read_DMALnkLstBufCpltCallback
 .text.HAL_SDEx_Write_DMALnkLstBufCpltCallback
                0x08008aa0        0x2 ./Drivers/STM32H5xx_HAL_Driver/Src/stm32h5xx_hal_sd.o
                0x08008aa0                HAL_SDEx_Write_DMALnkLstBufCpltCallback
 *fill*         0x08008aa2        0x2 
 .text.HAL_SD_IRQHandler
                0x08008aa4      0x22c ./Drivers/STM32H5xx_HAL_Driver/Src/stm32h5xx_hal_sd.o
                0x08008aa4                HAL_SD_IRQHandler
 .text.SPI_CloseTransfer
                0x08008cd0       0xac ./Drivers/STM32H5xx_HAL_Driver/Src/stm32h5xx_hal_spi.o
 .text.HAL_SPI_Init
                0x08008d7c      0x1a0 ./Drivers/STM32H5xx_HAL_Driver/Src/stm32h5xx_hal_spi.o
                0x08008d7c                HAL_SPI_Init
 .text.HAL_SPI_Transmit
                0x08008f1c      0x264 ./Drivers/STM32H5xx_HAL_Driver/Src/stm32h5xx_hal_spi.o
                0x08008f1c                HAL_SPI_Transmit
 .text.HAL_SPI_TransmitReceive
                0x08009180      0x394 ./Drivers/STM32H5xx_HAL_Driver/Src/stm32h5xx_hal_spi.o
                0x08009180                HAL_SPI_TransmitReceive
 .text.TIM_OC1_SetConfig
                0x08009514       0xa4 ./Drivers/STM32H5xx_HAL_Driver/Src/stm32h5xx_hal_tim.o
 .text.TIM_OC3_SetConfig
                0x080095b8       0xac ./Drivers/STM32H5xx_HAL_Driver/Src/stm32h5xx_hal_tim.o
 .text.TIM_OC4_SetConfig
                0x08009664       0xac ./Drivers/STM32H5xx_HAL_Driver/Src/stm32h5xx_hal_tim.o
 .text.TIM_OC5_SetConfig
                0x08009710       0x98 ./Drivers/STM32H5xx_HAL_Driver/Src/stm32h5xx_hal_tim.o
 .text.TIM_OC6_SetConfig
                0x080097a8       0x98 ./Drivers/STM32H5xx_HAL_Driver/Src/stm32h5xx_hal_tim.o
 .text.HAL_TIM_Base_Start_IT
                0x08009840       0xc8 ./Drivers/STM32H5xx_HAL_Driver/Src/stm32h5xx_hal_tim.o
                0x08009840                HAL_TIM_Base_Start_IT
 .text.HAL_TIM_PWM_MspInit
                0x08009908        0x2 ./Drivers/STM32H5xx_HAL_Driver/Src/stm32h5xx_hal_tim.o
                0x08009908                HAL_TIM_PWM_MspInit
 .text.HAL_TIM_OC_DelayElapsedCallback
                0x0800990a        0x2 ./Drivers/STM32H5xx_HAL_Driver/Src/stm32h5xx_hal_tim.o
                0x0800990a                HAL_TIM_OC_DelayElapsedCallback
 .text.HAL_TIM_IC_CaptureCallback
                0x0800990c        0x2 ./Drivers/STM32H5xx_HAL_Driver/Src/stm32h5xx_hal_tim.o
                0x0800990c                HAL_TIM_IC_CaptureCallback
 .text.HAL_TIM_PWM_PulseFinishedCallback
                0x0800990e        0x2 ./Drivers/STM32H5xx_HAL_Driver/Src/stm32h5xx_hal_tim.o
                0x0800990e                HAL_TIM_PWM_PulseFinishedCallback
 .text.HAL_TIM_TriggerCallback
                0x08009910        0x2 ./Drivers/STM32H5xx_HAL_Driver/Src/stm32h5xx_hal_tim.o
                0x08009910                HAL_TIM_TriggerCallback
 .text.HAL_TIM_IRQHandler
                0x08009912      0x19e ./Drivers/STM32H5xx_HAL_Driver/Src/stm32h5xx_hal_tim.o
                0x08009912                HAL_TIM_IRQHandler
 .text.TIM_Base_SetConfig
                0x08009ab0      0x158 ./Drivers/STM32H5xx_HAL_Driver/Src/stm32h5xx_hal_tim.o
                0x08009ab0                TIM_Base_SetConfig
 .text.HAL_TIM_Base_Init
                0x08009c08       0x60 ./Drivers/STM32H5xx_HAL_Driver/Src/stm32h5xx_hal_tim.o
                0x08009c08                HAL_TIM_Base_Init
 .text.HAL_TIM_PWM_Init
                0x08009c68       0x60 ./Drivers/STM32H5xx_HAL_Driver/Src/stm32h5xx_hal_tim.o
                0x08009c68                HAL_TIM_PWM_Init
 .text.TIM_OC2_SetConfig
                0x08009cc8       0xac ./Drivers/STM32H5xx_HAL_Driver/Src/stm32h5xx_hal_tim.o
                0x08009cc8                TIM_OC2_SetConfig
 .text.HAL_TIM_PWM_ConfigChannel
                0x08009d74       0xf8 ./Drivers/STM32H5xx_HAL_Driver/Src/stm32h5xx_hal_tim.o
                0x08009d74                HAL_TIM_PWM_ConfigChannel
 .text.TIM_ETR_SetConfig
                0x08009e6c       0x14 ./Drivers/STM32H5xx_HAL_Driver/Src/stm32h5xx_hal_tim.o
                0x08009e6c                TIM_ETR_SetConfig
 .text.HAL_TIM_ConfigClockSource
                0x08009e80      0x198 ./Drivers/STM32H5xx_HAL_Driver/Src/stm32h5xx_hal_tim.o
                0x08009e80                HAL_TIM_ConfigClockSource
 .text.TIM_CCxChannelCmd
                0x0800a018       0x1c ./Drivers/STM32H5xx_HAL_Driver/Src/stm32h5xx_hal_tim.o
                0x0800a018                TIM_CCxChannelCmd
 .text.HAL_TIM_OC_Start
                0x0800a034      0x190 ./Drivers/STM32H5xx_HAL_Driver/Src/stm32h5xx_hal_tim.o
                0x0800a034                HAL_TIM_OC_Start
 .text.HAL_TIM_PWM_Start
                0x0800a1c4        0x4 ./Drivers/STM32H5xx_HAL_Driver/Src/stm32h5xx_hal_tim.o
                0x0800a1c4                HAL_TIM_PWM_Start
 .text.HAL_TIMEx_MasterConfigSynchronization
                0x0800a1c8       0xf0 ./Drivers/STM32H5xx_HAL_Driver/Src/stm32h5xx_hal_tim_ex.o
                0x0800a1c8                HAL_TIMEx_MasterConfigSynchronization
 .text.HAL_TIMEx_CommutCallback
                0x0800a2b8        0x2 ./Drivers/STM32H5xx_HAL_Driver/Src/stm32h5xx_hal_tim_ex.o
                0x0800a2b8                HAL_TIMEx_CommutCallback
 .text.HAL_TIMEx_BreakCallback
                0x0800a2ba        0x2 ./Drivers/STM32H5xx_HAL_Driver/Src/stm32h5xx_hal_tim_ex.o
                0x0800a2ba                HAL_TIMEx_BreakCallback
 .text.HAL_TIMEx_Break2Callback
                0x0800a2bc        0x2 ./Drivers/STM32H5xx_HAL_Driver/Src/stm32h5xx_hal_tim_ex.o
                0x0800a2bc                HAL_TIMEx_Break2Callback
 .text.HAL_TIMEx_EncoderIndexCallback
                0x0800a2be        0x2 ./Drivers/STM32H5xx_HAL_Driver/Src/stm32h5xx_hal_tim_ex.o
                0x0800a2be                HAL_TIMEx_EncoderIndexCallback
 .text.HAL_TIMEx_DirectionChangeCallback
                0x0800a2c0        0x2 ./Drivers/STM32H5xx_HAL_Driver/Src/stm32h5xx_hal_tim_ex.o
                0x0800a2c0                HAL_TIMEx_DirectionChangeCallback
 .text.HAL_TIMEx_IndexErrorCallback
                0x0800a2c2        0x2 ./Drivers/STM32H5xx_HAL_Driver/Src/stm32h5xx_hal_tim_ex.o
                0x0800a2c2                HAL_TIMEx_IndexErrorCallback
 .text.HAL_TIMEx_TransitionErrorCallback
                0x0800a2c4        0x2 ./Drivers/STM32H5xx_HAL_Driver/Src/stm32h5xx_hal_tim_ex.o
                0x0800a2c4                HAL_TIMEx_TransitionErrorCallback
 *fill*         0x0800a2c6        0x2 
 .text.UART_EndRxTransfer
                0x0800a2c8       0x58 ./Drivers/STM32H5xx_HAL_Driver/Src/stm32h5xx_hal_uart.o
 .text.UART_SetConfig
                0x0800a320      0x208 ./Drivers/STM32H5xx_HAL_Driver/Src/stm32h5xx_hal_uart.o
                0x0800a320                UART_SetConfig
 .text.UART_AdvFeatureConfig
                0x0800a528       0xaa ./Drivers/STM32H5xx_HAL_Driver/Src/stm32h5xx_hal_uart.o
                0x0800a528                UART_AdvFeatureConfig
 .text.UART_WaitOnFlagUntilTimeout
                0x0800a5d2       0x90 ./Drivers/STM32H5xx_HAL_Driver/Src/stm32h5xx_hal_uart.o
                0x0800a5d2                UART_WaitOnFlagUntilTimeout
 .text.HAL_UART_Transmit
                0x0800a662       0xba ./Drivers/STM32H5xx_HAL_Driver/Src/stm32h5xx_hal_uart.o
                0x0800a662                HAL_UART_Transmit
 .text.UART_CheckIdleState
                0x0800a71c       0xb6 ./Drivers/STM32H5xx_HAL_Driver/Src/stm32h5xx_hal_uart.o
                0x0800a71c                UART_CheckIdleState
 .text.HAL_UART_Init
                0x0800a7d2       0x60 ./Drivers/STM32H5xx_HAL_Driver/Src/stm32h5xx_hal_uart.o
                0x0800a7d2                HAL_UART_Init
 *fill*         0x0800a832        0x2 
 .text.UARTEx_SetNbDataToProcess
                0x0800a834       0x44 ./Drivers/STM32H5xx_HAL_Driver/Src/stm32h5xx_hal_uart_ex.o
 .text.HAL_UARTEx_EnableFifoMode
                0x0800a878       0x40 ./Drivers/STM32H5xx_HAL_Driver/Src/stm32h5xx_hal_uart_ex.o
                0x0800a878                HAL_UARTEx_EnableFifoMode
 .text.HAL_UARTEx_DisableFifoMode
                0x0800a8b8       0x36 ./Drivers/STM32H5xx_HAL_Driver/Src/stm32h5xx_hal_uart_ex.o
                0x0800a8b8                HAL_UARTEx_DisableFifoMode
 .text.HAL_UARTEx_SetTxFifoThreshold
                0x0800a8ee       0x40 ./Drivers/STM32H5xx_HAL_Driver/Src/stm32h5xx_hal_uart_ex.o
                0x0800a8ee                HAL_UARTEx_SetTxFifoThreshold
 .text.HAL_UARTEx_SetRxFifoThreshold
                0x0800a92e       0x40 ./Drivers/STM32H5xx_HAL_Driver/Src/stm32h5xx_hal_uart_ex.o
                0x0800a92e                HAL_UARTEx_SetRxFifoThreshold
 *fill*         0x0800a96e        0x2 
 .text.SDMMC_Init
                0x0800a970       0x34 ./Drivers/STM32H5xx_HAL_Driver/Src/stm32h5xx_ll_sdmmc.o
                0x0800a970                SDMMC_Init
 .text.SDMMC_ReadFIFO
                0x0800a9a4        0x6 ./Drivers/STM32H5xx_HAL_Driver/Src/stm32h5xx_ll_sdmmc.o
                0x0800a9a4                SDMMC_ReadFIFO
 .text.SDMMC_WriteFIFO
                0x0800a9aa        0xa ./Drivers/STM32H5xx_HAL_Driver/Src/stm32h5xx_ll_sdmmc.o
                0x0800a9aa                SDMMC_WriteFIFO
 .text.SDMMC_PowerState_ON
                0x0800a9b4        0xc ./Drivers/STM32H5xx_HAL_Driver/Src/stm32h5xx_ll_sdmmc.o
                0x0800a9b4                SDMMC_PowerState_ON
 .text.SDMMC_GetPowerState
                0x0800a9c0        0x8 ./Drivers/STM32H5xx_HAL_Driver/Src/stm32h5xx_ll_sdmmc.o
                0x0800a9c0                SDMMC_GetPowerState
 .text.SDMMC_SendCommand
                0x0800a9c8       0x28 ./Drivers/STM32H5xx_HAL_Driver/Src/stm32h5xx_ll_sdmmc.o
                0x0800a9c8                SDMMC_SendCommand
 .text.SDMMC_GetResponse
                0x0800a9f0        0x6 ./Drivers/STM32H5xx_HAL_Driver/Src/stm32h5xx_ll_sdmmc.o
                0x0800a9f0                SDMMC_GetResponse
 .text.SDMMC_ConfigData
                0x0800a9f6       0x26 ./Drivers/STM32H5xx_HAL_Driver/Src/stm32h5xx_ll_sdmmc.o
                0x0800a9f6                SDMMC_ConfigData
 .text.SDMMC_CmdGoIdleState
                0x0800aa1c       0x50 ./Drivers/STM32H5xx_HAL_Driver/Src/stm32h5xx_ll_sdmmc.o
                0x0800aa1c                SDMMC_CmdGoIdleState
 .text.SDMMC_GetCmdResp1
                0x0800aa6c      0x124 ./Drivers/STM32H5xx_HAL_Driver/Src/stm32h5xx_ll_sdmmc.o
                0x0800aa6c                SDMMC_GetCmdResp1
 .text.SDMMC_CmdBlockLength
                0x0800ab90       0x34 ./Drivers/STM32H5xx_HAL_Driver/Src/stm32h5xx_ll_sdmmc.o
                0x0800ab90                SDMMC_CmdBlockLength
 .text.SDMMC_CmdReadSingleBlock
                0x0800abc4       0x34 ./Drivers/STM32H5xx_HAL_Driver/Src/stm32h5xx_ll_sdmmc.o
                0x0800abc4                SDMMC_CmdReadSingleBlock
 .text.SDMMC_CmdReadMultiBlock
                0x0800abf8       0x34 ./Drivers/STM32H5xx_HAL_Driver/Src/stm32h5xx_ll_sdmmc.o
                0x0800abf8                SDMMC_CmdReadMultiBlock
 .text.SDMMC_CmdWriteSingleBlock
                0x0800ac2c       0x34 ./Drivers/STM32H5xx_HAL_Driver/Src/stm32h5xx_ll_sdmmc.o
                0x0800ac2c                SDMMC_CmdWriteSingleBlock
 .text.SDMMC_CmdWriteMultiBlock
                0x0800ac60       0x34 ./Drivers/STM32H5xx_HAL_Driver/Src/stm32h5xx_ll_sdmmc.o
                0x0800ac60                SDMMC_CmdWriteMultiBlock
 .text.SDMMC_CmdStopTransfer
                0x0800ac94       0x54 ./Drivers/STM32H5xx_HAL_Driver/Src/stm32h5xx_ll_sdmmc.o
                0x0800ac94                SDMMC_CmdStopTransfer
 .text.SDMMC_CmdSelDesel
                0x0800ace8       0x34 ./Drivers/STM32H5xx_HAL_Driver/Src/stm32h5xx_ll_sdmmc.o
                0x0800ace8                SDMMC_CmdSelDesel
 .text.SDMMC_CmdAppCommand
                0x0800ad1c       0x34 ./Drivers/STM32H5xx_HAL_Driver/Src/stm32h5xx_ll_sdmmc.o
                0x0800ad1c                SDMMC_CmdAppCommand
 .text.SDMMC_CmdBusWidth
                0x0800ad50       0x34 ./Drivers/STM32H5xx_HAL_Driver/Src/stm32h5xx_ll_sdmmc.o
                0x0800ad50                SDMMC_CmdBusWidth
 .text.SDMMC_CmdSendSCR
                0x0800ad84       0x34 ./Drivers/STM32H5xx_HAL_Driver/Src/stm32h5xx_ll_sdmmc.o
                0x0800ad84                SDMMC_CmdSendSCR
 .text.SDMMC_CmdSendStatus
                0x0800adb8       0x34 ./Drivers/STM32H5xx_HAL_Driver/Src/stm32h5xx_ll_sdmmc.o
                0x0800adb8                SDMMC_CmdSendStatus
 .text.SDMMC_CmdStatusRegister
                0x0800adec       0x34 ./Drivers/STM32H5xx_HAL_Driver/Src/stm32h5xx_ll_sdmmc.o
                0x0800adec                SDMMC_CmdStatusRegister
 .text.SDMMC_GetCmdResp2
                0x0800ae20       0x50 ./Drivers/STM32H5xx_HAL_Driver/Src/stm32h5xx_ll_sdmmc.o
                0x0800ae20                SDMMC_GetCmdResp2
 .text.SDMMC_CmdSendCID
                0x0800ae70       0x2e ./Drivers/STM32H5xx_HAL_Driver/Src/stm32h5xx_ll_sdmmc.o
                0x0800ae70                SDMMC_CmdSendCID
 .text.SDMMC_CmdSendCSD
                0x0800ae9e       0x2e ./Drivers/STM32H5xx_HAL_Driver/Src/stm32h5xx_ll_sdmmc.o
                0x0800ae9e                SDMMC_CmdSendCSD
 .text.SDMMC_GetCmdResp3
                0x0800aecc       0x48 ./Drivers/STM32H5xx_HAL_Driver/Src/stm32h5xx_ll_sdmmc.o
                0x0800aecc                SDMMC_GetCmdResp3
 .text.SDMMC_CmdAppOperCommand
                0x0800af14       0x2e ./Drivers/STM32H5xx_HAL_Driver/Src/stm32h5xx_ll_sdmmc.o
                0x0800af14                SDMMC_CmdAppOperCommand
 *fill*         0x0800af42        0x2 
 .text.SDMMC_GetCmdResp6
                0x0800af44       0x84 ./Drivers/STM32H5xx_HAL_Driver/Src/stm32h5xx_ll_sdmmc.o
                0x0800af44                SDMMC_GetCmdResp6
 .text.SDMMC_CmdSetRelAdd
                0x0800afc8       0x34 ./Drivers/STM32H5xx_HAL_Driver/Src/stm32h5xx_ll_sdmmc.o
                0x0800afc8                SDMMC_CmdSetRelAdd
 .text.SDMMC_GetCmdResp7
                0x0800affc       0x54 ./Drivers/STM32H5xx_HAL_Driver/Src/stm32h5xx_ll_sdmmc.o
                0x0800affc                SDMMC_GetCmdResp7
 .text.SDMMC_CmdOperCond
                0x0800b050       0x32 ./Drivers/STM32H5xx_HAL_Driver/Src/stm32h5xx_ll_sdmmc.o
                0x0800b050                SDMMC_CmdOperCond
 *fill*         0x0800b082        0x2 
 .text.MX_FileX_Init
                0x0800b084       0x18 ./FileX/App/app_filex.o
                0x0800b084                MX_FileX_Init
 .text.fx_stm32_sd_get_status
                0x0800b09c       0x14 ./FileX/Target/fx_stm32_sd_driver_glue.o
                0x0800b09c                fx_stm32_sd_get_status
 .text.fx_stm32_sd_read_blocks
                0x0800b0b0       0x20 ./FileX/Target/fx_stm32_sd_driver_glue.o
                0x0800b0b0                fx_stm32_sd_read_blocks
 .text.fx_stm32_sd_write_blocks
                0x0800b0d0       0x20 ./FileX/Target/fx_stm32_sd_driver_glue.o
                0x0800b0d0                fx_stm32_sd_write_blocks
 .text.HAL_SD_TxCpltCallback
                0x0800b0f0        0xc ./FileX/Target/fx_stm32_sd_driver_glue.o
                0x0800b0f0                HAL_SD_TxCpltCallback
 .text.HAL_SD_RxCpltCallback
                0x0800b0fc        0xc ./FileX/Target/fx_stm32_sd_driver_glue.o
                0x0800b0fc                HAL_SD_RxCpltCallback
 .text.check_sd_status.constprop.0
                0x0800b108       0x26 ./Middlewares/ST/filex/common/drivers/fx_stm32_sd_driver.o
 *fill*         0x0800b12e        0x2 
 .text.sd_write_data.isra.0
                0x0800b130       0xac ./Middlewares/ST/filex/common/drivers/fx_stm32_sd_driver.o
 .text.sd_read_data.isra.0
                0x0800b1dc       0xb0 ./Middlewares/ST/filex/common/drivers/fx_stm32_sd_driver.o
 .text.fx_stm32_sd_driver
                0x0800b28c       0xe4 ./Middlewares/ST/filex/common/drivers/fx_stm32_sd_driver.o
                0x0800b28c                fx_stm32_sd_driver
 .text._fx_directory_entry_read
                0x0800b370      0x47e ./Middlewares/ST/filex/common/src/fx_directory_entry_read.o
                0x0800b370                _fx_directory_entry_read
 .text._fx_directory_entry_write
                0x0800b7ee      0x6b0 ./Middlewares/ST/filex/common/src/fx_directory_entry_write.o
                0x0800b7ee                _fx_directory_entry_write
 *fill*         0x0800be9e        0x2 
 .text._fx_directory_free_search
                0x0800bea0      0x438 ./Middlewares/ST/filex/common/src/fx_directory_free_search.o
                0x0800bea0                _fx_directory_free_search
 .text._fx_directory_name_extract
                0x0800c2d8       0x5c ./Middlewares/ST/filex/common/src/fx_directory_name_extract.o
                0x0800c2d8                _fx_directory_name_extract
 .text._fx_directory_search
                0x0800c334      0x4be ./Middlewares/ST/filex/common/src/fx_directory_search.o
                0x0800c334                _fx_directory_search
 *fill*         0x0800c7f2        0x2 
 .text._fx_file_create
                0x0800c7f4       0xe8 ./Middlewares/ST/filex/common/src/fx_file_create.o
                0x0800c7f4                _fx_file_create
 .text._fx_file_delete
                0x0800c8dc       0xf4 ./Middlewares/ST/filex/common/src/fx_file_delete.o
                0x0800c8dc                _fx_file_delete
 .text._fx_file_extended_seek
                0x0800c9d0      0x188 ./Middlewares/ST/filex/common/src/fx_file_extended_seek.o
                0x0800c9d0                _fx_file_extended_seek
 .text._fx_file_open
                0x0800cb58      0x324 ./Middlewares/ST/filex/common/src/fx_file_open.o
                0x0800cb58                _fx_file_open
 .text._fx_file_seek
                0x0800ce7c        0x8 ./Middlewares/ST/filex/common/src/fx_file_seek.o
                0x0800ce7c                _fx_file_seek
 .text._fx_file_write
                0x0800ce84      0x480 ./Middlewares/ST/filex/common/src/fx_file_write.o
                0x0800ce84                _fx_file_write
 .text._fx_media_boot_info_extract
                0x0800d304       0xae ./Middlewares/ST/filex/common/src/fx_media_boot_info_extract.o
                0x0800d304                _fx_media_boot_info_extract
 *fill*         0x0800d3b2        0x2 
 .text._fx_media_flush
                0x0800d3b4      0x198 ./Middlewares/ST/filex/common/src/fx_media_flush.o
                0x0800d3b4                _fx_media_flush
 *fill*         0x0800d54c        0x4 
 .text._fx_media_open
                0x0800d550      0x528 ./Middlewares/ST/filex/common/src/fx_media_open.o
                0x0800d550                _fx_media_open
 .text._fx_utility_partition_get
                0x0800da78       0x64 ./Middlewares/ST/filex/common/src/fx_partition_offset_calculate.o
                0x0800da78                _fx_utility_partition_get
 .text._fx_partition_offset_calculate
                0x0800dadc       0xbc ./Middlewares/ST/filex/common/src/fx_partition_offset_calculate.o
                0x0800dadc                _fx_partition_offset_calculate
 .text._fx_system_initialize
                0x0800db98       0x7c ./Middlewares/ST/filex/common/src/fx_system_initialize.o
                0x0800db98                _fx_system_initialize
 .text._fx_utility_16_unsigned_read
                0x0800dc14        0x4 ./Middlewares/ST/filex/common/src/fx_utility_16_unsigned_read.o
                0x0800dc14                _fx_utility_16_unsigned_read
 .text._fx_utility_16_unsigned_write
                0x0800dc18        0x8 ./Middlewares/ST/filex/common/src/fx_utility_16_unsigned_write.o
                0x0800dc18                _fx_utility_16_unsigned_write
 .text._fx_utility_32_unsigned_read
                0x0800dc20        0x4 ./Middlewares/ST/filex/common/src/fx_utility_32_unsigned_read.o
                0x0800dc20                _fx_utility_32_unsigned_read
 .text._fx_utility_32_unsigned_write
                0x0800dc24       0x10 ./Middlewares/ST/filex/common/src/fx_utility_32_unsigned_write.o
                0x0800dc24                _fx_utility_32_unsigned_write
 .text._fx_utility_FAT_entry_read
                0x0800dc34      0x278 ./Middlewares/ST/filex/common/src/fx_utility_FAT_entry_read.o
                0x0800dc34                _fx_utility_FAT_entry_read
 .text._fx_utility_FAT_entry_write
                0x0800deac       0xe6 ./Middlewares/ST/filex/common/src/fx_utility_FAT_entry_write.o
                0x0800deac                _fx_utility_FAT_entry_write
 .text._fx_utility_FAT_flush
                0x0800df92      0x2a6 ./Middlewares/ST/filex/common/src/fx_utility_FAT_flush.o
                0x0800df92                _fx_utility_FAT_flush
 .text._fx_utility_FAT_map_flush
                0x0800e238       0xcc ./Middlewares/ST/filex/common/src/fx_utility_FAT_map_flush.o
                0x0800e238                _fx_utility_FAT_map_flush
 .text._fx_utility_logical_sector_cache_entry_read
                0x0800e304      0x2d4 ./Middlewares/ST/filex/common/src/fx_utility_logical_sector_cache_entry_read.o
                0x0800e304                _fx_utility_logical_sector_cache_entry_read
 .text._fx_utility_logical_sector_flush
                0x0800e5d8      0x2c0 ./Middlewares/ST/filex/common/src/fx_utility_logical_sector_flush.o
                0x0800e5d8                _fx_utility_logical_sector_flush
 .text._fx_utility_logical_sector_read
                0x0800e898      0x2bc ./Middlewares/ST/filex/common/src/fx_utility_logical_sector_read.o
                0x0800e898                _fx_utility_logical_sector_read
 .text._fx_utility_logical_sector_write
                0x0800eb54      0x174 ./Middlewares/ST/filex/common/src/fx_utility_logical_sector_write.o
                0x0800eb54                _fx_utility_logical_sector_write
 .text._fx_utility_memory_copy
                0x0800ecc8        0xa ./Middlewares/ST/filex/common/src/fx_utility_memory_copy.o
                0x0800ecc8                _fx_utility_memory_copy
 .text._fxe_file_create
                0x0800ecd2        0xa ./Middlewares/ST/filex/common/src/fxe_file_create.o
                0x0800ecd2                _fxe_file_create
 .text._fxe_file_delete
                0x0800ecdc        0xa ./Middlewares/ST/filex/common/src/fxe_file_delete.o
                0x0800ecdc                _fxe_file_delete
 *fill*         0x0800ece6        0x2 
 .text._fxe_file_open
                0x0800ece8       0x40 ./Middlewares/ST/filex/common/src/fxe_file_open.o
                0x0800ece8                _fxe_file_open
 .text._fxe_file_seek
                0x0800ed28        0xa ./Middlewares/ST/filex/common/src/fxe_file_seek.o
                0x0800ed28                _fxe_file_seek
 .text._fxe_file_write
                0x0800ed32        0xc ./Middlewares/ST/filex/common/src/fxe_file_write.o
                0x0800ed32                _fxe_file_write
 .text._fxe_media_flush
                0x0800ed3e        0xa ./Middlewares/ST/filex/common/src/fxe_media_flush.o
                0x0800ed3e                _fxe_media_flush
 .text._fxe_media_open
                0x0800ed48       0x74 ./Middlewares/ST/filex/common/src/fxe_media_open.o
                0x0800ed48                _fxe_media_open
 .text._strtol_l.isra.0
                0x0800edbc       0xf4 C:/ST/STM32CubeIDE_1.19.0/STM32CubeIDE/plugins/com.st.stm32cube.ide.mcu.externaltools.gnu-tools-for-stm32.13.3.rel1.win32_1.0.0.202411081344/tools/bin/../lib/gcc/arm-none-eabi/13.3.1/../../../../arm-none-eabi/lib/thumb/v8-m.main+fp/hard\libc_nano.a(libc_a-strtol.o)
 .text.strtol   0x0800eeb0       0x14 C:/ST/STM32CubeIDE_1.19.0/STM32CubeIDE/plugins/com.st.stm32cube.ide.mcu.externaltools.gnu-tools-for-stm32.13.3.rel1.win32_1.0.0.202411081344/tools/bin/../lib/gcc/arm-none-eabi/13.3.1/../../../../arm-none-eabi/lib/thumb/v8-m.main+fp/hard\libc_nano.a(libc_a-strtol.o)
                0x0800eeb0                strtol
 .text._strtoul_l.isra.0
                0x0800eec4       0xdc C:/ST/STM32CubeIDE_1.19.0/STM32CubeIDE/plugins/com.st.stm32cube.ide.mcu.externaltools.gnu-tools-for-stm32.13.3.rel1.win32_1.0.0.202411081344/tools/bin/../lib/gcc/arm-none-eabi/13.3.1/../../../../arm-none-eabi/lib/thumb/v8-m.main+fp/hard\libc_nano.a(libc_a-strtoul.o)
 .text.strtoul  0x0800efa0       0x14 C:/ST/STM32CubeIDE_1.19.0/STM32CubeIDE/plugins/com.st.stm32cube.ide.mcu.externaltools.gnu-tools-for-stm32.13.3.rel1.win32_1.0.0.202411081344/tools/bin/../lib/gcc/arm-none-eabi/13.3.1/../../../../arm-none-eabi/lib/thumb/v8-m.main+fp/hard\libc_nano.a(libc_a-strtoul.o)
                0x0800efa0                strtoul
 .text.__cvt    0x0800efb4       0xca C:/ST/STM32CubeIDE_1.19.0/STM32CubeIDE/plugins/com.st.stm32cube.ide.mcu.externaltools.gnu-tools-for-stm32.13.3.rel1.win32_1.0.0.202411081344/tools/bin/../lib/gcc/arm-none-eabi/13.3.1/../../../../arm-none-eabi/lib/thumb/v8-m.main+fp/hard\libc_nano.a(libc_a-nano-vfprintf_float.o)
                0x0800efb4                __cvt
 .text.__exponent
                0x0800f07e       0x72 C:/ST/STM32CubeIDE_1.19.0/STM32CubeIDE/plugins/com.st.stm32cube.ide.mcu.externaltools.gnu-tools-for-stm32.13.3.rel1.win32_1.0.0.202411081344/tools/bin/../lib/gcc/arm-none-eabi/13.3.1/../../../../arm-none-eabi/lib/thumb/v8-m.main+fp/hard\libc_nano.a(libc_a-nano-vfprintf_float.o)
                0x0800f07e                __exponent
 .text._printf_float
                0x0800f0f0      0x454 C:/ST/STM32CubeIDE_1.19.0/STM32CubeIDE/plugins/com.st.stm32cube.ide.mcu.externaltools.gnu-tools-for-stm32.13.3.rel1.win32_1.0.0.202411081344/tools/bin/../lib/gcc/arm-none-eabi/13.3.1/../../../../arm-none-eabi/lib/thumb/v8-m.main+fp/hard\libc_nano.a(libc_a-nano-vfprintf_float.o)
                0x0800f0f0                _printf_float
 .text._printf_common
                0x0800f544       0xe4 C:/ST/STM32CubeIDE_1.19.0/STM32CubeIDE/plugins/com.st.stm32cube.ide.mcu.externaltools.gnu-tools-for-stm32.13.3.rel1.win32_1.0.0.202411081344/tools/bin/../lib/gcc/arm-none-eabi/13.3.1/../../../../arm-none-eabi/lib/thumb/v8-m.main+fp/hard\libc_nano.a(libc_a-nano-vfprintf_i.o)
                0x0800f544                _printf_common
 .text._printf_i
                0x0800f628      0x23c C:/ST/STM32CubeIDE_1.19.0/STM32CubeIDE/plugins/com.st.stm32cube.ide.mcu.externaltools.gnu-tools-for-stm32.13.3.rel1.win32_1.0.0.202411081344/tools/bin/../lib/gcc/arm-none-eabi/13.3.1/../../../../arm-none-eabi/lib/thumb/v8-m.main+fp/hard\libc_nano.a(libc_a-nano-vfprintf_i.o)
                0x0800f628                _printf_i
 .text.std      0x0800f864       0x6c C:/ST/STM32CubeIDE_1.19.0/STM32CubeIDE/plugins/com.st.stm32cube.ide.mcu.externaltools.gnu-tools-for-stm32.13.3.rel1.win32_1.0.0.202411081344/tools/bin/../lib/gcc/arm-none-eabi/13.3.1/../../../../arm-none-eabi/lib/thumb/v8-m.main+fp/hard\libc_nano.a(libc_a-findfp.o)
 .text.stdio_exit_handler
                0x0800f8d0       0x18 C:/ST/STM32CubeIDE_1.19.0/STM32CubeIDE/plugins/com.st.stm32cube.ide.mcu.externaltools.gnu-tools-for-stm32.13.3.rel1.win32_1.0.0.202411081344/tools/bin/../lib/gcc/arm-none-eabi/13.3.1/../../../../arm-none-eabi/lib/thumb/v8-m.main+fp/hard\libc_nano.a(libc_a-findfp.o)
 .text.cleanup_stdio
                0x0800f8e8       0x40 C:/ST/STM32CubeIDE_1.19.0/STM32CubeIDE/plugins/com.st.stm32cube.ide.mcu.externaltools.gnu-tools-for-stm32.13.3.rel1.win32_1.0.0.202411081344/tools/bin/../lib/gcc/arm-none-eabi/13.3.1/../../../../arm-none-eabi/lib/thumb/v8-m.main+fp/hard\libc_nano.a(libc_a-findfp.o)
 .text.global_stdio_init.part.0
                0x0800f928       0x3c C:/ST/STM32CubeIDE_1.19.0/STM32CubeIDE/plugins/com.st.stm32cube.ide.mcu.externaltools.gnu-tools-for-stm32.13.3.rel1.win32_1.0.0.202411081344/tools/bin/../lib/gcc/arm-none-eabi/13.3.1/../../../../arm-none-eabi/lib/thumb/v8-m.main+fp/hard\libc_nano.a(libc_a-findfp.o)
 .text.__sfp_lock_acquire
                0x0800f964        0xc C:/ST/STM32CubeIDE_1.19.0/STM32CubeIDE/plugins/com.st.stm32cube.ide.mcu.externaltools.gnu-tools-for-stm32.13.3.rel1.win32_1.0.0.202411081344/tools/bin/../lib/gcc/arm-none-eabi/13.3.1/../../../../arm-none-eabi/lib/thumb/v8-m.main+fp/hard\libc_nano.a(libc_a-findfp.o)
                0x0800f964                __sfp_lock_acquire
 .text.__sfp_lock_release
                0x0800f970        0xc C:/ST/STM32CubeIDE_1.19.0/STM32CubeIDE/plugins/com.st.stm32cube.ide.mcu.externaltools.gnu-tools-for-stm32.13.3.rel1.win32_1.0.0.202411081344/tools/bin/../lib/gcc/arm-none-eabi/13.3.1/../../../../arm-none-eabi/lib/thumb/v8-m.main+fp/hard\libc_nano.a(libc_a-findfp.o)
                0x0800f970                __sfp_lock_release
 .text.__sinit  0x0800f97c       0x30 C:/ST/STM32CubeIDE_1.19.0/STM32CubeIDE/plugins/com.st.stm32cube.ide.mcu.externaltools.gnu-tools-for-stm32.13.3.rel1.win32_1.0.0.202411081344/tools/bin/../lib/gcc/arm-none-eabi/13.3.1/../../../../arm-none-eabi/lib/thumb/v8-m.main+fp/hard\libc_nano.a(libc_a-findfp.o)
                0x0800f97c                __sinit
 .text._fwalk_sglue
                0x0800f9ac       0x3c C:/ST/STM32CubeIDE_1.19.0/STM32CubeIDE/plugins/com.st.stm32cube.ide.mcu.externaltools.gnu-tools-for-stm32.13.3.rel1.win32_1.0.0.202411081344/tools/bin/../lib/gcc/arm-none-eabi/13.3.1/../../../../arm-none-eabi/lib/thumb/v8-m.main+fp/hard\libc_nano.a(libc_a-fwalk.o)
                0x0800f9ac                _fwalk_sglue
 .text.snprintf
                0x0800f9e8       0x6c C:/ST/STM32CubeIDE_1.19.0/STM32CubeIDE/plugins/com.st.stm32cube.ide.mcu.externaltools.gnu-tools-for-stm32.13.3.rel1.win32_1.0.0.202411081344/tools/bin/../lib/gcc/arm-none-eabi/13.3.1/../../../../arm-none-eabi/lib/thumb/v8-m.main+fp/hard\libc_nano.a(libc_a-snprintf.o)
                0x0800f9e8                sniprintf
                0x0800f9e8                snprintf
 .text.__sread  0x0800fa54       0x22 C:/ST/STM32CubeIDE_1.19.0/STM32CubeIDE/plugins/com.st.stm32cube.ide.mcu.externaltools.gnu-tools-for-stm32.13.3.rel1.win32_1.0.0.202411081344/tools/bin/../lib/gcc/arm-none-eabi/13.3.1/../../../../arm-none-eabi/lib/thumb/v8-m.main+fp/hard\libc_nano.a(libc_a-stdio.o)
                0x0800fa54                __sread
 .text.__swrite
                0x0800fa76       0x38 C:/ST/STM32CubeIDE_1.19.0/STM32CubeIDE/plugins/com.st.stm32cube.ide.mcu.externaltools.gnu-tools-for-stm32.13.3.rel1.win32_1.0.0.202411081344/tools/bin/../lib/gcc/arm-none-eabi/13.3.1/../../../../arm-none-eabi/lib/thumb/v8-m.main+fp/hard\libc_nano.a(libc_a-stdio.o)
                0x0800fa76                __swrite
 .text.__sseek  0x0800faae       0x24 C:/ST/STM32CubeIDE_1.19.0/STM32CubeIDE/plugins/com.st.stm32cube.ide.mcu.externaltools.gnu-tools-for-stm32.13.3.rel1.win32_1.0.0.202411081344/tools/bin/../lib/gcc/arm-none-eabi/13.3.1/../../../../arm-none-eabi/lib/thumb/v8-m.main+fp/hard\libc_nano.a(libc_a-stdio.o)
                0x0800faae                __sseek
 .text.__sclose
                0x0800fad2        0x8 C:/ST/STM32CubeIDE_1.19.0/STM32CubeIDE/plugins/com.st.stm32cube.ide.mcu.externaltools.gnu-tools-for-stm32.13.3.rel1.win32_1.0.0.202411081344/tools/bin/../lib/gcc/arm-none-eabi/13.3.1/../../../../arm-none-eabi/lib/thumb/v8-m.main+fp/hard\libc_nano.a(libc_a-stdio.o)
                0x0800fad2                __sclose
 .text._vsnprintf_r
                0x0800fada       0x5c C:/ST/STM32CubeIDE_1.19.0/STM32CubeIDE/plugins/com.st.stm32cube.ide.mcu.externaltools.gnu-tools-for-stm32.13.3.rel1.win32_1.0.0.202411081344/tools/bin/../lib/gcc/arm-none-eabi/13.3.1/../../../../arm-none-eabi/lib/thumb/v8-m.main+fp/hard\libc_nano.a(libc_a-vsnprintf.o)
                0x0800fada                _vsniprintf_r
                0x0800fada                _vsnprintf_r
 *fill*         0x0800fb36        0x2 
 .text.vsnprintf
                0x0800fb38       0x1c C:/ST/STM32CubeIDE_1.19.0/STM32CubeIDE/plugins/com.st.stm32cube.ide.mcu.externaltools.gnu-tools-for-stm32.13.3.rel1.win32_1.0.0.202411081344/tools/bin/../lib/gcc/arm-none-eabi/13.3.1/../../../../arm-none-eabi/lib/thumb/v8-m.main+fp/hard\libc_nano.a(libc_a-vsnprintf.o)
                0x0800fb38                vsniprintf
                0x0800fb38                vsnprintf